Archive member included to satisfy reference by file (symbol)

/Users/hilarye/Documents/gcc-arm-none-eabi-5_4-2016q2/bin/../lib/gcc/arm-none-eabi/5.4.1/../../../../arm-none-eabi/lib/armv7e-m/libg_nano.a(lib_a-memcpy-stub.o)
                              ./src/audioMP3.o (memcpy)
/Users/hilarye/Documents/gcc-arm-none-eabi-5_4-2016q2/bin/../lib/gcc/arm-none-eabi/5.4.1/../../../../arm-none-eabi/lib/armv7e-m/libg_nano.a(lib_a-memmove.o)
                              ./src/audioMP3.o (memmove)
/Users/hilarye/Documents/gcc-arm-none-eabi-5_4-2016q2/bin/../lib/gcc/arm-none-eabi/5.4.1/../../../../arm-none-eabi/lib/armv7e-m/libg_nano.a(lib_a-sprintf.o)
                              ./src/audioMP3.o (sprintf)
/Users/hilarye/Documents/gcc-arm-none-eabi-5_4-2016q2/bin/../lib/gcc/arm-none-eabi/5.4.1/../../../../arm-none-eabi/lib/armv7e-m/libg_nano.a(lib_a-strcmp.o)
                              ./src/audioMP3.o (strcmp)
/Users/hilarye/Documents/gcc-arm-none-eabi-5_4-2016q2/bin/../lib/gcc/arm-none-eabi/5.4.1/../../../../arm-none-eabi/lib/armv7e-m/libg_nano.a(lib_a-strncmp.o)
                              ./src/audioMP3.o (strncmp)
/Users/hilarye/Documents/gcc-arm-none-eabi-5_4-2016q2/bin/../lib/gcc/arm-none-eabi/5.4.1/../../../../arm-none-eabi/lib/armv7e-m/libg_nano.a(lib_a-strrchr.o)
                              ./src/audioMP3.o (strrchr)
/Users/hilarye/Documents/gcc-arm-none-eabi-5_4-2016q2/bin/../lib/gcc/arm-none-eabi/5.4.1/../../../../arm-none-eabi/lib/armv7e-m/libg_nano.a(lib_a-impure.o)
                              /Users/hilarye/Documents/gcc-arm-none-eabi-5_4-2016q2/bin/../lib/gcc/arm-none-eabi/5.4.1/../../../../arm-none-eabi/lib/armv7e-m/libg_nano.a(lib_a-sprintf.o) (_impure_ptr)
/Users/hilarye/Documents/gcc-arm-none-eabi-5_4-2016q2/bin/../lib/gcc/arm-none-eabi/5.4.1/../../../../arm-none-eabi/lib/armv7e-m/libg_nano.a(lib_a-nano-svfprintf.o)
                              /Users/hilarye/Documents/gcc-arm-none-eabi-5_4-2016q2/bin/../lib/gcc/arm-none-eabi/5.4.1/../../../../arm-none-eabi/lib/armv7e-m/libg_nano.a(lib_a-sprintf.o) (_svfprintf_r)
/Users/hilarye/Documents/gcc-arm-none-eabi-5_4-2016q2/bin/../lib/gcc/arm-none-eabi/5.4.1/../../../../arm-none-eabi/lib/armv7e-m/libg_nano.a(lib_a-nano-vfprintf_i.o)
                              /Users/hilarye/Documents/gcc-arm-none-eabi-5_4-2016q2/bin/../lib/gcc/arm-none-eabi/5.4.1/../../../../arm-none-eabi/lib/armv7e-m/libg_nano.a(lib_a-nano-svfprintf.o) (_printf_i)
/Users/hilarye/Documents/gcc-arm-none-eabi-5_4-2016q2/bin/../lib/gcc/arm-none-eabi/5.4.1/../../../../arm-none-eabi/lib/armv7e-m/libg_nano.a(lib_a-strchr.o)
                              /Users/hilarye/Documents/gcc-arm-none-eabi-5_4-2016q2/bin/../lib/gcc/arm-none-eabi/5.4.1/../../../../arm-none-eabi/lib/armv7e-m/libg_nano.a(lib_a-strrchr.o) (strchr)
/Users/hilarye/Documents/gcc-arm-none-eabi-5_4-2016q2/bin/../lib/gcc/arm-none-eabi/5.4.1/../../../../arm-none-eabi/lib/armv7e-m/libg_nano.a(lib_a-memchr.o)
                              /Users/hilarye/Documents/gcc-arm-none-eabi-5_4-2016q2/bin/../lib/gcc/arm-none-eabi/5.4.1/../../../../arm-none-eabi/lib/armv7e-m/libg_nano.a(lib_a-nano-svfprintf.o) (memchr)
/Users/hilarye/Documents/gcc-arm-none-eabi-5_4-2016q2/bin/../lib/gcc/arm-none-eabi/5.4.1/../../../../arm-none-eabi/lib/armv7e-m/libg_nano.a(lib_a-nano-freer.o)
                              /Users/hilarye/Documents/gcc-arm-none-eabi-5_4-2016q2/bin/../lib/gcc/arm-none-eabi/5.4.1/../../../../arm-none-eabi/lib/armv7e-m/libg_nano.a(lib_a-nano-svfprintf.o) (_free_r)
/Users/hilarye/Documents/gcc-arm-none-eabi-5_4-2016q2/bin/../lib/gcc/arm-none-eabi/5.4.1/../../../../arm-none-eabi/lib/armv7e-m/libg_nano.a(lib_a-nano-mallocr.o)
                              /Users/hilarye/Documents/gcc-arm-none-eabi-5_4-2016q2/bin/../lib/gcc/arm-none-eabi/5.4.1/../../../../arm-none-eabi/lib/armv7e-m/libg_nano.a(lib_a-nano-svfprintf.o) (_malloc_r)
/Users/hilarye/Documents/gcc-arm-none-eabi-5_4-2016q2/bin/../lib/gcc/arm-none-eabi/5.4.1/../../../../arm-none-eabi/lib/armv7e-m/libg_nano.a(lib_a-nano-reallocr.o)
                              /Users/hilarye/Documents/gcc-arm-none-eabi-5_4-2016q2/bin/../lib/gcc/arm-none-eabi/5.4.1/../../../../arm-none-eabi/lib/armv7e-m/libg_nano.a(lib_a-nano-svfprintf.o) (_realloc_r)
/Users/hilarye/Documents/gcc-arm-none-eabi-5_4-2016q2/bin/../lib/gcc/arm-none-eabi/5.4.1/../../../../arm-none-eabi/lib/armv7e-m/libg_nano.a(lib_a-mlock.o)
                              /Users/hilarye/Documents/gcc-arm-none-eabi-5_4-2016q2/bin/../lib/gcc/arm-none-eabi/5.4.1/../../../../arm-none-eabi/lib/armv7e-m/libg_nano.a(lib_a-nano-freer.o) (__malloc_lock)
/Users/hilarye/Documents/gcc-arm-none-eabi-5_4-2016q2/bin/../lib/gcc/arm-none-eabi/5.4.1/../../../../arm-none-eabi/lib/armv7e-m/libg_nano.a(lib_a-nano-msizer.o)
                              /Users/hilarye/Documents/gcc-arm-none-eabi-5_4-2016q2/bin/../lib/gcc/arm-none-eabi/5.4.1/../../../../arm-none-eabi/lib/armv7e-m/libg_nano.a(lib_a-nano-reallocr.o) (_malloc_usable_size_r)

[...]
Memory Configuration

Name             Origin             Length             Attributes
RAM              0x0000000020000000 0x0000000000020000 xrw
CCMRAM           0x0000000010000000 0x0000000000010000 xrw
FLASH            0x0000000008000000 0x0000000000100000 xr
FLASHB1          0x0000000000000000 0x0000000000000000 xr
EXTMEMB0         0x0000000000000000 0x0000000000000000 xr
EXTMEMB1         0x0000000000000000 0x0000000000000000 xr
EXTMEMB2         0x0000000000000000 0x0000000000000000 xr
EXTMEMB3         0x0000000000000000 0x0000000000000000 xr
MEMORY_ARRAY     0x0000000020002000 0x0000000000000020 xrw
*default*        0x0000000000000000 0xffffffffffffffff

Linker script and memory map

LOAD ./src/Audio.o
LOAD ./src/audioMP3.o
LOAD ./src/main.o
LOAD ./src/stm32f4xx_it.o
LOAD ./src/syscalls.o
LOAD ./src/system_stm32f4xx.o
LOAD ./src/timeKeeping.o
LOAD ./src/usb_bsp.o
LOAD ./src/usbh_usr.o
LOAD ./helix/real/bitstream.o
LOAD ./helix/real/buffers.o
LOAD ./helix/real/dct32.o
LOAD ./helix/real/dequant.o
LOAD ./helix/real/dqchan.o
LOAD ./helix/real/huffman.o
LOAD ./helix/real/hufftabs.o
LOAD ./helix/real/imdct.o
LOAD ./helix/real/polyphase.o
LOAD ./helix/real/scalfact.o
LOAD ./helix/real/stproc.o
LOAD ./helix/real/subband.o
LOAD ./helix/real/trigtabs_fixpt.o
LOAD ./helix/mp3dec.o
LOAD ./helix/mp3tabs.o
LOAD ./fat_fs/src/fattime.o
LOAD ./fat_fs/src/ff.o
LOAD ./cmsis_boot/startup_stm32f4xx.o
LOAD ./STM32_USB_OTG_Driver/src/usb_core.o
LOAD ./STM32_USB_OTG_Driver/src/usb_hcd.o
LOAD ./STM32_USB_OTG_Driver/src/usb_hcd_int.o
LOAD ./STM32_USB_HOST_Library/Core/src/usbh_core.o
LOAD ./STM32_USB_HOST_Library/Core/src/usbh_hcs.o
LOAD ./STM32_USB_HOST_Library/Core/src/usbh_ioreq.o
LOAD ./STM32_USB_HOST_Library/Core/src/usbh_stdreq.o
LOAD ./STM32_USB_HOST_Library/Class/MSC/src/usbh_msc_bot.o
LOAD ./STM32_USB_HOST_Library/Class/MSC/src/usbh_msc_core.o
LOAD ./STM32_USB_HOST_Library/Class/MSC/src/usbh_msc_fatfs.o
LOAD ./STM32_USB_HOST_Library/Class/MSC/src/usbh_msc_scsi.o
LOAD ./STM32F4xx_StdPeriph_Driver/src/misc.o
LOAD ./STM32F4xx_StdPeriph_Driver/src/stm32f4xx_adc.o
LOAD ./STM32F4xx_StdPeriph_Driver/src/stm32f4xx_dac.o
LOAD ./STM32F4xx_StdPeriph_Driver/src/stm32f4xx_dma.o
LOAD ./STM32F4xx_StdPeriph_Driver/src/stm32f4xx_exti.o
LOAD ./STM32F4xx_StdPeriph_Driver/src/stm32f4xx_gpio.o
LOAD ./STM32F4xx_StdPeriph_Driver/src/stm32f4xx_i2c.o
LOAD ./STM32F4xx_StdPeriph_Driver/src/stm32f4xx_pwr.o
LOAD ./STM32F4xx_StdPeriph_Driver/src/stm32f4xx_rcc.o
LOAD ./STM32F4xx_StdPeriph_Driver/src/stm32f4xx_rtc.o
LOAD ./STM32F4xx_StdPeriph_Driver/src/stm32f4xx_spi.o
LOAD ./STM32F4xx_StdPeriph_Driver/src/stm32f4xx_syscfg.o
LOAD ./STM32F4xx_StdPeriph_Driver/src/stm32f4xx_tim.o
LOAD ./STM32F4xx_StdPeriph_Driver/src/stm32f4xx_usart.o
LOAD ./STM32F4-Discovery/stm32f4_discovery.o
LOAD ./STM32F4-Discovery/stm32f4_discovery_lis302dl.o
LOAD /Users/hilarye/Documents/gcc-arm-none-eabi-5_4-2016q2/bin/../lib/gcc/arm-none-eabi/5.4.1/../../../../arm-none-eabi/lib/armv7e-m/libstdc++_nano.a
LOAD /Users/hilarye/Documents/gcc-arm-none-eabi-5_4-2016q2/bin/../lib/gcc/arm-none-eabi/5.4.1/../../../../arm-none-eabi/lib/armv7e-m/libm.a
START GROUP
LOAD /Users/hilarye/Documents/gcc-arm-none-eabi-5_4-2016q2/bin/../lib/gcc/arm-none-eabi/5.4.1/armv7e-m/libgcc.a
LOAD /Users/hilarye/Documents/gcc-arm-none-eabi-5_4-2016q2/bin/../lib/gcc/arm-none-eabi/5.4.1/../../../../arm-none-eabi/lib/armv7e-m/libg_nano.a
LOAD /Users/hilarye/Documents/gcc-arm-none-eabi-5_4-2016q2/bin/../lib/gcc/arm-none-eabi/5.4.1/../../../../arm-none-eabi/lib/armv7e-m/libc_nano.a
END GROUP
START GROUP
LOAD /Users/hilarye/Documents/gcc-arm-none-eabi-5_4-2016q2/bin/../lib/gcc/arm-none-eabi/5.4.1/armv7e-m/libgcc.a
LOAD /Users/hilarye/Documents/gcc-arm-none-eabi-5_4-2016q2/bin/../lib/gcc/arm-none-eabi/5.4.1/../../../../arm-none-eabi/lib/armv7e-m/libc_nano.a
END GROUP
                0x0000000020020000                __stack = (ORIGIN (RAM) + LENGTH (RAM))
                0x0000000020020000                _estack = __stack
                0x0000000000000400                __Main_Stack_Size = 0x400
                [!provide]                        PROVIDE (_Main_Stack_Size, __Main_Stack_Size)
                0x000000002001fc00                __Main_Stack_Limit = (__stack - __Main_Stack_Size)
                [!provide]                        PROVIDE (_Main_Stack_Limit, __Main_Stack_Limit)
                0x0000000000000100                _Minimum_Stack_Size = 0x100
                [!provide]                        PROVIDE (_Heap_Begin, _end_noinit)
                [!provide]                        PROVIDE (_Heap_Limit, (__stack - __Main_Stack_Size))

.isr_vector     0x0000000008000000      0x188
 FILL mask 0xff
                0x0000000008000000                __vectors_start = ABSOLUTE (.)
                0x0000000008000000                __vectors_start__ = ABSOLUTE (.)
 *(.isr_vector)
 .isr_vector    0x0000000008000000      0x188 ./cmsis_boot/startup_stm32f4xx.o
                0x0000000008000000                g_pfnVectors
 *(.cfmconfig)
 *(.after_vectors .after_vectors.*)

.inits          0x0000000008000188       0x28
                0x0000000008000188                __data_regions_array_start = .
                0x0000000008000188        0x4 LONG 0x8015d60 LOADADDR (.data)
                0x000000000800018c        0x4 LONG 0x20000000 ADDR (.data)
                0x0000000008000190        0x4 LONG 0x200000e0 (ADDR (.data) + SIZEOF (.data))
                0x0000000008000194        0x4 LONG 0x8015d60 LOADADDR (.data_CCMRAM)
                0x0000000008000198        0x4 LONG 0x10000000 ADDR (.data_CCMRAM)
                0x000000000800019c        0x4 LONG 0x10000000 (ADDR (.data_CCMRAM) + SIZEOF (.data_CCMRAM))
                0x00000000080001a0                __data_regions_array_end = .
                0x00000000080001a0                __bss_regions_array_start = .
                0x00000000080001a0        0x4 LONG 0x200008e0 ADDR (.bss)
                0x00000000080001a4        0x4 LONG 0x2001819c (ADDR (.bss) + SIZEOF (.bss))
                0x00000000080001a8        0x4 LONG 0x10000000 ADDR (.bss_CCMRAM)
                0x00000000080001ac        0x4 LONG 0x10000000 (ADDR (.bss_CCMRAM) + SIZEOF (.bss_CCMRAM))
                0x00000000080001b0                __bss_regions_array_end = .
 *(.init)
 *(.fini)
                0x00000000080001b0                . = ALIGN (0x4)
                [!provide]                        PROVIDE (__preinit_array_start, .)
 *(.preinit_array_sysinit .preinit_array_sysinit.*)
 *(.preinit_array_platform .preinit_array_platform.*)
 *(.preinit_array .preinit_array.*)
                [!provide]                        PROVIDE (__preinit_array_end, .)
                0x00000000080001b0                . = ALIGN (0x4)
                [!provide]                        PROVIDE (__init_array_start, .)
 *(SORT(.init_array.*))
 *(.init_array)
                [!provide]                        PROVIDE (__init_array_end, .)
                0x00000000080001b0                . = ALIGN (0x4)
                [!provide]                        PROVIDE (__fini_array_start, .)
 *(SORT(.fini_array.*))
 *(.fini_array)
                [!provide]                        PROVIDE (__fini_array_end, .)

.flashtext
 *(.flashtext .flashtext.*)

.text           0x00000000080001b0    0x15bad
 *(.text .text.*)
 .text.InitializeAudio
                0x00000000080001b0      0x270 ./src/Audio.o
                0x00000000080001b0                InitializeAudio
 .text.SetAudioVolume
                0x0000000008000420       0x14 ./src/Audio.o
                0x0000000008000420                SetAudioVolume
 .text.PlayAudioWithCallback
                0x0000000008000434       0x4c ./src/Audio.o
                0x0000000008000434                PlayAudioWithCallback
 .text.StopAudio
                0x0000000008000480       0x18 ./src/Audio.o
                0x0000000008000480                StopAudio
 .text.ProvideAudioBuffer
                0x0000000008000498       0x2c ./src/Audio.o
                0x0000000008000498                ProvideAudioBuffer
 .text.ProvideAudioBufferWithoutBlocking
                0x00000000080004c4       0x7c ./src/Audio.o
                0x00000000080004c4                ProvideAudioBufferWithoutBlocking
 .text.StartAudioDMAAndRequestBuffers
                0x0000000008000540       0xa8 ./src/Audio.o
 .text.StopAudioDMA
                0x00000000080005e8       0x34 ./src/Audio.o
 .text.DMA1_Stream5_IRQHandler
                0x000000000800061c       0x34 ./src/Audio.o
                0x000000000800061c                DMA1_Stream5_IRQHandler
 .text.I2C_start
                0x0000000008000650       0x88 ./src/Audio.o
                0x0000000008000650                I2C_start
 .text.I2C_write
                0x00000000080006d8       0x34 ./src/Audio.o
                0x00000000080006d8                I2C_write
 .text.I2C_stop
                0x000000000800070c       0x18 ./src/Audio.o
                0x000000000800070c                I2C_stop
 .text.WriteRegister
                0x0000000008000724       0x40 ./src/Audio.o
 .text.NVIC_SetPriority
                0x0000000008000764       0x54 ./src/audioMP3.o
 .text.SysTick_Config
                0x00000000080007b8       0x44 ./src/audioMP3.o
 .text.audioToMp3
                0x00000000080007fc       0xec ./src/audioMP3.o
                0x00000000080007fc                audioToMp3
 .text.get_filename_ext
                0x00000000080008e8       0x34 ./src/audioMP3.o
                0x00000000080008e8                get_filename_ext
 .text.play_directory
                0x000000000800091c       0xe4 ./src/audioMP3.o
 .text.fill_mp3_buffer
                0x0000000008000a00      0x250 ./src/audioMP3.o
 .text.play_mp3
                0x0000000008000c50      0x158 ./src/audioMP3.o
 .text.AudioCallback
                0x0000000008000da8      0x15c ./src/audioMP3.o
 .text.TimingDelay_Decrement
                0x0000000008000f04       0x30 ./src/audioMP3.o
                0x0000000008000f04                TimingDelay_Decrement
 .text._init    0x0000000008000f34        0xc ./src/audioMP3.o
                0x0000000008000f34                _init
 .text.Mp3ReadId3V2Text
                0x0000000008000f40       0xe4 ./src/audioMP3.o
 .text.Mp3ReadId3V2Tag
                0x0000000008001024      0x288 ./src/audioMP3.o
 .text.main     0x00000000080012ac       0x50 ./src/main.o
                0x00000000080012ac                main
 .text.TIM5_IRQHandler
                0x00000000080012fc      0x1b0 ./src/main.o
                0x00000000080012fc                TIM5_IRQHandler
 .text.RTC_Alarm_IRQHandler
                0x00000000080014ac       0x38 ./src/main.o
                0x00000000080014ac                RTC_Alarm_IRQHandler
 .text.display7Seg
                0x00000000080014e4       0x24 ./src/main.o
                0x00000000080014e4                display7Seg
 .text.setTime  0x0000000008001508        0xc ./src/main.o
                0x0000000008001508                setTime
 .text.setAlarm
                0x0000000008001514        0xc ./src/main.o
                0x0000000008001514                setAlarm
 .text.snooze   0x0000000008001520        0xc ./src/main.o
                0x0000000008001520                snooze
 .text.getCurrentTime
                0x000000000800152c       0x14 ./src/main.o
                0x000000000800152c                getCurrentTime
 .text.set24Hour
                0x0000000008001540        0xc ./src/main.o
                0x0000000008001540                set24Hour
 .text.buttonControls
                0x000000000800154c       0x4c ./src/main.o
                0x000000000800154c                buttonControls
 .text.configuration
                0x0000000008001598      0x2f0 ./src/main.o
                0x0000000008001598                configuration
 .text.NMI_Handler
                0x0000000008001888        0xc ./src/stm32f4xx_it.o
                0x0000000008001888                NMI_Handler
 .text.HardFault_Handler
                0x0000000008001894        0x8 ./src/stm32f4xx_it.o
                0x0000000008001894                HardFault_Handler
 .text.MemManage_Handler
                0x000000000800189c        0x8 ./src/stm32f4xx_it.o
                0x000000000800189c                MemManage_Handler
 .text.BusFault_Handler
                0x00000000080018a4        0x8 ./src/stm32f4xx_it.o
                0x00000000080018a4                BusFault_Handler
 .text.UsageFault_Handler
                0x00000000080018ac        0x8 ./src/stm32f4xx_it.o
                0x00000000080018ac                UsageFault_Handler
 .text.SVC_Handler
                0x00000000080018b4        0xc ./src/stm32f4xx_it.o
                0x00000000080018b4                SVC_Handler
 .text.DebugMon_Handler
                0x00000000080018c0        0xc ./src/stm32f4xx_it.o
                0x00000000080018c0                DebugMon_Handler
 .text.PendSV_Handler
                0x00000000080018cc        0xc ./src/stm32f4xx_it.o
                0x00000000080018cc                PendSV_Handler
 .text.SysTick_Handler
                0x00000000080018d8        0xc ./src/stm32f4xx_it.o
                0x00000000080018d8                SysTick_Handler
 .text.EXTI1_IRQHandler
                0x00000000080018e4       0x10 ./src/stm32f4xx_it.o
                0x00000000080018e4                EXTI1_IRQHandler
 .text.EXTI0_IRQHandler
                0x00000000080018f4       0x10 ./src/stm32f4xx_it.o
                0x00000000080018f4                EXTI0_IRQHandler
 .text.TIM2_IRQHandler
                0x0000000008001904        0xc ./src/stm32f4xx_it.o
                0x0000000008001904                TIM2_IRQHandler
 .text.OTG_FS_IRQHandler
                0x0000000008001910       0x14 ./src/stm32f4xx_it.o
                0x0000000008001910                OTG_FS_IRQHandler
 .text._sbrk_r  0x0000000008001924       0x54 ./src/syscalls.o
                0x0000000008001924                _sbrk_r
 .text.SystemInit
                0x0000000008001978       0x5c ./src/system_stm32f4xx.o
                0x0000000008001978                SystemInit
 .text.SetSysClock
                0x00000000080019d4       0xf4 ./src/system_stm32f4xx.o
 .text.USB_OTG_BSP_Init
                0x0000000008001ac8       0x9c ./src/usb_bsp.o
                0x0000000008001ac8                USB_OTG_BSP_Init
 .text.USB_OTG_BSP_EnableInterrupt
                0x0000000008001b64       0x4c ./src/usb_bsp.o
                0x0000000008001b64                USB_OTG_BSP_EnableInterrupt
 .text.USB_OTG_BSP_DriveVBUS
                0x0000000008001bb0       0x30 ./src/usb_bsp.o
                0x0000000008001bb0                USB_OTG_BSP_DriveVBUS
 .text.USB_OTG_BSP_ConfigVBUS
                0x0000000008001be0       0x4c ./src/usb_bsp.o
                0x0000000008001be0                USB_OTG_BSP_ConfigVBUS
 .text.USB_OTG_BSP_TimeInit
                0x0000000008001c2c       0x40 ./src/usb_bsp.o
 .text.USB_OTG_BSP_uDelay
                0x0000000008001c6c       0x18 ./src/usb_bsp.o
                0x0000000008001c6c                USB_OTG_BSP_uDelay
 .text.USB_OTG_BSP_mDelay
                0x0000000008001c84       0x18 ./src/usb_bsp.o
                0x0000000008001c84                USB_OTG_BSP_mDelay
 .text.USB_OTG_BSP_TimerIRQ
                0x0000000008001c9c       0x44 ./src/usb_bsp.o
                0x0000000008001c9c                USB_OTG_BSP_TimerIRQ
 .text.BSP_Delay
                0x0000000008001ce0       0x3c ./src/usb_bsp.o
 .text.BSP_SetTime
                0x0000000008001d1c       0x84 ./src/usb_bsp.o
 .text.USBH_USR_Init
                0x0000000008001da0        0xc ./src/usbh_usr.o
                0x0000000008001da0                USBH_USR_Init
 .text.USBH_USR_DeviceAttached
                0x0000000008001dac       0x18 ./src/usbh_usr.o
                0x0000000008001dac                USBH_USR_DeviceAttached
 .text.USBH_USR_UnrecoveredError
                0x0000000008001dc4        0xc ./src/usbh_usr.o
                0x0000000008001dc4                USBH_USR_UnrecoveredError
 .text.USBH_USR_DeviceDisconnected
                0x0000000008001dd0       0x2c ./src/usbh_usr.o
                0x0000000008001dd0                USBH_USR_DeviceDisconnected
 .text.USBH_USR_ResetDevice
                0x0000000008001dfc        0xc ./src/usbh_usr.o
                0x0000000008001dfc                USBH_USR_ResetDevice
 .text.USBH_USR_DeviceSpeedDetected
                0x0000000008001e08       0x14 ./src/usbh_usr.o
                0x0000000008001e08                USBH_USR_DeviceSpeedDetected
 .text.USBH_USR_Device_DescAvailable
                0x0000000008001e1c       0x14 ./src/usbh_usr.o
                0x0000000008001e1c                USBH_USR_Device_DescAvailable
 .text.USBH_USR_DeviceAddressAssigned
                0x0000000008001e30        0xc ./src/usbh_usr.o
                0x0000000008001e30                USBH_USR_DeviceAddressAssigned
 .text.USBH_USR_Configuration_DescAvailable
                0x0000000008001e3c       0x18 ./src/usbh_usr.o
                0x0000000008001e3c                USBH_USR_Configuration_DescAvailable
 .text.USBH_USR_Manufacturer_String
                0x0000000008001e54       0x14 ./src/usbh_usr.o
                0x0000000008001e54                USBH_USR_Manufacturer_String
 .text.USBH_USR_Product_String
                0x0000000008001e68       0x14 ./src/usbh_usr.o
                0x0000000008001e68                USBH_USR_Product_String
 .text.USBH_USR_SerialNum_String
                0x0000000008001e7c       0x14 ./src/usbh_usr.o
                0x0000000008001e7c                USBH_USR_SerialNum_String
 .text.USBH_USR_EnumerationDone
                0x0000000008001e90       0x14 ./src/usbh_usr.o
                0x0000000008001e90                USBH_USR_EnumerationDone
 .text.USBH_USR_DeviceNotSupported
                0x0000000008001ea4        0xc ./src/usbh_usr.o
                0x0000000008001ea4                USBH_USR_DeviceNotSupported
 .text.USBH_USR_UserInput
                0x0000000008001eb0       0x10 ./src/usbh_usr.o
                0x0000000008001eb0                USBH_USR_UserInput
 .text.USBH_USR_OverCurrentDetected
                0x0000000008001ec0        0xc ./src/usbh_usr.o
                0x0000000008001ec0                USBH_USR_OverCurrentDetected
 .text.USBH_USR_MSC_Application
                0x0000000008001ecc       0x40 ./src/usbh_usr.o
                0x0000000008001ecc                USBH_USR_MSC_Application
 .text.USBH_USR_DeInit
                0x0000000008001f0c        0xc ./src/usbh_usr.o
                0x0000000008001f0c                USBH_USR_DeInit
 .text.xmp3fixpt_SetBitstreamPointer
                0x0000000008001f18       0x30 ./helix/real/bitstream.o
                0x0000000008001f18                xmp3fixpt_SetBitstreamPointer
 .text.RefillBitstreamCache
                0x0000000008001f48       0xe0 ./helix/real/bitstream.o
 .text.xmp3fixpt_GetBits
                0x0000000008002028       0x90 ./helix/real/bitstream.o
                0x0000000008002028                xmp3fixpt_GetBits
 .text.xmp3fixpt_CalcBitsUsed
                0x00000000080020b8       0x38 ./helix/real/bitstream.o
                0x00000000080020b8                xmp3fixpt_CalcBitsUsed
 .text.xmp3fixpt_CheckPadBit
                0x00000000080020f0       0x3c ./helix/real/bitstream.o
                0x00000000080020f0                xmp3fixpt_CheckPadBit
 .text.xmp3fixpt_UnpackFrameHeader
                0x000000000800212c      0x304 ./helix/real/bitstream.o
                0x000000000800212c                xmp3fixpt_UnpackFrameHeader
 .text.xmp3fixpt_UnpackSideInfo
                0x0000000008002430      0x33c ./helix/real/bitstream.o
                0x0000000008002430                xmp3fixpt_UnpackSideInfo
 .text.ClearBuffer
                0x000000000800276c       0x38 ./helix/real/buffers.o
 .text.xmp3fixpt_AllocateBuffers
                0x00000000080027a4       0xf4 ./helix/real/buffers.o
                0x00000000080027a4                xmp3fixpt_AllocateBuffers
 .text.xmp3fixpt_FreeBuffers
                0x0000000008002898       0x14 ./helix/real/buffers.o
                0x0000000008002898                xmp3fixpt_FreeBuffers
 .text.MULSHIFT32
                0x00000000080028ac       0x24 ./helix/real/dct32.o
 .text.xmp3fixpt_FDCT32
                0x00000000080028d0      0xe6c ./helix/real/dct32.o
                0x00000000080028d0                xmp3fixpt_FDCT32
 .text.CLZ      0x000000000800373c       0x1c ./helix/real/dequant.o
 .text.xmp3fixpt_Dequantize
                0x0000000008003758      0x384 ./helix/real/dequant.o
                0x0000000008003758                xmp3fixpt_Dequantize
 .text.MULSHIFT32
                0x0000000008003adc       0x24 ./helix/real/dqchan.o
 .text.CLZ      0x0000000008003b00       0x1c ./helix/real/dqchan.o
 .text.DequantBlock
                0x0000000008003b1c      0x264 ./helix/real/dqchan.o
 .text.xmp3fixpt_DequantChannel
                0x0000000008003d80      0x360 ./helix/real/dqchan.o
                0x0000000008003d80                xmp3fixpt_DequantChannel
 .text.DecodeHuffmanPairs
                0x00000000080040e0      0x5d4 ./helix/real/huffman.o
 .text.DecodeHuffmanQuads
                0x00000000080046b4      0x278 ./helix/real/huffman.o
 .text.xmp3fixpt_DecodeHuffman
                0x000000000800492c      0x2d8 ./helix/real/huffman.o
                0x000000000800492c                xmp3fixpt_DecodeHuffman
 .text.MULSHIFT32
                0x0000000008004c04       0x24 ./helix/real/imdct.o
 .text.FASTABS  0x0000000008004c28       0x2c ./helix/real/imdct.o
 .text.CLZ      0x0000000008004c54       0x1c ./helix/real/imdct.o
 .text.AntiAlias
                0x0000000008004c70      0x360 ./helix/real/imdct.o
 .text.WinPrevious
                0x0000000008004fd0      0x2cc ./helix/real/imdct.o
 .text.FreqInvertRescale
                0x000000000800529c      0x34c ./helix/real/imdct.o
 .text.idct9    0x00000000080055e8      0x2dc ./helix/real/imdct.o
 .text.IMDCT36  0x00000000080058c4      0x470 ./helix/real/imdct.o
 .text.imdct12  0x0000000008005d34      0x198 ./helix/real/imdct.o
 .text.IMDCT12x3
                0x0000000008005ecc      0x430 ./helix/real/imdct.o
 .text.HybridTransform
                0x00000000080062fc      0x240 ./helix/real/imdct.o
 .text.xmp3fixpt_IMDCT
                0x000000000800653c      0x2a8 ./helix/real/imdct.o
                0x000000000800653c                xmp3fixpt_IMDCT
 .text.MADD64   0x00000000080067e4       0x38 ./helix/real/polyphase.o
 .text.SAR64    0x000000000800681c       0x40 ./helix/real/polyphase.o
 .text.ClipToShort
                0x000000000800685c       0x40 ./helix/real/polyphase.o
 .text.xmp3fixpt_PolyphaseMono
                0x000000000800689c      0x784 ./helix/real/polyphase.o
                0x000000000800689c                xmp3fixpt_PolyphaseMono
 .text.xmp3fixpt_PolyphaseStereo
                0x0000000008007020      0xd0c ./helix/real/polyphase.o
                0x0000000008007020                xmp3fixpt_PolyphaseStereo
 .text.UnpackSFMPEG1
                0x0000000008007d2c      0x314 ./helix/real/scalfact.o
 .text.UnpackSFMPEG2
                0x0000000008008040      0x4a4 ./helix/real/scalfact.o
 .text.xmp3fixpt_UnpackScaleFactors
                0x00000000080084e4      0x1b4 ./helix/real/scalfact.o
                0x00000000080084e4                xmp3fixpt_UnpackScaleFactors
 .text.MULSHIFT32
                0x0000000008008698       0x24 ./helix/real/stproc.o
 .text.FASTABS  0x00000000080086bc       0x2c ./helix/real/stproc.o
 .text.xmp3fixpt_MidSideProc
                0x00000000080086e8       0xb4 ./helix/real/stproc.o
                0x00000000080086e8                xmp3fixpt_MidSideProc
 .text.xmp3fixpt_IntensityProcMPEG1
                0x000000000800879c      0x42c ./helix/real/stproc.o
                0x000000000800879c                xmp3fixpt_IntensityProcMPEG1
 .text.xmp3fixpt_IntensityProcMPEG2
                0x0000000008008bc8      0x4e0 ./helix/real/stproc.o
                0x0000000008008bc8                xmp3fixpt_IntensityProcMPEG2
 .text.xmp3fixpt_Subband
                0x00000000080090a8      0x19c ./helix/real/subband.o
                0x00000000080090a8                xmp3fixpt_Subband
 .text.MP3InitDecoder
                0x0000000008009244       0x18 ./helix/mp3dec.o
                0x0000000008009244                MP3InitDecoder
 .text.MP3FindSyncWord
                0x000000000800925c       0x50 ./helix/mp3dec.o
                0x000000000800925c                MP3FindSyncWord
 .text.MP3FindFreeSync
                0x00000000080092ac       0xa0 ./helix/mp3dec.o
 .text.MP3GetLastFrameInfo
                0x000000000800934c       0xc0 ./helix/mp3dec.o
                0x000000000800934c                MP3GetLastFrameInfo
 .text.MP3ClearBadFrame
                0x000000000800940c       0x54 ./helix/mp3dec.o
 .text.MP3Decode
                0x0000000008009460      0x434 ./helix/mp3dec.o
                0x0000000008009460                MP3Decode
 .text.get_fattime
                0x0000000008009894       0x10 ./fat_fs/src/fattime.o
                0x0000000008009894                get_fattime
 .text.mem_cpy  0x00000000080098a4       0x3c ./fat_fs/src/ff.o
 .text.mem_set  0x00000000080098e0       0x34 ./fat_fs/src/ff.o
 .text.mem_cmp  0x0000000008009914       0x50 ./fat_fs/src/ff.o
 .text.chk_chr  0x0000000008009964       0x3c ./fat_fs/src/ff.o
 .text.move_window
                0x00000000080099a0       0xb4 ./fat_fs/src/ff.o
 .text.sync     0x0000000008009a54      0x13c ./fat_fs/src/ff.o
 .text.get_fat  0x0000000008009b90      0x1e4 ./fat_fs/src/ff.o
                0x0000000008009b90                get_fat
 .text.put_fat  0x0000000008009d74      0x254 ./fat_fs/src/ff.o
                0x0000000008009d74                put_fat
 .text.remove_chain
                0x0000000008009fc8       0xa0 ./fat_fs/src/ff.o
 .text.create_chain
                0x000000000800a068      0x104 ./fat_fs/src/ff.o
 .text.clust2sect
                0x000000000800a16c       0x3c ./fat_fs/src/ff.o
                0x000000000800a16c                clust2sect
 .text.dir_seek
                0x000000000800a1a8      0x13c ./fat_fs/src/ff.o
 .text.dir_next
                0x000000000800a2e4      0x1e4 ./fat_fs/src/ff.o
 .text.dir_find
                0x000000000800a4c8       0x98 ./fat_fs/src/ff.o
 .text.dir_read
                0x000000000800a560       0x98 ./fat_fs/src/ff.o
 .text.dir_register
                0x000000000800a5f8       0xc4 ./fat_fs/src/ff.o
 .text.create_name
                0x000000000800a6bc      0x164 ./fat_fs/src/ff.o
 .text.get_fileinfo
                0x000000000800a820      0x120 ./fat_fs/src/ff.o
 .text.follow_path
                0x000000000800a940      0x110 ./fat_fs/src/ff.o
 .text.check_fs
                0x000000000800aa50       0xcc ./fat_fs/src/ff.o
 .text.chk_mounted
                0x000000000800ab1c      0x4b0 ./fat_fs/src/ff.o
                0x000000000800ab1c                chk_mounted
 .text.validate
                0x000000000800afcc       0x4c ./fat_fs/src/ff.o
 .text.f_mount  0x000000000800b018       0x54 ./fat_fs/src/ff.o
                0x000000000800b018                f_mount
 .text.f_open   0x000000000800b06c      0x2e4 ./fat_fs/src/ff.o
                0x000000000800b06c                f_open
 .text.f_read   0x000000000800b350      0x318 ./fat_fs/src/ff.o
                0x000000000800b350                f_read
 .text.f_sync   0x000000000800b668      0x170 ./fat_fs/src/ff.o
                0x000000000800b668                f_sync
 .text.f_close  0x000000000800b7d8       0x28 ./fat_fs/src/ff.o
                0x000000000800b7d8                f_close
 .text.f_lseek  0x000000000800b800      0x2f8 ./fat_fs/src/ff.o
                0x000000000800b800                f_lseek
 .text.f_opendir
                0x000000000800baf8       0xc4 ./fat_fs/src/ff.o
                0x000000000800baf8                f_opendir
 .text.f_readdir
                0x000000000800bbbc       0x90 ./fat_fs/src/ff.o
                0x000000000800bbbc                f_readdir
 .text.Default_Reset_Handler
                0x000000000800bc4c       0x60 ./cmsis_boot/startup_stm32f4xx.o
                0x000000000800bc4c                Reset_Handler
                0x000000000800bc4c                Default_Reset_Handler
 .text.Default_Handler
                0x000000000800bcac        0x8 ./cmsis_boot/startup_stm32f4xx.o
                0x000000000800bcac                DMA1_Stream3_IRQHandler
                0x000000000800bcac                EXTI2_IRQHandler
                0x000000000800bcac                TIM8_CC_IRQHandler
                0x000000000800bcac                TIM1_CC_IRQHandler
                0x000000000800bcac                DMA2_Stream5_IRQHandler
                0x000000000800bcac                PVD_IRQHandler
                0x000000000800bcac                SDIO_IRQHandler
                0x000000000800bcac                TAMP_STAMP_IRQHandler
                0x000000000800bcac                CAN2_RX1_IRQHandler
                0x000000000800bcac                EXTI3_IRQHandler
                0x000000000800bcac                TIM8_TRG_COM_TIM14_IRQHandler
                0x000000000800bcac                TIM1_UP_TIM10_IRQHandler
                0x000000000800bcac                TIM8_UP_TIM13_IRQHandler
                0x000000000800bcac                I2C3_ER_IRQHandler
                0x000000000800bcac                I2C2_EV_IRQHandler
                0x000000000800bcac                DMA1_Stream2_IRQHandler
                0x000000000800bcac                CAN1_RX0_IRQHandler
                0x000000000800bcac                FPU_IRQHandler
                0x000000000800bcac                OTG_HS_WKUP_IRQHandler
                0x000000000800bcac                CAN2_SCE_IRQHandler
                0x000000000800bcac                DMA2_Stream2_IRQHandler
                0x000000000800bcac                SPI1_IRQHandler
                0x000000000800bcac                TIM6_DAC_IRQHandler
                0x000000000800bcac                TIM1_BRK_TIM9_IRQHandler
                0x000000000800bcac                DCMI_IRQHandler
                0x000000000800bcac                CAN2_RX0_IRQHandler
                0x000000000800bcac                DMA2_Stream3_IRQHandler
                0x000000000800bcac                USART6_IRQHandler
                0x000000000800bcac                USART3_IRQHandler
                0x000000000800bcac                CRYP_IRQHandler
                0x000000000800bcac                CAN1_RX1_IRQHandler
                0x000000000800bcac                UART5_IRQHandler
                0x000000000800bcac                DMA2_Stream0_IRQHandler
                0x000000000800bcac                TIM4_IRQHandler
                0x000000000800bcac                I2C1_EV_IRQHandler
                0x000000000800bcac                DMA1_Stream6_IRQHandler
                0x000000000800bcac                DMA1_Stream1_IRQHandler
                0x000000000800bcac                UART4_IRQHandler
                0x000000000800bcac                TIM3_IRQHandler
                0x000000000800bcac                RCC_IRQHandler
                0x000000000800bcac                TIM8_BRK_TIM12_IRQHandler
                0x000000000800bcac                EXTI15_10_IRQHandler
                0x000000000800bcac                ADC_IRQHandler
                0x000000000800bcac                DMA1_Stream7_IRQHandler
                0x000000000800bcac                TIM7_IRQHandler
                0x000000000800bcac                CAN2_TX_IRQHandler
                0x000000000800bcac                DMA2_Stream7_IRQHandler
                0x000000000800bcac                I2C3_EV_IRQHandler
                0x000000000800bcac                EXTI9_5_IRQHandler
                0x000000000800bcac                RTC_WKUP_IRQHandler
                0x000000000800bcac                ETH_WKUP_IRQHandler
                0x000000000800bcac                SPI2_IRQHandler
                0x000000000800bcac                OTG_HS_EP1_IN_IRQHandler
                0x000000000800bcac                DMA1_Stream0_IRQHandler
                0x000000000800bcac                CAN1_TX_IRQHandler
                0x000000000800bcac                EXTI4_IRQHandler
                0x000000000800bcac                FSMC_IRQHandler
                0x000000000800bcac                ETH_IRQHandler
                0x000000000800bcac                OTG_HS_EP1_OUT_IRQHandler
                0x000000000800bcac                WWDG_IRQHandler
                0x000000000800bcac                OTG_FS_WKUP_IRQHandler
                0x000000000800bcac                TIM1_TRG_COM_TIM11_IRQHandler
                0x000000000800bcac                OTG_HS_IRQHandler
                0x000000000800bcac                USART2_IRQHandler
                0x000000000800bcac                I2C2_ER_IRQHandler
                0x000000000800bcac                DMA2_Stream1_IRQHandler
                0x000000000800bcac                CAN1_SCE_IRQHandler
                0x000000000800bcac                FLASH_IRQHandler
                0x000000000800bcac                DMA2_Stream4_IRQHandler
                0x000000000800bcac                USART1_IRQHandler
                0x000000000800bcac                SPI3_IRQHandler
                0x000000000800bcac                DMA1_Stream4_IRQHandler
                0x000000000800bcac                I2C1_ER_IRQHandler
                0x000000000800bcac                DMA2_Stream6_IRQHandler
                0x000000000800bcac                HASH_RNG_IRQHandler
 .text.USB_OTG_EnableCommonInt
                0x000000000800bcb4       0x44 ./STM32_USB_OTG_Driver/src/usb_core.o
 .text.USB_OTG_CoreReset
                0x000000000800bcf8       0x90 ./STM32_USB_OTG_Driver/src/usb_core.o
 .text.USB_OTG_WritePacket
                0x000000000800bd88       0x74 ./STM32_USB_OTG_Driver/src/usb_core.o
                0x000000000800bd88                USB_OTG_WritePacket
 .text.USB_OTG_ReadPacket
                0x000000000800bdfc       0x58 ./STM32_USB_OTG_Driver/src/usb_core.o
                0x000000000800bdfc                USB_OTG_ReadPacket
 .text.USB_OTG_SelectCore
                0x000000000800be54      0x174 ./STM32_USB_OTG_Driver/src/usb_core.o
                0x000000000800be54                USB_OTG_SelectCore
 .text.USB_OTG_CoreInit
                0x000000000800bfc8      0x1dc ./STM32_USB_OTG_Driver/src/usb_core.o
                0x000000000800bfc8                USB_OTG_CoreInit
 .text.USB_OTG_EnableGlobalInt
                0x000000000800c1a4       0x34 ./STM32_USB_OTG_Driver/src/usb_core.o
                0x000000000800c1a4                USB_OTG_EnableGlobalInt
 .text.USB_OTG_DisableGlobalInt
                0x000000000800c1d8       0x38 ./STM32_USB_OTG_Driver/src/usb_core.o
                0x000000000800c1d8                USB_OTG_DisableGlobalInt
 .text.USB_OTG_FlushTxFifo
                0x000000000800c210       0x74 ./STM32_USB_OTG_Driver/src/usb_core.o
                0x000000000800c210                USB_OTG_FlushTxFifo
 .text.USB_OTG_FlushRxFifo
                0x000000000800c284       0x60 ./STM32_USB_OTG_Driver/src/usb_core.o
                0x000000000800c284                USB_OTG_FlushRxFifo
 .text.USB_OTG_SetCurrentMode
                0x000000000800c2e4       0x60 ./STM32_USB_OTG_Driver/src/usb_core.o
                0x000000000800c2e4                USB_OTG_SetCurrentMode
 .text.USB_OTG_GetMode
                0x000000000800c344       0x1c ./STM32_USB_OTG_Driver/src/usb_core.o
                0x000000000800c344                USB_OTG_GetMode
 .text.USB_OTG_IsHostMode
                0x000000000800c360       0x24 ./STM32_USB_OTG_Driver/src/usb_core.o
                0x000000000800c360                USB_OTG_IsHostMode
 .text.USB_OTG_ReadCoreItr
                0x000000000800c384       0x2c ./STM32_USB_OTG_Driver/src/usb_core.o
                0x000000000800c384                USB_OTG_ReadCoreItr
 .text.USB_OTG_CoreInitHost
                0x000000000800c3b0       0xe0 ./STM32_USB_OTG_Driver/src/usb_core.o
                0x000000000800c3b0                USB_OTG_CoreInitHost
 .text.USB_OTG_IsEvenFrame
                0x000000000800c490       0x28 ./STM32_USB_OTG_Driver/src/usb_core.o
                0x000000000800c490                USB_OTG_IsEvenFrame
 .text.USB_OTG_DriveVbus
                0x000000000800c4b8       0x7c ./STM32_USB_OTG_Driver/src/usb_core.o
                0x000000000800c4b8                USB_OTG_DriveVbus
 .text.USB_OTG_EnableHostInt
                0x000000000800c534       0x80 ./STM32_USB_OTG_Driver/src/usb_core.o
                0x000000000800c534                USB_OTG_EnableHostInt
 .text.USB_OTG_InitFSLSPClkSel
                0x000000000800c5b4       0x38 ./STM32_USB_OTG_Driver/src/usb_core.o
                0x000000000800c5b4                USB_OTG_InitFSLSPClkSel
 .text.USB_OTG_ReadHPRT0
                0x000000000800c5ec       0x40 ./STM32_USB_OTG_Driver/src/usb_core.o
                0x000000000800c5ec                USB_OTG_ReadHPRT0
 .text.USB_OTG_ReadHostAllChannels_intr
                0x000000000800c62c       0x18 ./STM32_USB_OTG_Driver/src/usb_core.o
                0x000000000800c62c                USB_OTG_ReadHostAllChannels_intr
 .text.USB_OTG_ResetPort
                0x000000000800c644       0x4c ./STM32_USB_OTG_Driver/src/usb_core.o
                0x000000000800c644                USB_OTG_ResetPort
 .text.USB_OTG_HC_Init
                0x000000000800c690      0x298 ./STM32_USB_OTG_Driver/src/usb_core.o
                0x000000000800c690                USB_OTG_HC_Init
 .text.USB_OTG_HC_StartXfer
                0x000000000800c928      0x2b0 ./STM32_USB_OTG_Driver/src/usb_core.o
                0x000000000800c928                USB_OTG_HC_StartXfer
 .text.USB_OTG_HC_Halt
                0x000000000800cbd8       0x9c ./STM32_USB_OTG_Driver/src/usb_core.o
                0x000000000800cbd8                USB_OTG_HC_Halt
 .text.USB_OTG_HC_DoPing
                0x000000000800cc74       0x74 ./STM32_USB_OTG_Driver/src/usb_core.o
                0x000000000800cc74                USB_OTG_HC_DoPing
 .text.HCD_Init
                0x000000000800cce8       0x8c ./STM32_USB_OTG_Driver/src/usb_hcd.o
                0x000000000800cce8                HCD_Init
 .text.HCD_GetCurrentSpeed
                0x000000000800cd74       0x24 ./STM32_USB_OTG_Driver/src/usb_hcd.o
                0x000000000800cd74                HCD_GetCurrentSpeed
 .text.HCD_ResetPort
                0x000000000800cd98       0x18 ./STM32_USB_OTG_Driver/src/usb_hcd.o
                0x000000000800cd98                HCD_ResetPort
 .text.HCD_IsDeviceConnected
                0x000000000800cdb0       0x18 ./STM32_USB_OTG_Driver/src/usb_hcd.o
                0x000000000800cdb0                HCD_IsDeviceConnected
 .text.HCD_GetCurrentFrame
                0x000000000800cdc8       0x1c ./STM32_USB_OTG_Driver/src/usb_hcd.o
                0x000000000800cdc8                HCD_GetCurrentFrame
 .text.HCD_GetURB_State
                0x000000000800cde4       0x24 ./STM32_USB_OTG_Driver/src/usb_hcd.o
                0x000000000800cde4                HCD_GetURB_State
 .text.HCD_GetXferCnt
                0x000000000800ce08       0x20 ./STM32_USB_OTG_Driver/src/usb_hcd.o
                0x000000000800ce08                HCD_GetXferCnt
 .text.HCD_SubmitRequest
                0x000000000800ce28       0x3c ./STM32_USB_OTG_Driver/src/usb_hcd.o
                0x000000000800ce28                HCD_SubmitRequest
 .text.USBH_OTG_ISR_Handler
                0x000000000800ce64      0x10c ./STM32_USB_OTG_Driver/src/usb_hcd_int.o
                0x000000000800ce64                USBH_OTG_ISR_Handler
 .text.USB_OTG_USBH_handle_hc_ISR
                0x000000000800cf70       0x8c ./STM32_USB_OTG_Driver/src/usb_hcd_int.o
 .text.USB_OTG_USBH_handle_sof_ISR
                0x000000000800cffc       0x28 ./STM32_USB_OTG_Driver/src/usb_hcd_int.o
 .text.USB_OTG_USBH_handle_Disconnect_ISR
                0x000000000800d024       0x3c ./STM32_USB_OTG_Driver/src/usb_hcd_int.o
 .text.USB_OTG_USBH_handle_nptxfempty_ISR
                0x000000000800d060      0x188 ./STM32_USB_OTG_Driver/src/usb_hcd_int.o
 .text.USB_OTG_USBH_handle_ptxfempty_ISR
                0x000000000800d1e8      0x188 ./STM32_USB_OTG_Driver/src/usb_hcd_int.o
 .text.USB_OTG_USBH_handle_port_ISR
                0x000000000800d370      0x164 ./STM32_USB_OTG_Driver/src/usb_hcd_int.o
 .text.USB_OTG_USBH_handle_hc_n_Out_ISR
                0x000000000800d4d4      0x4f0 ./STM32_USB_OTG_Driver/src/usb_hcd_int.o
 .text.USB_OTG_USBH_handle_hc_n_In_ISR
                0x000000000800d9c4      0x5b0 ./STM32_USB_OTG_Driver/src/usb_hcd_int.o
 .text.USB_OTG_USBH_handle_rx_qlvl_ISR
                0x000000000800df74      0x198 ./STM32_USB_OTG_Driver/src/usb_hcd_int.o
 .text.USB_OTG_USBH_handle_IncompletePeriodicXfer_ISR
                0x000000000800e10c       0x4c ./STM32_USB_OTG_Driver/src/usb_hcd_int.o
 .text.USBH_Connect
                0x000000000800e158       0x2c ./STM32_USB_HOST_Library/Core/src/usbh_core.o
                0x000000000800e158                USBH_Connect
 .text.USBH_Disconnect
                0x000000000800e184       0x2c ./STM32_USB_HOST_Library/Core/src/usbh_core.o
                0x000000000800e184                USBH_Disconnect
 .text.USBH_Init
                0x000000000800e1b0       0x74 ./STM32_USB_HOST_Library/Core/src/usbh_core.o
                0x000000000800e1b0                USBH_Init
 .text.USBH_DeInit
                0x000000000800e224       0x60 ./STM32_USB_HOST_Library/Core/src/usbh_core.o
                0x000000000800e224                USBH_DeInit
 .text.USBH_Process
                0x000000000800e284      0x280 ./STM32_USB_HOST_Library/Core/src/usbh_core.o
                0x000000000800e284                USBH_Process
 .text.USBH_ErrorHandle
                0x000000000800e504       0x48 ./STM32_USB_HOST_Library/Core/src/usbh_core.o
                0x000000000800e504                USBH_ErrorHandle
 .text.USBH_HandleEnum
                0x000000000800e54c      0x2e0 ./STM32_USB_HOST_Library/Core/src/usbh_core.o
 .text.USBH_HandleControl
                0x000000000800e82c      0x350 ./STM32_USB_HOST_Library/Core/src/usbh_core.o
                0x000000000800e82c                USBH_HandleControl
 .text.USBH_Open_Channel
                0x000000000800eb7c       0xf8 ./STM32_USB_HOST_Library/Core/src/usbh_hcs.o
                0x000000000800eb7c                USBH_Open_Channel
 .text.USBH_Modify_Channel
                0x000000000800ec74       0x98 ./STM32_USB_HOST_Library/Core/src/usbh_hcs.o
                0x000000000800ec74                USBH_Modify_Channel
 .text.USBH_Alloc_Channel
                0x000000000800ed0c       0x4c ./STM32_USB_HOST_Library/Core/src/usbh_hcs.o
                0x000000000800ed0c                USBH_Alloc_Channel
 .text.USBH_Free_Channel
                0x000000000800ed58       0x44 ./STM32_USB_HOST_Library/Core/src/usbh_hcs.o
                0x000000000800ed58                USBH_Free_Channel
 .text.USBH_DeAllocate_AllChannel
                0x000000000800ed9c       0x38 ./STM32_USB_HOST_Library/Core/src/usbh_hcs.o
                0x000000000800ed9c                USBH_DeAllocate_AllChannel
 .text.USBH_GetFreeChannel
                0x000000000800edd4       0x48 ./STM32_USB_HOST_Library/Core/src/usbh_hcs.o
 .text.USBH_CtlReq
                0x000000000800ee1c       0x8c ./STM32_USB_HOST_Library/Core/src/usbh_ioreq.o
                0x000000000800ee1c                USBH_CtlReq
 .text.USBH_CtlSendSetup
                0x000000000800eea8       0x68 ./STM32_USB_HOST_Library/Core/src/usbh_ioreq.o
                0x000000000800eea8                USBH_CtlSendSetup
 .text.USBH_CtlSendData
                0x000000000800ef10       0xac ./STM32_USB_HOST_Library/Core/src/usbh_ioreq.o
                0x000000000800ef10                USBH_CtlSendData
 .text.USBH_CtlReceiveData
                0x000000000800efbc       0x70 ./STM32_USB_HOST_Library/Core/src/usbh_ioreq.o
                0x000000000800efbc                USBH_CtlReceiveData
 .text.USBH_BulkSendData
                0x000000000800f02c       0x94 ./STM32_USB_HOST_Library/Core/src/usbh_ioreq.o
                0x000000000800f02c                USBH_BulkSendData
 .text.USBH_BulkReceiveData
                0x000000000800f0c0       0x94 ./STM32_USB_HOST_Library/Core/src/usbh_ioreq.o
                0x000000000800f0c0                USBH_BulkReceiveData
 .text.USBH_SubmitSetupRequest
                0x000000000800f154       0x3c ./STM32_USB_HOST_Library/Core/src/usbh_ioreq.o
 .text.USBH_Get_DevDesc
                0x000000000800f190       0x54 ./STM32_USB_HOST_Library/Core/src/usbh_stdreq.o
                0x000000000800f190                USBH_Get_DevDesc
 .text.USBH_Get_CfgDesc
                0x000000000800f1e4       0x60 ./STM32_USB_HOST_Library/Core/src/usbh_stdreq.o
                0x000000000800f1e4                USBH_Get_CfgDesc
 .text.USBH_Get_StringDesc
                0x000000000800f244       0x58 ./STM32_USB_HOST_Library/Core/src/usbh_stdreq.o
                0x000000000800f244                USBH_Get_StringDesc
 .text.USBH_GetDescriptor
                0x000000000800f29c       0x68 ./STM32_USB_HOST_Library/Core/src/usbh_stdreq.o
                0x000000000800f29c                USBH_GetDescriptor
 .text.USBH_SetAddress
                0x000000000800f304       0x44 ./STM32_USB_HOST_Library/Core/src/usbh_stdreq.o
                0x000000000800f304                USBH_SetAddress
 .text.USBH_SetCfg
                0x000000000800f348       0x44 ./STM32_USB_HOST_Library/Core/src/usbh_stdreq.o
                0x000000000800f348                USBH_SetCfg
 .text.USBH_ClrFeature
                0x000000000800f38c       0x78 ./STM32_USB_HOST_Library/Core/src/usbh_stdreq.o
                0x000000000800f38c                USBH_ClrFeature
 .text.USBH_ParseDevDesc
                0x000000000800f404       0xe0 ./STM32_USB_HOST_Library/Core/src/usbh_stdreq.o
 .text.USBH_ParseCfgDesc
                0x000000000800f4e4      0x154 ./STM32_USB_HOST_Library/Core/src/usbh_stdreq.o
 .text.USBH_ParseInterfaceDesc
                0x000000000800f638       0x5c ./STM32_USB_HOST_Library/Core/src/usbh_stdreq.o
 .text.USBH_ParseEPDesc
                0x000000000800f694       0x58 ./STM32_USB_HOST_Library/Core/src/usbh_stdreq.o
 .text.USBH_ParseStringDesc
                0x000000000800f6ec       0x64 ./STM32_USB_HOST_Library/Core/src/usbh_stdreq.o
 .text.USBH_GetNextDesc
                0x000000000800f750       0x34 ./STM32_USB_HOST_Library/Core/src/usbh_stdreq.o
 .text.USBH_MSC_Init
                0x000000000800f784       0x58 ./STM32_USB_HOST_Library/Class/MSC/src/usbh_msc_bot.o
                0x000000000800f784                USBH_MSC_Init
 .text.USBH_MSC_HandleBOTXfer
                0x000000000800f7dc      0x3a0 ./STM32_USB_HOST_Library/Class/MSC/src/usbh_msc_bot.o
                0x000000000800f7dc                USBH_MSC_HandleBOTXfer
 .text.USBH_MSC_BOT_Abort
                0x000000000800fb7c       0x74 ./STM32_USB_HOST_Library/Class/MSC/src/usbh_msc_bot.o
                0x000000000800fb7c                USBH_MSC_BOT_Abort
 .text.USBH_MSC_DecodeCSW
                0x000000000800fbf0       0xa0 ./STM32_USB_HOST_Library/Class/MSC/src/usbh_msc_bot.o
                0x000000000800fbf0                USBH_MSC_DecodeCSW
 .text.USBH_MSC_InterfaceInit
                0x000000000800fc90      0x114 ./STM32_USB_HOST_Library/Class/MSC/src/usbh_msc_core.o
 .text.USBH_MSC_InterfaceDeInit
                0x000000000800fda4       0x64 ./STM32_USB_HOST_Library/Class/MSC/src/usbh_msc_core.o
 .text.USBH_MSC_ClassRequest
                0x000000000800fe08       0x24 ./STM32_USB_HOST_Library/Class/MSC/src/usbh_msc_core.o
 .text.USBH_MSC_Handle
                0x000000000800fe2c      0x238 ./STM32_USB_HOST_Library/Class/MSC/src/usbh_msc_core.o
 .text.USBH_MSC_BOTReset
                0x0000000008010064       0x40 ./STM32_USB_HOST_Library/Class/MSC/src/usbh_msc_core.o
 .text.USBH_MSC_GETMaxLUN
                0x00000000080100a4       0x44 ./STM32_USB_HOST_Library/Class/MSC/src/usbh_msc_core.o
 .text.USBH_MSC_ErrorHandle
                0x00000000080100e8       0x58 ./STM32_USB_HOST_Library/Class/MSC/src/usbh_msc_core.o
                0x00000000080100e8                USBH_MSC_ErrorHandle
 .text.disk_initialize
                0x0000000008010140       0x3c ./STM32_USB_HOST_Library/Class/MSC/src/usbh_msc_fatfs.o
                0x0000000008010140                disk_initialize
 .text.disk_status
                0x000000000801017c       0x28 ./STM32_USB_HOST_Library/Class/MSC/src/usbh_msc_fatfs.o
                0x000000000801017c                disk_status
 .text.disk_read
                0x00000000080101a4       0x98 ./STM32_USB_HOST_Library/Class/MSC/src/usbh_msc_fatfs.o
                0x00000000080101a4                disk_read
 .text.disk_write
                0x000000000801023c       0xa8 ./STM32_USB_HOST_Library/Class/MSC/src/usbh_msc_fatfs.o
                0x000000000801023c                disk_write
 .text.disk_ioctl
                0x00000000080102e4       0x94 ./STM32_USB_HOST_Library/Class/MSC/src/usbh_msc_fatfs.o
                0x00000000080102e4                disk_ioctl
 .text.USBH_MSC_TestUnitReady
                0x0000000008010378       0xdc ./STM32_USB_HOST_Library/Class/MSC/src/usbh_msc_scsi.o
                0x0000000008010378                USBH_MSC_TestUnitReady
 .text.USBH_MSC_ReadCapacity10
                0x0000000008010454      0x120 ./STM32_USB_HOST_Library/Class/MSC/src/usbh_msc_scsi.o
                0x0000000008010454                USBH_MSC_ReadCapacity10
 .text.USBH_MSC_ModeSense6
                0x0000000008010574      0x100 ./STM32_USB_HOST_Library/Class/MSC/src/usbh_msc_scsi.o
                0x0000000008010574                USBH_MSC_ModeSense6
 .text.USBH_MSC_RequestSense
                0x0000000008010674      0x11c ./STM32_USB_HOST_Library/Class/MSC/src/usbh_msc_scsi.o
                0x0000000008010674                USBH_MSC_RequestSense
 .text.USBH_MSC_Write10
                0x0000000008010790      0x100 ./STM32_USB_HOST_Library/Class/MSC/src/usbh_msc_scsi.o
                0x0000000008010790                USBH_MSC_Write10
 .text.USBH_MSC_Read10
                0x0000000008010890      0x128 ./STM32_USB_HOST_Library/Class/MSC/src/usbh_msc_scsi.o
                0x0000000008010890                USBH_MSC_Read10
 .text.NVIC_PriorityGroupConfig
                0x00000000080109b8       0x24 ./STM32F4xx_StdPeriph_Driver/src/misc.o
                0x00000000080109b8                NVIC_PriorityGroupConfig
 .text.NVIC_Init
                0x00000000080109dc       0xc0 ./STM32F4xx_StdPeriph_Driver/src/misc.o
                0x00000000080109dc                NVIC_Init
 .text.NVIC_SetVectorTable
                0x0000000008010a9c       0x2c ./STM32F4xx_StdPeriph_Driver/src/misc.o
                0x0000000008010a9c                NVIC_SetVectorTable
 .text.DAC_Init
                0x0000000008010ac8       0x64 ./STM32F4xx_StdPeriph_Driver/src/stm32f4xx_dac.o
                0x0000000008010ac8                DAC_Init
 .text.DAC_StructInit
                0x0000000008010b2c       0x2c ./STM32F4xx_StdPeriph_Driver/src/stm32f4xx_dac.o
                0x0000000008010b2c                DAC_StructInit
 .text.DAC_Cmd  0x0000000008010b58       0x48 ./STM32F4xx_StdPeriph_Driver/src/stm32f4xx_dac.o
                0x0000000008010b58                DAC_Cmd
 .text.DAC_DMACmd
                0x0000000008010ba0       0x4c ./STM32F4xx_StdPeriph_Driver/src/stm32f4xx_dac.o
                0x0000000008010ba0                DAC_DMACmd
 .text.DMA_Cmd  0x0000000008010bec       0x38 ./STM32F4xx_StdPeriph_Driver/src/stm32f4xx_dma.o
                0x0000000008010bec                DMA_Cmd
 .text.EXTI_Init
                0x0000000008010c24       0xe4 ./STM32F4xx_StdPeriph_Driver/src/stm32f4xx_exti.o
                0x0000000008010c24                EXTI_Init
 .text.EXTI_ClearITPendingBit
                0x0000000008010d08       0x1c ./STM32F4xx_StdPeriph_Driver/src/stm32f4xx_exti.o
                0x0000000008010d08                EXTI_ClearITPendingBit
 .text.GPIO_Init
                0x0000000008010d24      0x11c ./STM32F4xx_StdPeriph_Driver/src/stm32f4xx_gpio.o
                0x0000000008010d24                GPIO_Init
 .text.GPIO_StructInit
                0x0000000008010e40       0x34 ./STM32F4xx_StdPeriph_Driver/src/stm32f4xx_gpio.o
                0x0000000008010e40                GPIO_StructInit
 .text.GPIO_SetBits
                0x0000000008010e74       0x1c ./STM32F4xx_StdPeriph_Driver/src/stm32f4xx_gpio.o
                0x0000000008010e74                GPIO_SetBits
 .text.GPIO_ResetBits
                0x0000000008010e90       0x1c ./STM32F4xx_StdPeriph_Driver/src/stm32f4xx_gpio.o
                0x0000000008010e90                GPIO_ResetBits
 .text.GPIO_PinAFConfig
                0x0000000008010eac       0x90 ./STM32F4xx_StdPeriph_Driver/src/stm32f4xx_gpio.o
                0x0000000008010eac                GPIO_PinAFConfig
 .text.I2C_Init
                0x0000000008010f3c      0x184 ./STM32F4xx_StdPeriph_Driver/src/stm32f4xx_i2c.o
                0x0000000008010f3c                I2C_Init
 .text.I2C_Cmd  0x00000000080110c0       0x40 ./STM32F4xx_StdPeriph_Driver/src/stm32f4xx_i2c.o
                0x00000000080110c0                I2C_Cmd
 .text.I2C_GenerateSTART
                0x0000000008011100       0x40 ./STM32F4xx_StdPeriph_Driver/src/stm32f4xx_i2c.o
                0x0000000008011100                I2C_GenerateSTART
 .text.I2C_GenerateSTOP
                0x0000000008011140       0x40 ./STM32F4xx_StdPeriph_Driver/src/stm32f4xx_i2c.o
                0x0000000008011140                I2C_GenerateSTOP
 .text.I2C_Send7bitAddress
                0x0000000008011180       0x3c ./STM32F4xx_StdPeriph_Driver/src/stm32f4xx_i2c.o
                0x0000000008011180                I2C_Send7bitAddress
 .text.I2C_SendData
                0x00000000080111bc       0x20 ./STM32F4xx_StdPeriph_Driver/src/stm32f4xx_i2c.o
                0x00000000080111bc                I2C_SendData
 .text.I2C_CheckEvent
                0x00000000080111dc       0x60 ./STM32F4xx_StdPeriph_Driver/src/stm32f4xx_i2c.o
                0x00000000080111dc                I2C_CheckEvent
 .text.I2C_GetFlagStatus
                0x000000000801123c       0x64 ./STM32F4xx_StdPeriph_Driver/src/stm32f4xx_i2c.o
                0x000000000801123c                I2C_GetFlagStatus
 .text.PWR_BackupAccessCmd
                0x00000000080112a0       0x20 ./STM32F4xx_StdPeriph_Driver/src/stm32f4xx_pwr.o
                0x00000000080112a0                PWR_BackupAccessCmd
 .text.RCC_LSICmd
                0x00000000080112c0       0x20 ./STM32F4xx_StdPeriph_Driver/src/stm32f4xx_rcc.o
                0x00000000080112c0                RCC_LSICmd
 .text.RCC_GetClocksFreq
                0x00000000080112e0      0x154 ./STM32F4xx_StdPeriph_Driver/src/stm32f4xx_rcc.o
                0x00000000080112e0                RCC_GetClocksFreq
 .text.RCC_RTCCLKConfig
                0x0000000008011434       0x5c ./STM32F4xx_StdPeriph_Driver/src/stm32f4xx_rcc.o
                0x0000000008011434                RCC_RTCCLKConfig
 .text.RCC_RTCCLKCmd
                0x0000000008011490       0x20 ./STM32F4xx_StdPeriph_Driver/src/stm32f4xx_rcc.o
                0x0000000008011490                RCC_RTCCLKCmd
 .text.RCC_AHB1PeriphClockCmd
                0x00000000080114b0       0x3c ./STM32F4xx_StdPeriph_Driver/src/stm32f4xx_rcc.o
                0x00000000080114b0                RCC_AHB1PeriphClockCmd
 .text.RCC_AHB2PeriphClockCmd
                0x00000000080114ec       0x3c ./STM32F4xx_StdPeriph_Driver/src/stm32f4xx_rcc.o
                0x00000000080114ec                RCC_AHB2PeriphClockCmd
 .text.RCC_APB1PeriphClockCmd
                0x0000000008011528       0x3c ./STM32F4xx_StdPeriph_Driver/src/stm32f4xx_rcc.o
                0x0000000008011528                RCC_APB1PeriphClockCmd
 .text.RCC_APB2PeriphClockCmd
                0x0000000008011564       0x3c ./STM32F4xx_StdPeriph_Driver/src/stm32f4xx_rcc.o
                0x0000000008011564                RCC_APB2PeriphClockCmd
 .text.RCC_GetFlagStatus
                0x00000000080115a0       0x74 ./STM32F4xx_StdPeriph_Driver/src/stm32f4xx_rcc.o
                0x00000000080115a0                RCC_GetFlagStatus
 .text.RTC_Init
                0x0000000008011614       0x78 ./STM32F4xx_StdPeriph_Driver/src/stm32f4xx_rtc.o
                0x0000000008011614                RTC_Init
 .text.RTC_EnterInitMode
                0x000000000801168c       0x70 ./STM32F4xx_StdPeriph_Driver/src/stm32f4xx_rtc.o
                0x000000000801168c                RTC_EnterInitMode
 .text.RTC_ExitInitMode
                0x00000000080116fc       0x1c ./STM32F4xx_StdPeriph_Driver/src/stm32f4xx_rtc.o
                0x00000000080116fc                RTC_ExitInitMode
 .text.RTC_WaitForSynchro
                0x0000000008011718       0x74 ./STM32F4xx_StdPeriph_Driver/src/stm32f4xx_rtc.o
                0x0000000008011718                RTC_WaitForSynchro
 .text.RTC_SetTime
                0x000000000801178c      0x104 ./STM32F4xx_StdPeriph_Driver/src/stm32f4xx_rtc.o
                0x000000000801178c                RTC_SetTime
 .text.RTC_GetTime
                0x0000000008011890       0xa4 ./STM32F4xx_StdPeriph_Driver/src/stm32f4xx_rtc.o
                0x0000000008011890                RTC_GetTime
 .text.RTC_SetAlarm
                0x0000000008011934      0x138 ./STM32F4xx_StdPeriph_Driver/src/stm32f4xx_rtc.o
                0x0000000008011934                RTC_SetAlarm
 .text.RTC_AlarmCmd
                0x0000000008011a6c       0x98 ./STM32F4xx_StdPeriph_Driver/src/stm32f4xx_rtc.o
                0x0000000008011a6c                RTC_AlarmCmd
 .text.RTC_ITConfig
                0x0000000008011b04       0x78 ./STM32F4xx_StdPeriph_Driver/src/stm32f4xx_rtc.o
                0x0000000008011b04                RTC_ITConfig
 .text.RTC_ClearFlag
                0x0000000008011b7c       0x30 ./STM32F4xx_StdPeriph_Driver/src/stm32f4xx_rtc.o
                0x0000000008011b7c                RTC_ClearFlag
 .text.RTC_GetITStatus
                0x0000000008011bac       0x68 ./STM32F4xx_StdPeriph_Driver/src/stm32f4xx_rtc.o
                0x0000000008011bac                RTC_GetITStatus
 .text.RTC_ClearITPendingBit
                0x0000000008011c14       0x38 ./STM32F4xx_StdPeriph_Driver/src/stm32f4xx_rtc.o
                0x0000000008011c14                RTC_ClearITPendingBit
 .text.RTC_ByteToBcd2
                0x0000000008011c4c       0x38 ./STM32F4xx_StdPeriph_Driver/src/stm32f4xx_rtc.o
 .text.RTC_Bcd2ToByte
                0x0000000008011c84       0x38 ./STM32F4xx_StdPeriph_Driver/src/stm32f4xx_rtc.o
 .text.TIM_TimeBaseInit
                0x0000000008011cbc       0xd4 ./STM32F4xx_StdPeriph_Driver/src/stm32f4xx_tim.o
                0x0000000008011cbc                TIM_TimeBaseInit
 .text.TIM_TimeBaseStructInit
                0x0000000008011d90       0x34 ./STM32F4xx_StdPeriph_Driver/src/stm32f4xx_tim.o
                0x0000000008011d90                TIM_TimeBaseStructInit
 .text.TIM_ARRPreloadConfig
                0x0000000008011dc4       0x40 ./STM32F4xx_StdPeriph_Driver/src/stm32f4xx_tim.o
                0x0000000008011dc4                TIM_ARRPreloadConfig
 .text.TIM_Cmd  0x0000000008011e04       0x40 ./STM32F4xx_StdPeriph_Driver/src/stm32f4xx_tim.o
                0x0000000008011e04                TIM_Cmd
 .text.TIM_ITConfig
                0x0000000008011e44       0x48 ./STM32F4xx_StdPeriph_Driver/src/stm32f4xx_tim.o
                0x0000000008011e44                TIM_ITConfig
 .text.TIM_GetITStatus
                0x0000000008011e8c       0x54 ./STM32F4xx_StdPeriph_Driver/src/stm32f4xx_tim.o
                0x0000000008011e8c                TIM_GetITStatus
 .text.TIM_ClearITPendingBit
                0x0000000008011ee0       0x20 ./STM32F4xx_StdPeriph_Driver/src/stm32f4xx_tim.o
                0x0000000008011ee0                TIM_ClearITPendingBit
 .text.TIM_SelectOutputTrigger
                0x0000000008011f00       0x38 ./STM32F4xx_StdPeriph_Driver/src/stm32f4xx_tim.o
                0x0000000008011f00                TIM_SelectOutputTrigger
 .text.memcpy   0x0000000008011f38       0x16 /Users/hilarye/Documents/gcc-arm-none-eabi-5_4-2016q2/bin/../lib/gcc/arm-none-eabi/5.4.1/../../../../arm-none-eabi/lib/armv7e-m/libg_nano.a(lib_a-memcpy-stub.o)
                0x0000000008011f38                memcpy
 .text.memmove  0x0000000008011f4e       0x36 /Users/hilarye/Documents/gcc-arm-none-eabi-5_4-2016q2/bin/../lib/gcc/arm-none-eabi/5.4.1/../../../../arm-none-eabi/lib/armv7e-m/libg_nano.a(lib_a-memmove.o)
                0x0000000008011f4e                memmove
 .text.sprintf  0x0000000008011f84       0x48 /Users/hilarye/Documents/gcc-arm-none-eabi-5_4-2016q2/bin/../lib/gcc/arm-none-eabi/5.4.1/../../../../arm-none-eabi/lib/armv7e-m/libg_nano.a(lib_a-sprintf.o)
                0x0000000008011f84                sprintf
                0x0000000008011f84                siprintf
 .text          0x0000000008011fcc       0x14 /Users/hilarye/Documents/gcc-arm-none-eabi-5_4-2016q2/bin/../lib/gcc/arm-none-eabi/5.4.1/../../../../arm-none-eabi/lib/armv7e-m/libg_nano.a(lib_a-strcmp.o)
                0x0000000008011fcc                strcmp
 .text.strncmp  0x0000000008011fe0       0x2a /Users/hilarye/Documents/gcc-arm-none-eabi-5_4-2016q2/bin/../lib/gcc/arm-none-eabi/5.4.1/../../../../arm-none-eabi/lib/armv7e-m/libg_nano.a(lib_a-strncmp.o)
                0x0000000008011fe0                strncmp
 .text.strrchr  0x000000000801200a       0x26 /Users/hilarye/Documents/gcc-arm-none-eabi-5_4-2016q2/bin/../lib/gcc/arm-none-eabi/5.4.1/../../../../arm-none-eabi/lib/armv7e-m/libg_nano.a(lib_a-strrchr.o)
                0x000000000801200a                strrchr
 .text.__ssputs_r
                0x0000000008012030       0xb2 /Users/hilarye/Documents/gcc-arm-none-eabi-5_4-2016q2/bin/../lib/gcc/arm-none-eabi/5.4.1/../../../../arm-none-eabi/lib/armv7e-m/libg_nano.a(lib_a-nano-svfprintf.o)
                0x0000000008012030                __ssputs_r
 *fill*         0x00000000080120e2        0x2 
 .text._svfprintf_r
                0x00000000080120e4      0x1e8 /Users/hilarye/Documents/gcc-arm-none-eabi-5_4-2016q2/bin/../lib/gcc/arm-none-eabi/5.4.1/../../../../arm-none-eabi/lib/armv7e-m/libg_nano.a(lib_a-nano-svfprintf.o)
                0x00000000080120e4                _svfprintf_r
                0x00000000080120e4                _svfiprintf_r
 .text._printf_common
                0x00000000080122cc       0xec /Users/hilarye/Documents/gcc-arm-none-eabi-5_4-2016q2/bin/../lib/gcc/arm-none-eabi/5.4.1/../../../../arm-none-eabi/lib/armv7e-m/libg_nano.a(lib_a-nano-vfprintf_i.o)
                0x00000000080122cc                _printf_common
 .text._printf_i
                0x00000000080123b8      0x24c /Users/hilarye/Documents/gcc-arm-none-eabi-5_4-2016q2/bin/../lib/gcc/arm-none-eabi/5.4.1/../../../../arm-none-eabi/lib/armv7e-m/libg_nano.a(lib_a-nano-vfprintf_i.o)
                0x00000000080123b8                _printf_i
 .text.strchr   0x0000000008012604       0x1c /Users/hilarye/Documents/gcc-arm-none-eabi-5_4-2016q2/bin/../lib/gcc/arm-none-eabi/5.4.1/../../../../arm-none-eabi/lib/armv7e-m/libg_nano.a(lib_a-strchr.o)
                0x0000000008012604                strchr
 .text          0x0000000008012620       0xa0 /Users/hilarye/Documents/gcc-arm-none-eabi-5_4-2016q2/bin/../lib/gcc/arm-none-eabi/5.4.1/../../../../arm-none-eabi/lib/armv7e-m/libg_nano.a(lib_a-memchr.o)
                0x0000000008012620                memchr
 .text._free_r  0x00000000080126c0       0x9c /Users/hilarye/Documents/gcc-arm-none-eabi-5_4-2016q2/bin/../lib/gcc/arm-none-eabi/5.4.1/../../../../arm-none-eabi/lib/armv7e-m/libg_nano.a(lib_a-nano-freer.o)
                0x00000000080126c0                _free_r
 .text._malloc_r
                0x000000000801275c       0xbc /Users/hilarye/Documents/gcc-arm-none-eabi-5_4-2016q2/bin/../lib/gcc/arm-none-eabi/5.4.1/../../../../arm-none-eabi/lib/armv7e-m/libg_nano.a(lib_a-nano-mallocr.o)
                0x000000000801275c                _malloc_r
 .text._realloc_r
                0x0000000008012818       0x4c /Users/hilarye/Documents/gcc-arm-none-eabi-5_4-2016q2/bin/../lib/gcc/arm-none-eabi/5.4.1/../../../../arm-none-eabi/lib/armv7e-m/libg_nano.a(lib_a-nano-reallocr.o)
                0x0000000008012818                _realloc_r
 .text.__malloc_lock
                0x0000000008012864        0x2 /Users/hilarye/Documents/gcc-arm-none-eabi-5_4-2016q2/bin/../lib/gcc/arm-none-eabi/5.4.1/../../../../arm-none-eabi/lib/armv7e-m/libg_nano.a(lib_a-mlock.o)
                0x0000000008012864                __malloc_lock
 .text.__malloc_unlock
                0x0000000008012866        0x2 /Users/hilarye/Documents/gcc-arm-none-eabi-5_4-2016q2/bin/../lib/gcc/arm-none-eabi/5.4.1/../../../../arm-none-eabi/lib/armv7e-m/libg_nano.a(lib_a-mlock.o)
                0x0000000008012866                __malloc_unlock
 .text._malloc_usable_size_r
                0x0000000008012868       0x14 /Users/hilarye/Documents/gcc-arm-none-eabi-5_4-2016q2/bin/../lib/gcc/arm-none-eabi/5.4.1/../../../../arm-none-eabi/lib/armv7e-m/libg_nano.a(lib_a-nano-msizer.o)
                0x0000000008012868                _malloc_usable_size_r
 *(.rodata .rodata.* .constdata .constdata.*)
 .rodata        0x000000000801287c       0x21 ./src/audioMP3.o
 *fill*         0x000000000801289d        0x3 
 .rodata.dcttab
                0x00000000080128a0       0xc0 ./helix/real/dct32.o
 .rodata.preTab
                0x0000000008012960       0x16 ./helix/real/dqchan.o
 *fill*         0x0000000008012976        0x2 
 .rodata.pow14  0x0000000008012978       0x10 ./helix/real/dqchan.o
 .rodata.pow43_14
                0x0000000008012988      0x100 ./helix/real/dqchan.o
 .rodata.pow43  0x0000000008012a88       0xc0 ./helix/real/dqchan.o
 .rodata.poly43lo
                0x0000000008012b48       0x14 ./helix/real/dqchan.o
 .rodata.poly43hi
                0x0000000008012b5c       0x14 ./helix/real/dqchan.o
 .rodata.pow2exp
                0x0000000008012b70       0x20 ./helix/real/dqchan.o
 .rodata.pow2frac
                0x0000000008012b90       0x20 ./helix/real/dqchan.o
 .rodata.xmp3fixpt_huffTable
                0x0000000008012bb0     0x2124 ./helix/real/hufftabs.o
                0x0000000008012bb0                xmp3fixpt_huffTable
 .rodata.xmp3fixpt_huffTabOffset
                0x0000000008014cd4       0x80 ./helix/real/hufftabs.o
                0x0000000008014cd4                xmp3fixpt_huffTabOffset
 .rodata.xmp3fixpt_huffTabLookup
                0x0000000008014d54      0x100 ./helix/real/hufftabs.o
                0x0000000008014d54                xmp3fixpt_huffTabLookup
 .rodata.xmp3fixpt_quadTable
                0x0000000008014e54       0x50 ./helix/real/hufftabs.o
                0x0000000008014e54                xmp3fixpt_quadTable
 .rodata.xmp3fixpt_quadTabOffset
                0x0000000008014ea4        0x8 ./helix/real/hufftabs.o
                0x0000000008014ea4                xmp3fixpt_quadTabOffset
 .rodata.xmp3fixpt_quadTabMaxBits
                0x0000000008014eac        0x8 ./helix/real/hufftabs.o
                0x0000000008014eac                xmp3fixpt_quadTabMaxBits
 .rodata.c18    0x0000000008014eb4       0x24 ./helix/real/imdct.o
 .rodata.fastWin36
                0x0000000008014ed8       0x48 ./helix/real/imdct.o
 .rodata.SFLenTab
                0x0000000008014f20       0x20 ./helix/real/scalfact.o
 .rodata.NRTab  0x0000000008014f40       0x48 ./helix/real/scalfact.o
 .rodata.xmp3fixpt_imdctWin
                0x0000000008014f88      0x240 ./helix/real/trigtabs_fixpt.o
                0x0000000008014f88                xmp3fixpt_imdctWin
 .rodata.xmp3fixpt_ISFMpeg1
                0x00000000080151c8       0x38 ./helix/real/trigtabs_fixpt.o
                0x00000000080151c8                xmp3fixpt_ISFMpeg1
 .rodata.xmp3fixpt_ISFMpeg2
                0x0000000008015200      0x100 ./helix/real/trigtabs_fixpt.o
                0x0000000008015200                xmp3fixpt_ISFMpeg2
 .rodata.xmp3fixpt_ISFIIP
                0x0000000008015300       0x10 ./helix/real/trigtabs_fixpt.o
                0x0000000008015300                xmp3fixpt_ISFIIP
 .rodata.xmp3fixpt_csa
                0x0000000008015310       0x40 ./helix/real/trigtabs_fixpt.o
                0x0000000008015310                xmp3fixpt_csa
 .rodata.xmp3fixpt_polyCoef
                0x0000000008015350      0x420 ./helix/real/trigtabs_fixpt.o
                0x0000000008015350                xmp3fixpt_polyCoef
 .rodata.xmp3fixpt_samplerateTab
                0x0000000008015770       0x24 ./helix/mp3tabs.o
                0x0000000008015770                xmp3fixpt_samplerateTab
 .rodata.xmp3fixpt_bitrateTab
                0x0000000008015794      0x10e ./helix/mp3tabs.o
                0x0000000008015794                xmp3fixpt_bitrateTab
 *fill*         0x00000000080158a2        0x2 
 .rodata.xmp3fixpt_samplesPerFrameTab
                0x00000000080158a4       0x12 ./helix/mp3tabs.o
                0x00000000080158a4                xmp3fixpt_samplesPerFrameTab
 *fill*         0x00000000080158b6        0x2 
 .rodata.xmp3fixpt_sideBytesTab
                0x00000000080158b8        0xc ./helix/mp3tabs.o
                0x00000000080158b8                xmp3fixpt_sideBytesTab
 .rodata.xmp3fixpt_slotTab
                0x00000000080158c4      0x10e ./helix/mp3tabs.o
                0x00000000080158c4                xmp3fixpt_slotTab
 *fill*         0x00000000080159d2        0x2 
 .rodata.xmp3fixpt_sfBandTable
                0x00000000080159d4      0x29a ./helix/mp3tabs.o
                0x00000000080159d4                xmp3fixpt_sfBandTable
 *fill*         0x0000000008015c6e        0x2 
 .rodata        0x0000000008015c70       0x34 ./fat_fs/src/ff.o
 .rodata.cvt.9202
                0x0000000008015ca4       0x80 ./fat_fs/src/ff.o
 .rodata        0x0000000008015d24        0x4 ./STM32_USB_HOST_Library/Core/src/usbh_core.o
 .rodata.str1.1
                0x0000000008015d28        0x2 /Users/hilarye/Documents/gcc-arm-none-eabi-5_4-2016q2/bin/../lib/gcc/arm-none-eabi/5.4.1/../../../../arm-none-eabi/lib/armv7e-m/libg_nano.a(lib_a-impure.o)
 .rodata.str1.1
                0x0000000008015d2a       0x11 /Users/hilarye/Documents/gcc-arm-none-eabi-5_4-2016q2/bin/../lib/gcc/arm-none-eabi/5.4.1/../../../../arm-none-eabi/lib/armv7e-m/libg_nano.a(lib_a-nano-svfprintf.o)
 .rodata.str1.1
                0x0000000008015d3b       0x22 /Users/hilarye/Documents/gcc-arm-none-eabi-5_4-2016q2/bin/../lib/gcc/arm-none-eabi/5.4.1/../../../../arm-none-eabi/lib/armv7e-m/libg_nano.a(lib_a-nano-vfprintf_i.o)
 *(vtable)
 *(.eh_frame*)
 *(.glue_7)
 .glue_7        0x0000000008015d5d        0x0 linker stubs
 *(.glue_7t)
 .glue_7t       0x0000000008015d5d        0x0 linker stubs

.vfp11_veneer   0x0000000008015d60        0x0
 .vfp11_veneer  0x0000000008015d60        0x0 linker stubs

.v4_bx          0x0000000008015d60        0x0
 .v4_bx         0x0000000008015d60        0x0 linker stubs

.iplt           0x0000000008015d60        0x0
 .iplt          0x0000000008015d60        0x0 ./src/Audio.o

.rel.dyn        0x0000000008015d60        0x0
 .rel.iplt      0x0000000008015d60        0x0 ./src/Audio.o

.ARM.extab
 *(.ARM.extab* .gnu.linkonce.armextab.*)
                0x0000000008015d60                . = ALIGN (0x4)
                0x0000000008015d60                __exidx_start = .

.ARM.exidx
 *(.ARM.exidx* .gnu.linkonce.armexidx.*)
                0x0000000008015d60                __exidx_end = .
                0x0000000008015d60                . = ALIGN (0x4)
                0x0000000008015d60                _etext = .
                0x0000000008015d60                __etext = .

.data_CCMRAM    0x0000000010000000        0x0 load address 0x0000000008015d60
 FILL mask 0xff
 *(.data.CCMRAM .data.CCMRAM.*)
                0x0000000010000000                . = ALIGN (0x4)
                0x0000000008015d60                _sidata = LOADADDR (.data)

.data           0x0000000020000000       0xe0 load address 0x0000000008015d60
 FILL mask 0xff
                0x0000000020000000                _sdata = .
                0x0000000020000000                __data_start__ = .
 *(.data_begin .data_begin.*)
 *(.data .data.*)
 .data.file_read_ptr.10395
                0x0000000020000000        0x4 ./src/audioMP3.o
 .data.USR_Callbacks
                0x0000000020000004       0x48 ./src/usbh_usr.o
                0x0000000020000004                USR_Callbacks
 .data.USBH_DeviceConnStatus_cb
                0x000000002000004c        0xc ./STM32_USB_HOST_Library/Core/src/usbh_core.o
                0x000000002000004c                USBH_DeviceConnStatus_cb
 .data.USBH_MSC_cb
                0x0000000020000058       0x10 ./STM32_USB_HOST_Library/Class/MSC/src/usbh_msc_core.o
                0x0000000020000058                USBH_MSC_cb
 .data.Stat     0x0000000020000068        0x1 ./STM32_USB_HOST_Library/Class/MSC/src/usbh_msc_fatfs.o
 .data.status.8928
                0x0000000020000069        0x1 ./STM32_USB_HOST_Library/Class/MSC/src/usbh_msc_scsi.o
 *fill*         0x000000002000006a        0x2 ff
 .data.APBAHBPrescTable
                0x000000002000006c       0x10 ./STM32F4xx_StdPeriph_Driver/src/stm32f4xx_rcc.o
 .data.impure_data
                0x000000002000007c       0x60 /Users/hilarye/Documents/gcc-arm-none-eabi-5_4-2016q2/bin/../lib/gcc/arm-none-eabi/5.4.1/../../../../arm-none-eabi/lib/armv7e-m/libg_nano.a(lib_a-impure.o)
 .data._impure_ptr
                0x00000000200000dc        0x4 /Users/hilarye/Documents/gcc-arm-none-eabi-5_4-2016q2/bin/../lib/gcc/arm-none-eabi/5.4.1/../../../../arm-none-eabi/lib/armv7e-m/libg_nano.a(lib_a-impure.o)
                0x00000000200000dc                _impure_ptr
 *(.data_end .data_end.*)
                0x00000000200000e0                . = ALIGN (0x4)
                0x00000000200000e0                _edata = .
                0x00000000200000e0                __data_end__ = .

.igot.plt       0x00000000200000e0        0x0 load address 0x0000000008015e40
 .igot.plt      0x00000000200000e0        0x0 ./src/Audio.o

.co_stack       0x00000000200000e0      0x800 load address 0x0000000008015e40
 .co_stack      0x00000000200000e0      0x800 ./cmsis_boot/startup_stm32f4xx.o
                0x00000000200000e0                pulStack

.bss_CCMRAM     0x0000000010000000        0x0
 *(.bss.CCMRAM .bss.CCMRAM.*)

.bss            0x00000000200008e0    0x178bc
                0x00000000200008e0                __bss_start__ = .
                0x00000000200008e0                _sbss = .
 *(.bss_begin .bss_begin.*)
 *(.bss .bss.*)
 .bss.CallbackFunction
                0x00000000200008e0        0x4 ./src/Audio.o
 .bss.CallbackContext
                0x00000000200008e4        0x4 ./src/Audio.o
 .bss.NextBufferSamples
                0x00000000200008e8        0x4 ./src/Audio.o
 .bss.NextBufferLength
                0x00000000200008ec        0x4 ./src/Audio.o
 .bss.BufferNumber
                0x00000000200008f0        0x4 ./src/Audio.o
 .bss.DMARunning
                0x00000000200008f4        0x1 ./src/Audio.o
 *fill*         0x00000000200008f5        0x3 
 .bss.snoozeMemory
                0x00000000200008f8        0x4 ./src/audioMP3.o
                0x00000000200008f8                snoozeMemory
 .bss.exitMp3   0x00000000200008fc        0x4 ./src/audioMP3.o
                0x00000000200008fc                exitMp3
 .bss.mp3PlayingFlag
                0x0000000020000900        0x4 ./src/audioMP3.o
                0x0000000020000900                mp3PlayingFlag
 .bss.enum_done
                0x0000000020000904        0x4 ./src/audioMP3.o
                0x0000000020000904                enum_done
 .bss.file_bytes.10396
                0x0000000020000908        0x4 ./src/audioMP3.o
 .bss.file_read_buffer.10394
                0x000000002000090c      0x7d0 ./src/audioMP3.o
 .bss.audio_buffer0.10432
                0x00000000200010dc     0x1200 ./src/audioMP3.o
 .bss.audio_buffer1.10433
                0x00000000200022dc     0x1200 ./src/audioMP3.o
 .bss.interruptOccurred
                0x00000000200034dc        0x4 ./src/main.o
                0x00000000200034dc                interruptOccurred
 .bss.hour24Flag
                0x00000000200034e0        0x4 ./src/main.o
                0x00000000200034e0                hour24Flag
 .bss.debouncing
                0x00000000200034e4        0x4 ./src/main.o
                0x00000000200034e4                debouncing
 .bss.buttonState
                0x00000000200034e8        0x4 ./src/main.o
                0x00000000200034e8                buttonState
 .bss.buttonFlag
                0x00000000200034ec        0x4 ./src/main.o
                0x00000000200034ec                buttonFlag
 .bss.newState.10155
                0x00000000200034f0        0x2 ./src/main.o
 .bss.oldState.10154
                0x00000000200034f2        0x2 ./src/main.o
 .bss.heap_end.7837
                0x00000000200034f4        0x4 ./src/syscalls.o
 .bss.BSP_delay
                0x00000000200034f8        0x4 ./src/usb_bsp.o
                0x00000000200034f8                BSP_delay
 .bss.s_mp3DecInfo.5127
                0x00000000200034fc      0x7f0 ./helix/real/buffers.o
 .bss.s_fh.5128
                0x0000000020003cec       0x38 ./helix/real/buffers.o
 .bss.s_si.5129
                0x0000000020003d24      0x148 ./helix/real/buffers.o
 .bss.s_sfi.5130
                0x0000000020003e6c      0x11c ./helix/real/buffers.o
 .bss.s_hi.5131
                0x0000000020003f88     0x1210 ./helix/real/buffers.o
 .bss.s_di.5132
                0x0000000020005198      0x348 ./helix/real/buffers.o
 .bss.s_mi.5133
                0x00000000200054e0     0x1b20 ./helix/real/buffers.o
 .bss.s_sbi.5134
                0x0000000020007000     0x2204 ./helix/real/buffers.o
 .bss.FatFs     0x0000000020009204        0x4 ./fat_fs/src/ff.o
 .bss.Fsid      0x0000000020009208        0x2 ./fat_fs/src/ff.o
 .bss.timeout.8814
                0x000000002000920a        0x2 ./STM32_USB_HOST_Library/Core/src/usbh_core.o
 .bss.BOTStallErrorCount
                0x000000002000920c        0x4 ./STM32_USB_HOST_Library/Class/MSC/src/usbh_msc_bot.o
 .bss.remainingDataLength.8875
                0x0000000020009210        0x4 ./STM32_USB_HOST_Library/Class/MSC/src/usbh_msc_bot.o
 .bss.datapointer.8876
                0x0000000020009214        0x4 ./STM32_USB_HOST_Library/Class/MSC/src/usbh_msc_bot.o
 .bss.error_direction.8877
                0x0000000020009218        0x1 ./STM32_USB_HOST_Library/Class/MSC/src/usbh_msc_bot.o
 .bss.MSCErrorCount
                0x0000000020009219        0x1 ./STM32_USB_HOST_Library/Class/MSC/src/usbh_msc_core.o
                0x0000000020009219                MSCErrorCount
 .bss.maxLunExceed.8900
                0x000000002000921a        0x1 ./STM32_USB_HOST_Library/Class/MSC/src/usbh_msc_core.o
 *fill*         0x000000002000921b        0x1 
 .bss.__malloc_sbrk_start
                0x000000002000921c        0x4 /Users/hilarye/Documents/gcc-arm-none-eabi-5_4-2016q2/bin/../lib/gcc/arm-none-eabi/5.4.1/../../../../arm-none-eabi/lib/armv7e-m/libg_nano.a(lib_a-nano-mallocr.o)
                0x000000002000921c                __malloc_sbrk_start
 .bss.__malloc_free_list
                0x0000000020009220        0x4 /Users/hilarye/Documents/gcc-arm-none-eabi-5_4-2016q2/bin/../lib/gcc/arm-none-eabi/5.4.1/../../../../arm-none-eabi/lib/armv7e-m/libg_nano.a(lib_a-nano-mallocr.o)
                0x0000000020009220                __malloc_free_list
 *(COMMON)
 COMMON         0x0000000020009224       0x10 ./src/Audio.o
                0x0000000020009224                ptrDOR
                0x0000000020009228                ptr
                0x000000002000922c                ptrSR
                0x0000000020009230                ptrTIM
 COMMON         0x0000000020009234     0xe1fc ./src/audioMP3.o
                0x0000000020009234                myclockTimeStruct
                0x0000000020009238                audio_buffer_length
                0x0000000020009268                audio_read_buffer
                0x0000000020016a68                time_var1
                0x0000000020016a6c                file
                0x0000000020016e90                hMP3Decoder
                0x0000000020016e94                alarmMemory
                0x0000000020016ea4                time_var2
                0x0000000020016ea8                USB_OTG_Core
                0x0000000020017358                buffer_write
                0x000000002001735c                buffer_read
                0x0000000020017360                running_player
                0x0000000020017364                AlarmStruct
                0x0000000020017374                myclockInitTypeStruct
                0x0000000020017380                RCC_Clocks
                0x0000000020017390                USB_Host
                0x0000000020017414                mp3FrameInfo
 COMMON         0x0000000020017430       0x40 ./src/main.o
                0x0000000020017430                I2C_InitStruct
                0x0000000020017440                TIM_InitStruct
                0x000000002001744c                time
                0x000000002001745c                NVIC_InitStructure
                0x0000000020017460                EXTI_InitStructure
                0x0000000020017468                GPIOInitStruct
 COMMON         0x0000000020017470      0x888 ./src/usbh_usr.o
                0x0000000020017470                fileR
                0x0000000020017894                fno
                0x00000000200178ac                dir
                0x00000000200178c8                fatfs
 COMMON         0x0000000020017cf8       0x40 ./STM32_USB_HOST_Library/Class/MSC/src/usbh_msc_bot.o
                0x0000000020017cf8                USBH_MSC_CSWData
                0x0000000020017d08                USBH_MSC_BOTXferParam
                0x0000000020017d18                USBH_MSC_CBWData
 COMMON         0x0000000020017d38       0x54 ./STM32_USB_HOST_Library/Class/MSC/src/usbh_msc_core.o
                0x0000000020017d38                MSC_Machine
                0x0000000020017d84                MSC_Setup
 COMMON         0x0000000020017d8c      0x410 ./STM32_USB_HOST_Library/Class/MSC/src/usbh_msc_scsi.o
                0x0000000020017d8c                USBH_DataInBuffer
                0x0000000020017f8c                USBH_MSC_Param
                0x0000000020017f9c                USBH_DataOutBuffer
 *(.bss_end .bss_end.*)
                0x000000002001819c                . = ALIGN (0x4)
                0x000000002001819c                __bss_end__ = .
                0x000000002001819c                _ebss = .

.noinit_CCMRAM
 *(.noinit.CCMRAM .noinit.CCMRAM.*)

.noinit         0x000000002001819c        0x0
                0x000000002001819c                _noinit = .
 *(.noinit .noinit.*)
                0x000000002001819c                . = ALIGN (0x4)
                0x000000002001819c                _end_noinit = .
                [!provide]                        PROVIDE (end, _end_noinit)
                0x000000002001819c                PROVIDE (_end, _end_noinit)
                [!provide]                        PROVIDE (__end, _end_noinit)
                [!provide]                        PROVIDE (__end__, _end_noinit)

._check_stack   0x000000002001819c      0x100
                0x000000002001829c                . = (. + _Minimum_Stack_Size)
 *fill*         0x000000002001819c      0x100 

.b1text
 *(.b1text)
 *(.b1rodata)
 *(.b1rodata.*)

.eb0text
 *(.eb0text)
 *(.eb0rodata)
 *(.eb0rodata.*)

.eb1text
 *(.eb1text)
 *(.eb1rodata)
 *(.eb1rodata.*)

.eb2text
 *(.eb2text)
 *(.eb2rodata)
 *(.eb2rodata.*)

.eb3text
 *(.eb3text)
 *(.eb3rodata)
 *(.eb3rodata.*)

.stab
 *(.stab)

.stabstr
 *(.stabstr)

.stab.excl
 *(.stab.excl)

.stab.exclstr
 *(.stab.exclstr)

.stab.index
 *(.stab.index)

.stab.indexstr
 *(.stab.indexstr)

.comment        0x0000000000000000       0x6e
 *(.comment)
 .comment       0x0000000000000000       0x6e ./src/Audio.o
                                         0x6f (size before relaxing)
 .comment       0x000000000000006e       0x6f ./src/audioMP3.o
 .comment       0x000000000000006e       0x6f ./src/main.o
 .comment       0x000000000000006e       0x6f ./src/stm32f4xx_it.o
 .comment       0x000000000000006e       0x6f ./src/syscalls.o
 .comment       0x000000000000006e       0x6f ./src/system_stm32f4xx.o
 .comment       0x000000000000006e       0x6f ./src/usb_bsp.o
 .comment       0x000000000000006e       0x6f ./src/usbh_usr.o
 .comment       0x000000000000006e       0x6f ./helix/real/bitstream.o
 .comment       0x000000000000006e       0x6f ./helix/real/buffers.o
 .comment       0x000000000000006e       0x6f ./helix/real/dct32.o
 .comment       0x000000000000006e       0x6f ./helix/real/dequant.o
 .comment       0x000000000000006e       0x6f ./helix/real/dqchan.o
 .comment       0x000000000000006e       0x6f ./helix/real/huffman.o
 .comment       0x000000000000006e       0x6f ./helix/real/hufftabs.o
 .comment       0x000000000000006e       0x6f ./helix/real/imdct.o
 .comment       0x000000000000006e       0x6f ./helix/real/polyphase.o
 .comment       0x000000000000006e       0x6f ./helix/real/scalfact.o
 .comment       0x000000000000006e       0x6f ./helix/real/stproc.o
 .comment       0x000000000000006e       0x6f ./helix/real/subband.o
 .comment       0x000000000000006e       0x6f ./helix/real/trigtabs_fixpt.o
 .comment       0x000000000000006e       0x6f ./helix/mp3dec.o
 .comment       0x000000000000006e       0x6f ./helix/mp3tabs.o
 .comment       0x000000000000006e       0x6f ./fat_fs/src/fattime.o
 .comment       0x000000000000006e       0x6f ./fat_fs/src/ff.o
 .comment       0x000000000000006e       0x6f ./cmsis_boot/startup_stm32f4xx.o
 .comment       0x000000000000006e       0x6f ./STM32_USB_OTG_Driver/src/usb_core.o
 .comment       0x000000000000006e       0x6f ./STM32_USB_OTG_Driver/src/usb_hcd.o
 .comment       0x000000000000006e       0x6f ./STM32_USB_OTG_Driver/src/usb_hcd_int.o
 .comment       0x000000000000006e       0x6f ./STM32_USB_HOST_Library/Core/src/usbh_core.o
 .comment       0x000000000000006e       0x6f ./STM32_USB_HOST_Library/Core/src/usbh_hcs.o
 .comment       0x000000000000006e       0x6f ./STM32_USB_HOST_Library/Core/src/usbh_ioreq.o
 .comment       0x000000000000006e       0x6f ./STM32_USB_HOST_Library/Core/src/usbh_stdreq.o
 .comment       0x000000000000006e       0x6f ./STM32_USB_HOST_Library/Class/MSC/src/usbh_msc_bot.o
 .comment       0x000000000000006e       0x6f ./STM32_USB_HOST_Library/Class/MSC/src/usbh_msc_core.o
 .comment       0x000000000000006e       0x6f ./STM32_USB_HOST_Library/Class/MSC/src/usbh_msc_fatfs.o
 .comment       0x000000000000006e       0x6f ./STM32_USB_HOST_Library/Class/MSC/src/usbh_msc_scsi.o
 .comment       0x000000000000006e       0x6f ./STM32F4xx_StdPeriph_Driver/src/misc.o
 .comment       0x000000000000006e       0x6f ./STM32F4xx_StdPeriph_Driver/src/stm32f4xx_dac.o
 .comment       0x000000000000006e       0x6f ./STM32F4xx_StdPeriph_Driver/src/stm32f4xx_dma.o
 .comment       0x000000000000006e       0x6f ./STM32F4xx_StdPeriph_Driver/src/stm32f4xx_exti.o
 .comment       0x000000000000006e       0x6f ./STM32F4xx_StdPeriph_Driver/src/stm32f4xx_gpio.o
 .comment       0x000000000000006e       0x6f ./STM32F4xx_StdPeriph_Driver/src/stm32f4xx_i2c.o
 .comment       0x000000000000006e       0x6f ./STM32F4xx_StdPeriph_Driver/src/stm32f4xx_pwr.o
 .comment       0x000000000000006e       0x6f ./STM32F4xx_StdPeriph_Driver/src/stm32f4xx_rcc.o
 .comment       0x000000000000006e       0x6f ./STM32F4xx_StdPeriph_Driver/src/stm32f4xx_rtc.o
 .comment       0x000000000000006e       0x6f ./STM32F4xx_StdPeriph_Driver/src/stm32f4xx_tim.o

.ARM.attributes
                0x0000000000000000       0x31
 .ARM.attributes
                0x0000000000000000       0x33 ./src/Audio.o
 .ARM.attributes
                0x0000000000000033       0x33 ./src/audioMP3.o
 .ARM.attributes
                0x0000000000000066       0x33 ./src/main.o
 .ARM.attributes
                0x0000000000000099       0x33 ./src/stm32f4xx_it.o
 .ARM.attributes
                0x00000000000000cc       0x33 ./src/syscalls.o
 .ARM.attributes
                0x00000000000000ff       0x33 ./src/system_stm32f4xx.o
 .ARM.attributes
                0x0000000000000132       0x33 ./src/usb_bsp.o
 .ARM.attributes
                0x0000000000000165       0x33 ./src/usbh_usr.o
 .ARM.attributes
                0x0000000000000198       0x33 ./helix/real/bitstream.o
 .ARM.attributes
                0x00000000000001cb       0x33 ./helix/real/buffers.o
 .ARM.attributes
                0x00000000000001fe       0x33 ./helix/real/dct32.o
 .ARM.attributes
                0x0000000000000231       0x33 ./helix/real/dequant.o
 .ARM.attributes
                0x0000000000000264       0x33 ./helix/real/dqchan.o
 .ARM.attributes
                0x0000000000000297       0x33 ./helix/real/huffman.o
 .ARM.attributes
                0x00000000000002ca       0x33 ./helix/real/hufftabs.o
 .ARM.attributes
                0x00000000000002fd       0x33 ./helix/real/imdct.o
 .ARM.attributes
                0x0000000000000330       0x33 ./helix/real/polyphase.o
 .ARM.attributes
                0x0000000000000363       0x33 ./helix/real/scalfact.o
 .ARM.attributes
                0x0000000000000396       0x33 ./helix/real/stproc.o
 .ARM.attributes
                0x00000000000003c9       0x33 ./helix/real/subband.o
 .ARM.attributes
                0x00000000000003fc       0x33 ./helix/real/trigtabs_fixpt.o
 .ARM.attributes
                0x000000000000042f       0x33 ./helix/mp3dec.o
 .ARM.attributes
                0x0000000000000462       0x33 ./helix/mp3tabs.o
 .ARM.attributes
                0x0000000000000495       0x33 ./fat_fs/src/fattime.o
 .ARM.attributes
                0x00000000000004c8       0x33 ./fat_fs/src/ff.o
 .ARM.attributes
                0x00000000000004fb       0x33 ./cmsis_boot/startup_stm32f4xx.o
 .ARM.attributes
                0x000000000000052e       0x33 ./STM32_USB_OTG_Driver/src/usb_core.o
 .ARM.attributes
                0x0000000000000561       0x33 ./STM32_USB_OTG_Driver/src/usb_hcd.o
 .ARM.attributes
                0x0000000000000594       0x33 ./STM32_USB_OTG_Driver/src/usb_hcd_int.o
 .ARM.attributes
                0x00000000000005c7       0x33 ./STM32_USB_HOST_Library/Core/src/usbh_core.o
 .ARM.attributes
                0x00000000000005fa       0x33 ./STM32_USB_HOST_Library/Core/src/usbh_hcs.o
 .ARM.attributes
                0x000000000000062d       0x33 ./STM32_USB_HOST_Library/Core/src/usbh_ioreq.o
 .ARM.attributes
                0x0000000000000660       0x33 ./STM32_USB_HOST_Library/Core/src/usbh_stdreq.o
 .ARM.attributes
                0x0000000000000693       0x33 ./STM32_USB_HOST_Library/Class/MSC/src/usbh_msc_bot.o
 .ARM.attributes
                0x00000000000006c6       0x33 ./STM32_USB_HOST_Library/Class/MSC/src/usbh_msc_core.o
 .ARM.attributes
                0x00000000000006f9       0x33 ./STM32_USB_HOST_Library/Class/MSC/src/usbh_msc_fatfs.o
 .ARM.attributes
                0x000000000000072c       0x33 ./STM32_USB_HOST_Library/Class/MSC/src/usbh_msc_scsi.o
 .ARM.attributes
                0x000000000000075f       0x33 ./STM32F4xx_StdPeriph_Driver/src/misc.o
 .ARM.attributes
                0x0000000000000792       0x33 ./STM32F4xx_StdPeriph_Driver/src/stm32f4xx_dac.o
 .ARM.attributes
                0x00000000000007c5       0x33 ./STM32F4xx_StdPeriph_Driver/src/stm32f4xx_dma.o
 .ARM.attributes
                0x00000000000007f8       0x33 ./STM32F4xx_StdPeriph_Driver/src/stm32f4xx_exti.o
 .ARM.attributes
                0x000000000000082b       0x33 ./STM32F4xx_StdPeriph_Driver/src/stm32f4xx_gpio.o
 .ARM.attributes
                0x000000000000085e       0x33 ./STM32F4xx_StdPeriph_Driver/src/stm32f4xx_i2c.o
 .ARM.attributes
                0x0000000000000891       0x33 ./STM32F4xx_StdPeriph_Driver/src/stm32f4xx_pwr.o
 .ARM.attributes
                0x00000000000008c4       0x33 ./STM32F4xx_StdPeriph_Driver/src/stm32f4xx_rcc.o
 .ARM.attributes
                0x00000000000008f7       0x33 ./STM32F4xx_StdPeriph_Driver/src/stm32f4xx_rtc.o
 .ARM.attributes
                0x000000000000092a       0x33 ./STM32F4xx_StdPeriph_Driver/src/stm32f4xx_tim.o
 .ARM.attributes
                0x000000000000095d       0x2e /Users/hilarye/Documents/gcc-arm-none-eabi-5_4-2016q2/bin/../lib/gcc/arm-none-eabi/5.4.1/../../../../arm-none-eabi/lib/armv7e-m/libg_nano.a(lib_a-memcpy-stub.o)
 .ARM.attributes
                0x000000000000098b       0x2e /Users/hilarye/Documents/gcc-arm-none-eabi-5_4-2016q2/bin/../lib/gcc/arm-none-eabi/5.4.1/../../../../arm-none-eabi/lib/armv7e-m/libg_nano.a(lib_a-memmove.o)
 .ARM.attributes
                0x00000000000009b9       0x2e /Users/hilarye/Documents/gcc-arm-none-eabi-5_4-2016q2/bin/../lib/gcc/arm-none-eabi/5.4.1/../../../../arm-none-eabi/lib/armv7e-m/libg_nano.a(lib_a-sprintf.o)
 .ARM.attributes
                0x00000000000009e7       0x1c /Users/hilarye/Documents/gcc-arm-none-eabi-5_4-2016q2/bin/../lib/gcc/arm-none-eabi/5.4.1/../../../../arm-none-eabi/lib/armv7e-m/libg_nano.a(lib_a-strcmp.o)
 .ARM.attributes
                0x0000000000000a03       0x2e /Users/hilarye/Documents/gcc-arm-none-eabi-5_4-2016q2/bin/../lib/gcc/arm-none-eabi/5.4.1/../../../../arm-none-eabi/lib/armv7e-m/libg_nano.a(lib_a-strncmp.o)
 .ARM.attributes
                0x0000000000000a31       0x2e /Users/hilarye/Documents/gcc-arm-none-eabi-5_4-2016q2/bin/../lib/gcc/arm-none-eabi/5.4.1/../../../../arm-none-eabi/lib/armv7e-m/libg_nano.a(lib_a-strrchr.o)
 .ARM.attributes
                0x0000000000000a5f       0x2e /Users/hilarye/Documents/gcc-arm-none-eabi-5_4-2016q2/bin/../lib/gcc/arm-none-eabi/5.4.1/../../../../arm-none-eabi/lib/armv7e-m/libg_nano.a(lib_a-impure.o)
 .ARM.attributes
                0x0000000000000a8d       0x2e /Users/hilarye/Documents/gcc-arm-none-eabi-5_4-2016q2/bin/../lib/gcc/arm-none-eabi/5.4.1/../../../../arm-none-eabi/lib/armv7e-m/libg_nano.a(lib_a-nano-svfprintf.o)
 .ARM.attributes