Archive member included to satisfy reference by file (symbol)

c:/program files (x86)/gnu tools arm embedded/5.3 2016q1/bin/../lib/gcc/arm-none-eabi/5.3.1/../../../../arm-none-eabi/lib/armv7e-m\libg_nano.a(lib_a-memcpy-stub.o)
                              ./src/audioMP3.o (memcpy)
c:/program files (x86)/gnu tools arm embedded/5.3 2016q1/bin/../lib/gcc/arm-none-eabi/5.3.1/../../../../arm-none-eabi/lib/armv7e-m\libg_nano.a(lib_a-memmove.o)
                              ./src/audioMP3.o (memmove)
c:/program files (x86)/gnu tools arm embedded/5.3 2016q1/bin/../lib/gcc/arm-none-eabi/5.3.1/../../../../arm-none-eabi/lib/armv7e-m\libg_nano.a(lib_a-sprintf.o)
                              ./src/audioMP3.o (sprintf)
c:/program files (x86)/gnu tools arm embedded/5.3 2016q1/bin/../lib/gcc/arm-none-eabi/5.3.1/../../../../arm-none-eabi/lib/armv7e-m\libg_nano.a(lib_a-strcmp.o)
                              ./src/audioMP3.o (strcmp)
c:/program files (x86)/gnu tools arm embedded/5.3 2016q1/bin/../lib/gcc/arm-none-eabi/5.3.1/../../../../arm-none-eabi/lib/armv7e-m\libg_nano.a(lib_a-strncmp.o)
                              ./src/audioMP3.o (strncmp)
c:/program files (x86)/gnu tools arm embedded/5.3 2016q1/bin/../lib/gcc/arm-none-eabi/5.3.1/../../../../arm-none-eabi/lib/armv7e-m\libg_nano.a(lib_a-strrchr.o)
                              ./src/audioMP3.o (strrchr)
c:/program files (x86)/gnu tools arm embedded/5.3 2016q1/bin/../lib/gcc/arm-none-eabi/5.3.1/../../../../arm-none-eabi/lib/armv7e-m\libg_nano.a(lib_a-impure.o)
                              c:/program files (x86)/gnu tools arm embedded/5.3 2016q1/bin/../lib/gcc/arm-none-eabi/5.3.1/../../../../arm-none-eabi/lib/armv7e-m\libg_nano.a(lib_a-sprintf.o) (_impure_ptr)
c:/program files (x86)/gnu tools arm embedded/5.3 2016q1/bin/../lib/gcc/arm-none-eabi/5.3.1/../../../../arm-none-eabi/lib/armv7e-m\libg_nano.a(lib_a-nano-svfprintf.o)
                              c:/program files (x86)/gnu tools arm embedded/5.3 2016q1/bin/../lib/gcc/arm-none-eabi/5.3.1/../../../../arm-none-eabi/lib/armv7e-m\libg_nano.a(lib_a-sprintf.o) (_svfprintf_r)
c:/program files (x86)/gnu tools arm embedded/5.3 2016q1/bin/../lib/gcc/arm-none-eabi/5.3.1/../../../../arm-none-eabi/lib/armv7e-m\libg_nano.a(lib_a-nano-vfprintf_i.o)
                              c:/program files (x86)/gnu tools arm embedded/5.3 2016q1/bin/../lib/gcc/arm-none-eabi/5.3.1/../../../../arm-none-eabi/lib/armv7e-m\libg_nano.a(lib_a-nano-svfprintf.o) (_printf_i)
c:/program files (x86)/gnu tools arm embedded/5.3 2016q1/bin/../lib/gcc/arm-none-eabi/5.3.1/../../../../arm-none-eabi/lib/armv7e-m\libg_nano.a(lib_a-strchr.o)
                              c:/program files (x86)/gnu tools arm embedded/5.3 2016q1/bin/../lib/gcc/arm-none-eabi/5.3.1/../../../../arm-none-eabi/lib/armv7e-m\libg_nano.a(lib_a-strrchr.o) (strchr)
c:/program files (x86)/gnu tools arm embedded/5.3 2016q1/bin/../lib/gcc/arm-none-eabi/5.3.1/../../../../arm-none-eabi/lib/armv7e-m\libg_nano.a(lib_a-memchr.o)
                              c:/program files (x86)/gnu tools arm embedded/5.3 2016q1/bin/../lib/gcc/arm-none-eabi/5.3.1/../../../../arm-none-eabi/lib/armv7e-m\libg_nano.a(lib_a-nano-svfprintf.o) (memchr)
c:/program files (x86)/gnu tools arm embedded/5.3 2016q1/bin/../lib/gcc/arm-none-eabi/5.3.1/../../../../arm-none-eabi/lib/armv7e-m\libg_nano.a(lib_a-nano-freer.o)
                              c:/program files (x86)/gnu tools arm embedded/5.3 2016q1/bin/../lib/gcc/arm-none-eabi/5.3.1/../../../../arm-none-eabi/lib/armv7e-m\libg_nano.a(lib_a-nano-svfprintf.o) (_free_r)
c:/program files (x86)/gnu tools arm embedded/5.3 2016q1/bin/../lib/gcc/arm-none-eabi/5.3.1/../../../../arm-none-eabi/lib/armv7e-m\libg_nano.a(lib_a-nano-mallocr.o)
                              c:/program files (x86)/gnu tools arm embedded/5.3 2016q1/bin/../lib/gcc/arm-none-eabi/5.3.1/../../../../arm-none-eabi/lib/armv7e-m\libg_nano.a(lib_a-nano-svfprintf.o) (_malloc_r)
c:/program files (x86)/gnu tools arm embedded/5.3 2016q1/bin/../lib/gcc/arm-none-eabi/5.3.1/../../../../arm-none-eabi/lib/armv7e-m\libg_nano.a(lib_a-nano-reallocr.o)
                              c:/program files (x86)/gnu tools arm embedded/5.3 2016q1/bin/../lib/gcc/arm-none-eabi/5.3.1/../../../../arm-none-eabi/lib/armv7e-m\libg_nano.a(lib_a-nano-svfprintf.o) (_realloc_r)
c:/program files (x86)/gnu tools arm embedded/5.3 2016q1/bin/../lib/gcc/arm-none-eabi/5.3.1/../../../../arm-none-eabi/lib/armv7e-m\libg_nano.a(lib_a-nano-msizer.o)
                              c:/program files (x86)/gnu tools arm embedded/5.3 2016q1/bin/../lib/gcc/arm-none-eabi/5.3.1/../../../../arm-none-eabi/lib/armv7e-m\libg_nano.a(lib_a-nano-reallocr.o) (_malloc_usable_size_r)

Allocating common symbols
Common symbol       size              file

HSEStartUpStatus    0x1               ./src/usb_bsp.o
fileR               0x424             ./src/usbh_usr.o
[...]
Memory Configuration

Name             Origin             Length             Attributes
RAM              0x20000000         0x00020000         xrw
CCMRAM           0x10000000         0x00010000         xrw
FLASH            0x08000000         0x00100000         xr
FLASHB1          0x00000000         0x00000000         xr
EXTMEMB0         0x00000000         0x00000000         xr
EXTMEMB1         0x00000000         0x00000000         xr
EXTMEMB2         0x00000000         0x00000000         xr
EXTMEMB3         0x00000000         0x00000000         xr
MEMORY_ARRAY     0x20002000         0x00000020         xrw
*default*        0x00000000         0xffffffff

Linker script and memory map

LOAD ./src/Audio.o
LOAD ./src/audioMP3.o
LOAD ./src/main.o
LOAD ./src/stm32f4xx_it.o
LOAD ./src/syscalls.o
LOAD ./src/system_stm32f4xx.o
LOAD ./src/timeKeeping.o
LOAD ./src/usb_bsp.o
LOAD ./src/usbh_usr.o
LOAD ./helix/real/bitstream.o
LOAD ./helix/real/buffers.o
LOAD ./helix/real/dct32.o
LOAD ./helix/real/dequant.o
LOAD ./helix/real/dqchan.o
LOAD ./helix/real/huffman.o
LOAD ./helix/real/hufftabs.o
LOAD ./helix/real/imdct.o
LOAD ./helix/real/polyphase.o
LOAD ./helix/real/scalfact.o
LOAD ./helix/real/stproc.o
LOAD ./helix/real/subband.o
LOAD ./helix/real/trigtabs_fixpt.o
LOAD ./helix/mp3dec.o
LOAD ./helix/mp3tabs.o
LOAD ./fat_fs/src/fattime.o
LOAD ./fat_fs/src/ff.o
LOAD ./cmsis_boot/startup_stm32f4xx.o
LOAD ./STM32_USB_OTG_Driver/src/usb_core.o
LOAD ./STM32_USB_OTG_Driver/src/usb_hcd.o
LOAD ./STM32_USB_OTG_Driver/src/usb_hcd_int.o
LOAD ./STM32_USB_HOST_Library/Core/src/usbh_core.o
LOAD ./STM32_USB_HOST_Library/Core/src/usbh_hcs.o
LOAD ./STM32_USB_HOST_Library/Core/src/usbh_ioreq.o
LOAD ./STM32_USB_HOST_Library/Core/src/usbh_stdreq.o
LOAD ./STM32_USB_HOST_Library/Class/MSC/src/usbh_msc_bot.o
LOAD ./STM32_USB_HOST_Library/Class/MSC/src/usbh_msc_core.o
LOAD ./STM32_USB_HOST_Library/Class/MSC/src/usbh_msc_fatfs.o
LOAD ./STM32_USB_HOST_Library/Class/MSC/src/usbh_msc_scsi.o
LOAD ./STM32F4xx_StdPeriph_Driver/src/misc.o
LOAD ./STM32F4xx_StdPeriph_Driver/src/stm32f4xx_adc.o
LOAD ./STM32F4xx_StdPeriph_Driver/src/stm32f4xx_dac.o
LOAD ./STM32F4xx_StdPeriph_Driver/src/stm32f4xx_dma.o
LOAD ./STM32F4xx_StdPeriph_Driver/src/stm32f4xx_exti.o
LOAD ./STM32F4xx_StdPeriph_Driver/src/stm32f4xx_gpio.o
LOAD ./STM32F4xx_StdPeriph_Driver/src/stm32f4xx_i2c.o
LOAD ./STM32F4xx_StdPeriph_Driver/src/stm32f4xx_pwr.o
LOAD ./STM32F4xx_StdPeriph_Driver/src/stm32f4xx_rcc.o
LOAD ./STM32F4xx_StdPeriph_Driver/src/stm32f4xx_rtc.o
LOAD ./STM32F4xx_StdPeriph_Driver/src/stm32f4xx_spi.o
LOAD ./STM32F4xx_StdPeriph_Driver/src/stm32f4xx_syscfg.o
LOAD ./STM32F4xx_StdPeriph_Driver/src/stm32f4xx_tim.o
LOAD ./STM32F4xx_StdPeriph_Driver/src/stm32f4xx_usart.o
LOAD ./STM32F4-Discovery/stm32f4_discovery.o
LOAD ./STM32F4-Discovery/stm32f4_discovery_lis302dl.o
LOAD c:/program files (x86)/gnu tools arm embedded/5.3 2016q1/bin/../lib/gcc/arm-none-eabi/5.3.1/../../../../arm-none-eabi/lib/armv7e-m\libstdc++_nano.a
LOAD c:/program files (x86)/gnu tools arm embedded/5.3 2016q1/bin/../lib/gcc/arm-none-eabi/5.3.1/../../../../arm-none-eabi/lib/armv7e-m\libm.a
START GROUP
LOAD c:/program files (x86)/gnu tools arm embedded/5.3 2016q1/bin/../lib/gcc/arm-none-eabi/5.3.1/armv7e-m\libgcc.a
LOAD c:/program files (x86)/gnu tools arm embedded/5.3 2016q1/bin/../lib/gcc/arm-none-eabi/5.3.1/../../../../arm-none-eabi/lib/armv7e-m\libg_nano.a
LOAD c:/program files (x86)/gnu tools arm embedded/5.3 2016q1/bin/../lib/gcc/arm-none-eabi/5.3.1/../../../../arm-none-eabi/lib/armv7e-m\libc_nano.a
END GROUP
START GROUP
LOAD c:/program files (x86)/gnu tools arm embedded/5.3 2016q1/bin/../lib/gcc/arm-none-eabi/5.3.1/armv7e-m\libgcc.a
LOAD c:/program files (x86)/gnu tools arm embedded/5.3 2016q1/bin/../lib/gcc/arm-none-eabi/5.3.1/../../../../arm-none-eabi/lib/armv7e-m\libc_nano.a
END GROUP
                0x20020000                __stack = (ORIGIN (RAM) + LENGTH (RAM))
                0x20020000                _estack = __stack
                0x00000400                __Main_Stack_Size = 0x400
                [!provide]                PROVIDE (_Main_Stack_Size, __Main_Stack_Size)
                0x2001fc00                __Main_Stack_Limit = (__stack - __Main_Stack_Size)
                [!provide]                PROVIDE (_Main_Stack_Limit, __Main_Stack_Limit)
                0x00000100                _Minimum_Stack_Size = 0x100
                [!provide]                PROVIDE (_Heap_Begin, _end_noinit)
                [!provide]                PROVIDE (_Heap_Limit, (__stack - __Main_Stack_Size))

.isr_vector     0x08000000      0x188
 FILL mask 0xff
                0x08000000                __vectors_start = ABSOLUTE (.)
                0x08000000                __vectors_start__ = ABSOLUTE (.)
 *(.isr_vector)
 .isr_vector    0x08000000      0x188 ./cmsis_boot/startup_stm32f4xx.o
                0x08000000                g_pfnVectors
 *(.cfmconfig)
 *(.after_vectors .after_vectors.*)

.inits          0x08000188       0x28
                0x08000188                __data_regions_array_start = .
                0x08000188        0x4 LONG 0x80163a8 LOADADDR (.data)
                0x0800018c        0x4 LONG 0x20000000 ADDR (.data)
                0x08000190        0x4 LONG 0x200000e0 (ADDR (.data) + SIZEOF (.data))
                0x08000194        0x4 LONG 0x80163a8 LOADADDR (.data_CCMRAM)
                0x08000198        0x4 LONG 0x10000000 ADDR (.data_CCMRAM)
                0x0800019c        0x4 LONG 0x10000000 (ADDR (.data_CCMRAM) + SIZEOF (.data_CCMRAM))
                0x080001a0                __data_regions_array_end = .
                0x080001a0                __bss_regions_array_start = .
                0x080001a0        0x4 LONG 0x200008e0 ADDR (.bss)
                0x080001a4        0x4 LONG 0x200181a8 (ADDR (.bss) + SIZEOF (.bss))
                0x080001a8        0x4 LONG 0x10000000 ADDR (.bss_CCMRAM)
                0x080001ac        0x4 LONG 0x10000000 (ADDR (.bss_CCMRAM) + SIZEOF (.bss_CCMRAM))
                0x080001b0                __bss_regions_array_end = .
 *(.init)
 *(.fini)
                0x080001b0                . = ALIGN (0x4)
                [!provide]                PROVIDE (__preinit_array_start, .)
 *(.preinit_array_sysinit .preinit_array_sysinit.*)
 *(.preinit_array_platform .preinit_array_platform.*)
 *(.preinit_array .preinit_array.*)
                [!provide]                PROVIDE (__preinit_array_end, .)
                0x080001b0                . = ALIGN (0x4)
                [!provide]                PROVIDE (__init_array_start, .)
 *(SORT(.init_array.*))
 *(.init_array)
                [!provide]                PROVIDE (__init_array_end, .)
                0x080001b0                . = ALIGN (0x4)
                [!provide]                PROVIDE (__fini_array_start, .)
 *(SORT(.fini_array.*))
 *(.fini_array)
                [!provide]                PROVIDE (__fini_array_end, .)

.flashtext
 *(.flashtext .flashtext.*)

.text           0x080001b0    0x161f5
 *(.text .text.*)
 .text.InitializeAudio
                0x080001b0      0x270 ./src/Audio.o
                0x080001b0                InitializeAudio
 .text.SetAudioVolume
                0x08000420       0x14 ./src/Audio.o
                0x08000420                SetAudioVolume
 .text.PlayAudioWithCallback
                0x08000434       0x4c ./src/Audio.o
                0x08000434                PlayAudioWithCallback
 .text.StopAudio
                0x08000480       0x18 ./src/Audio.o
                0x08000480                StopAudio
 .text.ProvideAudioBuffer
                0x08000498       0x2c ./src/Audio.o
                0x08000498                ProvideAudioBuffer
 .text.ProvideAudioBufferWithoutBlocking
                0x080004c4       0x7c ./src/Audio.o
                0x080004c4                ProvideAudioBufferWithoutBlocking
 .text.StartAudioDMAAndRequestBuffers
                0x08000540       0xa8 ./src/Audio.o
 .text.StopAudioDMA
                0x080005e8       0x34 ./src/Audio.o
 .text.DMA1_Stream5_IRQHandler
                0x0800061c       0x34 ./src/Audio.o
                0x0800061c                DMA1_Stream5_IRQHandler
 .text.I2C_start
                0x08000650       0x88 ./src/Audio.o
                0x08000650                I2C_start
 .text.I2C_write
                0x080006d8       0x34 ./src/Audio.o
                0x080006d8                I2C_write
 .text.I2C_stop
                0x0800070c       0x18 ./src/Audio.o
                0x0800070c                I2C_stop
 .text.WriteRegister
                0x08000724       0x40 ./src/Audio.o
 .text.NVIC_SetPriority
                0x08000764       0x54 ./src/audioMP3.o
 .text.SysTick_Config
                0x080007b8       0x44 ./src/audioMP3.o
 .text.audioToMp3
                0x080007fc       0xec ./src/audioMP3.o
                0x080007fc                audioToMp3
 .text.get_filename_ext
                0x080008e8       0x34 ./src/audioMP3.o
                0x080008e8                get_filename_ext
 .text.play_directory
                0x0800091c       0xe4 ./src/audioMP3.o
 .text.fill_mp3_buffer
                0x08000a00      0x250 ./src/audioMP3.o
 .text.play_mp3
                0x08000c50      0x158 ./src/audioMP3.o
 .text.AudioCallback
                0x08000da8      0x15c ./src/audioMP3.o
 .text.TimingDelay_Decrement
                0x08000f04       0x30 ./src/audioMP3.o
                0x08000f04                TimingDelay_Decrement
 .text._init    0x08000f34        0xc ./src/audioMP3.o
                0x08000f34                _init
 .text.Mp3ReadId3V2Text
                0x08000f40       0xe4 ./src/audioMP3.o
 .text.Mp3ReadId3V2Tag
                0x08001024      0x288 ./src/audioMP3.o
 .text.main     0x080012ac       0x50 ./src/main.o
                0x080012ac                main
 .text.TIM5_IRQHandler
                0x080012fc      0x1b0 ./src/main.o
                0x080012fc                TIM5_IRQHandler
 .text.RTC_Alarm_IRQHandler
                0x080014ac       0x38 ./src/main.o
                0x080014ac                RTC_Alarm_IRQHandler
 .text.display7Seg
                0x080014e4      0x1c8 ./src/main.o
                0x080014e4                display7Seg
 .text.setTime  0x080016ac       0x68 ./src/main.o
                0x080016ac                setTime
 .text.setAlarm
                0x08001714       0x84 ./src/main.o
                0x08001714                setAlarm
 .text.snooze   0x08001798       0xf8 ./src/main.o
                0x08001798                snooze
 .text.getCurrentTime
                0x08001890       0xd8 ./src/main.o
                0x08001890                getCurrentTime
 .text.set24Hour
                0x08001968       0xac ./src/main.o
                0x08001968                set24Hour
 .text.buttonControls
                0x08001a14       0xc0 ./src/main.o
                0x08001a14                buttonControls
 .text.configuration
                0x08001ad4      0x2f0 ./src/main.o
                0x08001ad4                configuration
 .text.NMI_Handler
                0x08001dc4        0xc ./src/stm32f4xx_it.o
                0x08001dc4                NMI_Handler
 .text.HardFault_Handler
                0x08001dd0        0x8 ./src/stm32f4xx_it.o
                0x08001dd0                HardFault_Handler
 .text.MemManage_Handler
                0x08001dd8        0x8 ./src/stm32f4xx_it.o
                0x08001dd8                MemManage_Handler
 .text.BusFault_Handler
                0x08001de0        0x8 ./src/stm32f4xx_it.o
                0x08001de0                BusFault_Handler
 .text.UsageFault_Handler
                0x08001de8        0x8 ./src/stm32f4xx_it.o
                0x08001de8                UsageFault_Handler
 .text.SVC_Handler
                0x08001df0        0xc ./src/stm32f4xx_it.o
                0x08001df0                SVC_Handler
 .text.DebugMon_Handler
                0x08001dfc        0xc ./src/stm32f4xx_it.o
                0x08001dfc                DebugMon_Handler
 .text.PendSV_Handler
                0x08001e08        0xc ./src/stm32f4xx_it.o
                0x08001e08                PendSV_Handler
 .text.SysTick_Handler
                0x08001e14        0xc ./src/stm32f4xx_it.o
                0x08001e14                SysTick_Handler
 .text.EXTI1_IRQHandler
                0x08001e20       0x10 ./src/stm32f4xx_it.o
                0x08001e20                EXTI1_IRQHandler
 .text.EXTI0_IRQHandler
                0x08001e30       0x10 ./src/stm32f4xx_it.o
                0x08001e30                EXTI0_IRQHandler
 .text.TIM2_IRQHandler
                0x08001e40        0xc ./src/stm32f4xx_it.o
                0x08001e40                TIM2_IRQHandler
 .text.OTG_FS_IRQHandler
                0x08001e4c       0x14 ./src/stm32f4xx_it.o
                0x08001e4c                OTG_FS_IRQHandler
 .text._sbrk_r  0x08001e60       0x54 ./src/syscalls.o
                0x08001e60                _sbrk_r
 .text.SystemInit
                0x08001eb4       0x5c ./src/system_stm32f4xx.o
                0x08001eb4                SystemInit
 .text.SetSysClock
                0x08001f10       0xf4 ./src/system_stm32f4xx.o
 .text.timeHourCheck
                0x08002004       0x54 ./src/timeKeeping.o
                0x08002004                timeHourCheck
 .text.timeMinuteCheck
                0x08002058       0x40 ./src/timeKeeping.o
                0x08002058                timeMinuteCheck
 .text.alarmHourCheck
                0x08002098       0x54 ./src/timeKeeping.o
                0x08002098                alarmHourCheck
 .text.alarmMinuteCheck
                0x080020ec       0x40 ./src/timeKeeping.o
                0x080020ec                alarmMinuteCheck
 .text.USB_OTG_BSP_Init
                0x0800212c       0x9c ./src/usb_bsp.o
                0x0800212c                USB_OTG_BSP_Init
 .text.USB_OTG_BSP_EnableInterrupt
                0x080021c8       0x4c ./src/usb_bsp.o
                0x080021c8                USB_OTG_BSP_EnableInterrupt
 .text.USB_OTG_BSP_DriveVBUS
                0x08002214       0x30 ./src/usb_bsp.o
                0x08002214                USB_OTG_BSP_DriveVBUS
 .text.USB_OTG_BSP_ConfigVBUS
                0x08002244       0x4c ./src/usb_bsp.o
                0x08002244                USB_OTG_BSP_ConfigVBUS
 .text.USB_OTG_BSP_TimeInit
                0x08002290       0x40 ./src/usb_bsp.o
 .text.USB_OTG_BSP_uDelay
                0x080022d0       0x18 ./src/usb_bsp.o
                0x080022d0                USB_OTG_BSP_uDelay
 .text.USB_OTG_BSP_mDelay
                0x080022e8       0x18 ./src/usb_bsp.o
                0x080022e8                USB_OTG_BSP_mDelay
 .text.USB_OTG_BSP_TimerIRQ
                0x08002300       0x44 ./src/usb_bsp.o
                0x08002300                USB_OTG_BSP_TimerIRQ
 .text.BSP_Delay
                0x08002344       0x3c ./src/usb_bsp.o
 .text.BSP_SetTime
                0x08002380       0x84 ./src/usb_bsp.o
 .text.USBH_USR_Init
                0x08002404        0xc ./src/usbh_usr.o
                0x08002404                USBH_USR_Init
 .text.USBH_USR_DeviceAttached
                0x08002410       0x18 ./src/usbh_usr.o
                0x08002410                USBH_USR_DeviceAttached
 .text.USBH_USR_UnrecoveredError
                0x08002428        0xc ./src/usbh_usr.o
                0x08002428                USBH_USR_UnrecoveredError
 .text.USBH_USR_DeviceDisconnected
                0x08002434       0x2c ./src/usbh_usr.o
                0x08002434                USBH_USR_DeviceDisconnected
 .text.USBH_USR_ResetDevice
                0x08002460        0xc ./src/usbh_usr.o
                0x08002460                USBH_USR_ResetDevice
 .text.USBH_USR_DeviceSpeedDetected
                0x0800246c       0x14 ./src/usbh_usr.o
                0x0800246c                USBH_USR_DeviceSpeedDetected
 .text.USBH_USR_Device_DescAvailable
                0x08002480       0x14 ./src/usbh_usr.o
                0x08002480                USBH_USR_Device_DescAvailable
 .text.USBH_USR_DeviceAddressAssigned
                0x08002494        0xc ./src/usbh_usr.o
                0x08002494                USBH_USR_DeviceAddressAssigned
 .text.USBH_USR_Configuration_DescAvailable
                0x080024a0       0x18 ./src/usbh_usr.o
                0x080024a0                USBH_USR_Configuration_DescAvailable
 .text.USBH_USR_Manufacturer_String
                0x080024b8       0x14 ./src/usbh_usr.o
                0x080024b8                USBH_USR_Manufacturer_String
 .text.USBH_USR_Product_String
                0x080024cc       0x14 ./src/usbh_usr.o
                0x080024cc                USBH_USR_Product_String
 .text.USBH_USR_SerialNum_String
                0x080024e0       0x14 ./src/usbh_usr.o
                0x080024e0                USBH_USR_SerialNum_String
 .text.USBH_USR_EnumerationDone
                0x080024f4       0x14 ./src/usbh_usr.o
                0x080024f4                USBH_USR_EnumerationDone
 .text.USBH_USR_DeviceNotSupported
                0x08002508        0xc ./src/usbh_usr.o
                0x08002508                USBH_USR_DeviceNotSupported
 .text.USBH_USR_UserInput
                0x08002514       0x10 ./src/usbh_usr.o
                0x08002514                USBH_USR_UserInput
 .text.USBH_USR_OverCurrentDetected
                0x08002524        0xc ./src/usbh_usr.o
                0x08002524                USBH_USR_OverCurrentDetected
 .text.USBH_USR_MSC_Application
                0x08002530       0x40 ./src/usbh_usr.o
                0x08002530                USBH_USR_MSC_Application
 .text.USBH_USR_DeInit
                0x08002570        0xc ./src/usbh_usr.o
                0x08002570                USBH_USR_DeInit
 .text.xmp3fixpt_SetBitstreamPointer
                0x0800257c       0x30 ./helix/real/bitstream.o
                0x0800257c                xmp3fixpt_SetBitstreamPointer
 .text.RefillBitstreamCache
                0x080025ac       0xe0 ./helix/real/bitstream.o
 .text.xmp3fixpt_GetBits
                0x0800268c       0x90 ./helix/real/bitstream.o
                0x0800268c                xmp3fixpt_GetBits
 .text.xmp3fixpt_CalcBitsUsed
                0x0800271c       0x38 ./helix/real/bitstream.o
                0x0800271c                xmp3fixpt_CalcBitsUsed
 .text.xmp3fixpt_CheckPadBit
                0x08002754       0x3c ./helix/real/bitstream.o
                0x08002754                xmp3fixpt_CheckPadBit
 .text.xmp3fixpt_UnpackFrameHeader
                0x08002790      0x304 ./helix/real/bitstream.o
                0x08002790                xmp3fixpt_UnpackFrameHeader
 .text.xmp3fixpt_UnpackSideInfo
                0x08002a94      0x33c ./helix/real/bitstream.o
                0x08002a94                xmp3fixpt_UnpackSideInfo
 .text.ClearBuffer
                0x08002dd0       0x38 ./helix/real/buffers.o
 .text.xmp3fixpt_AllocateBuffers
                0x08002e08       0xf4 ./helix/real/buffers.o
                0x08002e08                xmp3fixpt_AllocateBuffers
 .text.xmp3fixpt_FreeBuffers
                0x08002efc       0x14 ./helix/real/buffers.o
                0x08002efc                xmp3fixpt_FreeBuffers
 .text.MULSHIFT32
                0x08002f10       0x24 ./helix/real/dct32.o
 .text.xmp3fixpt_FDCT32
                0x08002f34      0xe6c ./helix/real/dct32.o
                0x08002f34                xmp3fixpt_FDCT32
 .text.CLZ      0x08003da0       0x1c ./helix/real/dequant.o
 .text.xmp3fixpt_Dequantize
                0x08003dbc      0x384 ./helix/real/dequant.o
                0x08003dbc                xmp3fixpt_Dequantize
 .text.MULSHIFT32
                0x08004140       0x24 ./helix/real/dqchan.o
 .text.CLZ      0x08004164       0x1c ./helix/real/dqchan.o
 .text.DequantBlock
                0x08004180      0x264 ./helix/real/dqchan.o
 .text.xmp3fixpt_DequantChannel
                0x080043e4      0x360 ./helix/real/dqchan.o
                0x080043e4                xmp3fixpt_DequantChannel
 .text.DecodeHuffmanPairs
                0x08004744      0x5d4 ./helix/real/huffman.o
 .text.DecodeHuffmanQuads
                0x08004d18      0x278 ./helix/real/huffman.o
 .text.xmp3fixpt_DecodeHuffman
                0x08004f90      0x2d8 ./helix/real/huffman.o
                0x08004f90                xmp3fixpt_DecodeHuffman
 .text.MULSHIFT32
                0x08005268       0x24 ./helix/real/imdct.o
 .text.FASTABS  0x0800528c       0x2c ./helix/real/imdct.o
 .text.CLZ      0x080052b8       0x1c ./helix/real/imdct.o
 .text.AntiAlias
                0x080052d4      0x360 ./helix/real/imdct.o
 .text.WinPrevious
                0x08005634      0x2cc ./helix/real/imdct.o
 .text.FreqInvertRescale
                0x08005900      0x34c ./helix/real/imdct.o
 .text.idct9    0x08005c4c      0x2dc ./helix/real/imdct.o
 .text.IMDCT36  0x08005f28      0x470 ./helix/real/imdct.o
 .text.imdct12  0x08006398      0x198 ./helix/real/imdct.o
 .text.IMDCT12x3
                0x08006530      0x430 ./helix/real/imdct.o
 .text.HybridTransform
                0x08006960      0x240 ./helix/real/imdct.o
 .text.xmp3fixpt_IMDCT
                0x08006ba0      0x2a8 ./helix/real/imdct.o
                0x08006ba0                xmp3fixpt_IMDCT
 .text.MADD64   0x08006e48       0x38 ./helix/real/polyphase.o
 .text.SAR64    0x08006e80       0x40 ./helix/real/polyphase.o
 .text.ClipToShort
                0x08006ec0       0x40 ./helix/real/polyphase.o
 .text.xmp3fixpt_PolyphaseMono
                0x08006f00      0x784 ./helix/real/polyphase.o
                0x08006f00                xmp3fixpt_PolyphaseMono
 .text.xmp3fixpt_PolyphaseStereo
                0x08007684      0xd0c ./helix/real/polyphase.o
                0x08007684                xmp3fixpt_PolyphaseStereo
 .text.UnpackSFMPEG1
                0x08008390      0x314 ./helix/real/scalfact.o
 .text.UnpackSFMPEG2
                0x080086a4      0x4a4 ./helix/real/scalfact.o
 .text.xmp3fixpt_UnpackScaleFactors
                0x08008b48      0x1b4 ./helix/real/scalfact.o
                0x08008b48                xmp3fixpt_UnpackScaleFactors
 .text.MULSHIFT32
                0x08008cfc       0x24 ./helix/real/stproc.o
 .text.FASTABS  0x08008d20       0x2c ./helix/real/stproc.o
 .text.xmp3fixpt_MidSideProc
                0x08008d4c       0xb4 ./helix/real/stproc.o
                0x08008d4c                xmp3fixpt_MidSideProc
 .text.xmp3fixpt_IntensityProcMPEG1
                0x08008e00      0x42c ./helix/real/stproc.o
                0x08008e00                xmp3fixpt_IntensityProcMPEG1
 .text.xmp3fixpt_IntensityProcMPEG2
                0x0800922c      0x4e0 ./helix/real/stproc.o
                0x0800922c                xmp3fixpt_IntensityProcMPEG2
 .text.xmp3fixpt_Subband
                0x0800970c      0x19c ./helix/real/subband.o
                0x0800970c                xmp3fixpt_Subband
 .text.MP3InitDecoder
                0x080098a8       0x18 ./helix/mp3dec.o
                0x080098a8                MP3InitDecoder
 .text.MP3FindSyncWord
                0x080098c0       0x50 ./helix/mp3dec.o
                0x080098c0                MP3FindSyncWord
 .text.MP3FindFreeSync
                0x08009910       0xa0 ./helix/mp3dec.o
 .text.MP3GetLastFrameInfo
                0x080099b0       0xc0 ./helix/mp3dec.o
                0x080099b0                MP3GetLastFrameInfo
 .text.MP3ClearBadFrame
                0x08009a70       0x54 ./helix/mp3dec.o
 .text.MP3Decode
                0x08009ac4      0x434 ./helix/mp3dec.o
                0x08009ac4                MP3Decode
 .text.get_fattime
                0x08009ef8       0x10 ./fat_fs/src/fattime.o
                0x08009ef8                get_fattime
 .text.mem_cpy  0x08009f08       0x3c ./fat_fs/src/ff.o
 .text.mem_set  0x08009f44       0x34 ./fat_fs/src/ff.o
 .text.mem_cmp  0x08009f78       0x50 ./fat_fs/src/ff.o
 .text.chk_chr  0x08009fc8       0x3c ./fat_fs/src/ff.o
 .text.move_window
                0x0800a004       0xb4 ./fat_fs/src/ff.o
 .text.sync     0x0800a0b8      0x13c ./fat_fs/src/ff.o
 .text.get_fat  0x0800a1f4      0x1e4 ./fat_fs/src/ff.o
                0x0800a1f4                get_fat
 .text.put_fat  0x0800a3d8      0x254 ./fat_fs/src/ff.o
                0x0800a3d8                put_fat
 .text.remove_chain
                0x0800a62c       0xa0 ./fat_fs/src/ff.o
 .text.create_chain
                0x0800a6cc      0x104 ./fat_fs/src/ff.o
 .text.clust2sect
                0x0800a7d0       0x3c ./fat_fs/src/ff.o
                0x0800a7d0                clust2sect
 .text.dir_seek
                0x0800a80c      0x13c ./fat_fs/src/ff.o
 .text.dir_next
                0x0800a948      0x1e4 ./fat_fs/src/ff.o
 .text.dir_find
                0x0800ab2c       0x98 ./fat_fs/src/ff.o
 .text.dir_read
                0x0800abc4       0x98 ./fat_fs/src/ff.o
 .text.dir_register
                0x0800ac5c       0xc4 ./fat_fs/src/ff.o
 .text.create_name
                0x0800ad20      0x164 ./fat_fs/src/ff.o
 .text.get_fileinfo
                0x0800ae84      0x120 ./fat_fs/src/ff.o
 .text.follow_path
                0x0800afa4      0x110 ./fat_fs/src/ff.o
 .text.check_fs
                0x0800b0b4       0xcc ./fat_fs/src/ff.o
 .text.chk_mounted
                0x0800b180      0x4b0 ./fat_fs/src/ff.o
                0x0800b180                chk_mounted
 .text.validate
                0x0800b630       0x4c ./fat_fs/src/ff.o
 .text.f_mount  0x0800b67c       0x54 ./fat_fs/src/ff.o
                0x0800b67c                f_mount
 .text.f_open   0x0800b6d0      0x2e4 ./fat_fs/src/ff.o
                0x0800b6d0                f_open
 .text.f_read   0x0800b9b4      0x318 ./fat_fs/src/ff.o
                0x0800b9b4                f_read
 .text.f_sync   0x0800bccc      0x170 ./fat_fs/src/ff.o
                0x0800bccc                f_sync
 .text.f_close  0x0800be3c       0x28 ./fat_fs/src/ff.o
                0x0800be3c                f_close
 .text.f_lseek  0x0800be64      0x2f8 ./fat_fs/src/ff.o
                0x0800be64                f_lseek
 .text.f_opendir
                0x0800c15c       0xc4 ./fat_fs/src/ff.o
                0x0800c15c                f_opendir
 .text.f_readdir
                0x0800c220       0x90 ./fat_fs/src/ff.o
                0x0800c220                f_readdir
 .text.Default_Reset_Handler
                0x0800c2b0       0x60 ./cmsis_boot/startup_stm32f4xx.o
                0x0800c2b0                Default_Reset_Handler
                0x0800c2b0                Reset_Handler
 .text.Default_Handler
                0x0800c310        0x8 ./cmsis_boot/startup_stm32f4xx.o
                0x0800c310                HASH_RNG_IRQHandler
                0x0800c310                EXTI2_IRQHandler
                0x0800c310                TIM8_CC_IRQHandler
                0x0800c310                TIM1_CC_IRQHandler
                0x0800c310                DMA2_Stream5_IRQHandler
                0x0800c310                PVD_IRQHandler
                0x0800c310                SDIO_IRQHandler
                0x0800c310                TAMP_STAMP_IRQHandler
                0x0800c310                CAN2_RX1_IRQHandler
                0x0800c310                EXTI3_IRQHandler
                0x0800c310                TIM8_TRG_COM_TIM14_IRQHandler
                0x0800c310                TIM1_UP_TIM10_IRQHandler
                0x0800c310                TIM8_UP_TIM13_IRQHandler
                0x0800c310                I2C3_ER_IRQHandler
                0x0800c310                I2C2_EV_IRQHandler
                0x0800c310                DMA1_Stream2_IRQHandler
                0x0800c310                CAN1_RX0_IRQHandler
                0x0800c310                FPU_IRQHandler
                0x0800c310                OTG_HS_WKUP_IRQHandler
                0x0800c310                CAN2_SCE_IRQHandler
                0x0800c310                DMA2_Stream2_IRQHandler
                0x0800c310                SPI1_IRQHandler
                0x0800c310                TIM6_DAC_IRQHandler
                0x0800c310                TIM1_BRK_TIM9_IRQHandler
                0x0800c310                DCMI_IRQHandler
                0x0800c310                CAN2_RX0_IRQHandler
                0x0800c310                DMA2_Stream3_IRQHandler
                0x0800c310                USART6_IRQHandler
                0x0800c310                USART3_IRQHandler
                0x0800c310                CRYP_IRQHandler
                0x0800c310                CAN1_RX1_IRQHandler
                0x0800c310                UART5_IRQHandler
                0x0800c310                DMA2_Stream0_IRQHandler
                0x0800c310                TIM4_IRQHandler
                0x0800c310                I2C1_EV_IRQHandler
                0x0800c310                DMA1_Stream6_IRQHandler
                0x0800c310                DMA1_Stream1_IRQHandler
                0x0800c310                UART4_IRQHandler
                0x0800c310                TIM3_IRQHandler
                0x0800c310                RCC_IRQHandler
                0x0800c310                TIM8_BRK_TIM12_IRQHandler
                0x0800c310                EXTI15_10_IRQHandler
                0x0800c310                ADC_IRQHandler
                0x0800c310                DMA1_Stream7_IRQHandler
                0x0800c310                TIM7_IRQHandler
                0x0800c310                CAN2_TX_IRQHandler
                0x0800c310                DMA2_Stream7_IRQHandler
                0x0800c310                I2C3_EV_IRQHandler
                0x0800c310                EXTI9_5_IRQHandler
                0x0800c310                RTC_WKUP_IRQHandler
                0x0800c310                ETH_WKUP_IRQHandler
                0x0800c310                SPI2_IRQHandler
                0x0800c310                OTG_HS_EP1_IN_IRQHandler
                0x0800c310                DMA1_Stream0_IRQHandler
                0x0800c310                CAN1_TX_IRQHandler
                0x0800c310                EXTI4_IRQHandler
                0x0800c310                FSMC_IRQHandler
                0x0800c310                ETH_IRQHandler
                0x0800c310                OTG_HS_EP1_OUT_IRQHandler
                0x0800c310                WWDG_IRQHandler
                0x0800c310                OTG_FS_WKUP_IRQHandler
                0x0800c310                TIM1_TRG_COM_TIM11_IRQHandler
                0x0800c310                OTG_HS_IRQHandler
                0x0800c310                USART2_IRQHandler
                0x0800c310                I2C2_ER_IRQHandler
                0x0800c310                DMA2_Stream1_IRQHandler
                0x0800c310                CAN1_SCE_IRQHandler
                0x0800c310                FLASH_IRQHandler
                0x0800c310                DMA2_Stream4_IRQHandler
                0x0800c310                USART1_IRQHandler
                0x0800c310                SPI3_IRQHandler
                0x0800c310                DMA1_Stream4_IRQHandler
                0x0800c310                I2C1_ER_IRQHandler
                0x0800c310                DMA2_Stream6_IRQHandler
                0x0800c310                DMA1_Stream3_IRQHandler
 .text.USB_OTG_EnableCommonInt
                0x0800c318       0x44 ./STM32_USB_OTG_Driver/src/usb_core.o
 .text.USB_OTG_CoreReset
                0x0800c35c       0x90 ./STM32_USB_OTG_Driver/src/usb_core.o
 .text.USB_OTG_WritePacket
                0x0800c3ec       0x74 ./STM32_USB_OTG_Driver/src/usb_core.o
                0x0800c3ec                USB_OTG_WritePacket
 .text.USB_OTG_ReadPacket
                0x0800c460       0x58 ./STM32_USB_OTG_Driver/src/usb_core.o
                0x0800c460                USB_OTG_ReadPacket
 .text.USB_OTG_SelectCore
                0x0800c4b8      0x174 ./STM32_USB_OTG_Driver/src/usb_core.o
                0x0800c4b8                USB_OTG_SelectCore
 .text.USB_OTG_CoreInit
                0x0800c62c      0x1dc ./STM32_USB_OTG_Driver/src/usb_core.o
                0x0800c62c                USB_OTG_CoreInit
 .text.USB_OTG_EnableGlobalInt
                0x0800c808       0x34 ./STM32_USB_OTG_Driver/src/usb_core.o
                0x0800c808                USB_OTG_EnableGlobalInt
 .text.USB_OTG_DisableGlobalInt
                0x0800c83c       0x38 ./STM32_USB_OTG_Driver/src/usb_core.o
                0x0800c83c                USB_OTG_DisableGlobalInt
 .text.USB_OTG_FlushTxFifo
                0x0800c874       0x74 ./STM32_USB_OTG_Driver/src/usb_core.o
                0x0800c874                USB_OTG_FlushTxFifo
 .text.USB_OTG_FlushRxFifo
                0x0800c8e8       0x60 ./STM32_USB_OTG_Driver/src/usb_core.o
                0x0800c8e8                USB_OTG_FlushRxFifo
 .text.USB_OTG_SetCurrentMode
                0x0800c948       0x60 ./STM32_USB_OTG_Driver/src/usb_core.o
                0x0800c948                USB_OTG_SetCurrentMode
 .text.USB_OTG_GetMode
                0x0800c9a8       0x1c ./STM32_USB_OTG_Driver/src/usb_core.o
                0x0800c9a8                USB_OTG_GetMode
 .text.USB_OTG_IsHostMode
                0x0800c9c4       0x24 ./STM32_USB_OTG_Driver/src/usb_core.o
                0x0800c9c4                USB_OTG_IsHostMode
 .text.USB_OTG_ReadCoreItr
                0x0800c9e8       0x2c ./STM32_USB_OTG_Driver/src/usb_core.o
                0x0800c9e8                USB_OTG_ReadCoreItr
 .text.USB_OTG_CoreInitHost
                0x0800ca14       0xe0 ./STM32_USB_OTG_Driver/src/usb_core.o
                0x0800ca14                USB_OTG_CoreInitHost
 .text.USB_OTG_IsEvenFrame
                0x0800caf4       0x28 ./STM32_USB_OTG_Driver/src/usb_core.o
                0x0800caf4                USB_OTG_IsEvenFrame
 .text.USB_OTG_DriveVbus
                0x0800cb1c       0x7c ./STM32_USB_OTG_Driver/src/usb_core.o
                0x0800cb1c                USB_OTG_DriveVbus
 .text.USB_OTG_EnableHostInt
                0x0800cb98       0x80 ./STM32_USB_OTG_Driver/src/usb_core.o
                0x0800cb98                USB_OTG_EnableHostInt
 .text.USB_OTG_InitFSLSPClkSel
                0x0800cc18       0x38 ./STM32_USB_OTG_Driver/src/usb_core.o
                0x0800cc18                USB_OTG_InitFSLSPClkSel
 .text.USB_OTG_ReadHPRT0
                0x0800cc50       0x40 ./STM32_USB_OTG_Driver/src/usb_core.o
                0x0800cc50                USB_OTG_ReadHPRT0
 .text.USB_OTG_ReadHostAllChannels_intr
                0x0800cc90       0x18 ./STM32_USB_OTG_Driver/src/usb_core.o
                0x0800cc90                USB_OTG_ReadHostAllChannels_intr
 .text.USB_OTG_ResetPort
                0x0800cca8       0x4c ./STM32_USB_OTG_Driver/src/usb_core.o
                0x0800cca8                USB_OTG_ResetPort
 .text.USB_OTG_HC_Init
                0x0800ccf4      0x298 ./STM32_USB_OTG_Driver/src/usb_core.o
                0x0800ccf4                USB_OTG_HC_Init
 .text.USB_OTG_HC_StartXfer
                0x0800cf8c      0x2b0 ./STM32_USB_OTG_Driver/src/usb_core.o
                0x0800cf8c                USB_OTG_HC_StartXfer
 .text.USB_OTG_HC_Halt
                0x0800d23c       0x9c ./STM32_USB_OTG_Driver/src/usb_core.o
                0x0800d23c                USB_OTG_HC_Halt
 .text.USB_OTG_HC_DoPing
                0x0800d2d8       0x74 ./STM32_USB_OTG_Driver/src/usb_core.o
                0x0800d2d8                USB_OTG_HC_DoPing
 .text.HCD_Init
                0x0800d34c       0x8c ./STM32_USB_OTG_Driver/src/usb_hcd.o
                0x0800d34c                HCD_Init
 .text.HCD_GetCurrentSpeed
                0x0800d3d8       0x24 ./STM32_USB_OTG_Driver/src/usb_hcd.o
                0x0800d3d8                HCD_GetCurrentSpeed
 .text.HCD_ResetPort
                0x0800d3fc       0x18 ./STM32_USB_OTG_Driver/src/usb_hcd.o
                0x0800d3fc                HCD_ResetPort
 .text.HCD_IsDeviceConnected
                0x0800d414       0x18 ./STM32_USB_OTG_Driver/src/usb_hcd.o
                0x0800d414                HCD_IsDeviceConnected
 .text.HCD_GetCurrentFrame
                0x0800d42c       0x1c ./STM32_USB_OTG_Driver/src/usb_hcd.o
                0x0800d42c                HCD_GetCurrentFrame
 .text.HCD_GetURB_State
                0x0800d448       0x24 ./STM32_USB_OTG_Driver/src/usb_hcd.o
                0x0800d448                HCD_GetURB_State
 .text.HCD_GetXferCnt
                0x0800d46c       0x20 ./STM32_USB_OTG_Driver/src/usb_hcd.o
                0x0800d46c                HCD_GetXferCnt
 .text.HCD_SubmitRequest
                0x0800d48c       0x3c ./STM32_USB_OTG_Driver/src/usb_hcd.o
                0x0800d48c                HCD_SubmitRequest
 .text.USBH_OTG_ISR_Handler
                0x0800d4c8      0x10c ./STM32_USB_OTG_Driver/src/usb_hcd_int.o
                0x0800d4c8                USBH_OTG_ISR_Handler
 .text.USB_OTG_USBH_handle_hc_ISR
                0x0800d5d4       0x8c ./STM32_USB_OTG_Driver/src/usb_hcd_int.o
 .text.USB_OTG_USBH_handle_sof_ISR
                0x0800d660       0x28 ./STM32_USB_OTG_Driver/src/usb_hcd_int.o
 .text.USB_OTG_USBH_handle_Disconnect_ISR
                0x0800d688       0x3c ./STM32_USB_OTG_Driver/src/usb_hcd_int.o
 .text.USB_OTG_USBH_handle_nptxfempty_ISR
                0x0800d6c4      0x188 ./STM32_USB_OTG_Driver/src/usb_hcd_int.o
 .text.USB_OTG_USBH_handle_ptxfempty_ISR
                0x0800d84c      0x188 ./STM32_USB_OTG_Driver/src/usb_hcd_int.o
 .text.USB_OTG_USBH_handle_port_ISR
                0x0800d9d4      0x164 ./STM32_USB_OTG_Driver/src/usb_hcd_int.o
 .text.USB_OTG_USBH_handle_hc_n_Out_ISR
                0x0800db38      0x4f0 ./STM32_USB_OTG_Driver/src/usb_hcd_int.o
 .text.USB_OTG_USBH_handle_hc_n_In_ISR
                0x0800e028      0x5b0 ./STM32_USB_OTG_Driver/src/usb_hcd_int.o
 .text.USB_OTG_USBH_handle_rx_qlvl_ISR
                0x0800e5d8      0x198 ./STM32_USB_OTG_Driver/src/usb_hcd_int.o
 .text.USB_OTG_USBH_handle_IncompletePeriodicXfer_ISR
                0x0800e770       0x4c ./STM32_USB_OTG_Driver/src/usb_hcd_int.o
 .text.USBH_Connect
                0x0800e7bc       0x2c ./STM32_USB_HOST_Library/Core/src/usbh_core.o
                0x0800e7bc                USBH_Connect
 .text.USBH_Disconnect
                0x0800e7e8       0x2c ./STM32_USB_HOST_Library/Core/src/usbh_core.o
                0x0800e7e8                USBH_Disconnect
 .text.USBH_Init
                0x0800e814       0x74 ./STM32_USB_HOST_Library/Core/src/usbh_core.o
                0x0800e814                USBH_Init
 .text.USBH_DeInit
                0x0800e888       0x60 ./STM32_USB_HOST_Library/Core/src/usbh_core.o
                0x0800e888                USBH_DeInit
 .text.USBH_Process
                0x0800e8e8      0x280 ./STM32_USB_HOST_Library/Core/src/usbh_core.o
                0x0800e8e8                USBH_Process
 .text.USBH_ErrorHandle
                0x0800eb68       0x48 ./STM32_USB_HOST_Library/Core/src/usbh_core.o
                0x0800eb68                USBH_ErrorHandle
 .text.USBH_HandleEnum
                0x0800ebb0      0x2e0 ./STM32_USB_HOST_Library/Core/src/usbh_core.o
 .text.USBH_HandleControl
                0x0800ee90      0x350 ./STM32_USB_HOST_Library/Core/src/usbh_core.o
                0x0800ee90                USBH_HandleControl
 .text.USBH_Open_Channel
                0x0800f1e0       0xf8 ./STM32_USB_HOST_Library/Core/src/usbh_hcs.o
                0x0800f1e0                USBH_Open_Channel
 .text.USBH_Modify_Channel
                0x0800f2d8       0x98 ./STM32_USB_HOST_Library/Core/src/usbh_hcs.o
                0x0800f2d8                USBH_Modify_Channel
 .text.USBH_Alloc_Channel
                0x0800f370       0x4c ./STM32_USB_HOST_Library/Core/src/usbh_hcs.o
                0x0800f370                USBH_Alloc_Channel
 .text.USBH_Free_Channel
                0x0800f3bc       0x44 ./STM32_USB_HOST_Library/Core/src/usbh_hcs.o
                0x0800f3bc                USBH_Free_Channel
 .text.USBH_DeAllocate_AllChannel
                0x0800f400       0x38 ./STM32_USB_HOST_Library/Core/src/usbh_hcs.o
                0x0800f400                USBH_DeAllocate_AllChannel
 .text.USBH_GetFreeChannel
                0x0800f438       0x48 ./STM32_USB_HOST_Library/Core/src/usbh_hcs.o
 .text.USBH_CtlReq
                0x0800f480       0x8c ./STM32_USB_HOST_Library/Core/src/usbh_ioreq.o
                0x0800f480                USBH_CtlReq
 .text.USBH_CtlSendSetup
                0x0800f50c       0x68 ./STM32_USB_HOST_Library/Core/src/usbh_ioreq.o
                0x0800f50c                USBH_CtlSendSetup
 .text.USBH_CtlSendData
                0x0800f574       0xac ./STM32_USB_HOST_Library/Core/src/usbh_ioreq.o
                0x0800f574                USBH_CtlSendData
 .text.USBH_CtlReceiveData
                0x0800f620       0x70 ./STM32_USB_HOST_Library/Core/src/usbh_ioreq.o
                0x0800f620                USBH_CtlReceiveData
 .text.USBH_BulkSendData
                0x0800f690       0x94 ./STM32_USB_HOST_Library/Core/src/usbh_ioreq.o
                0x0800f690                USBH_BulkSendData
 .text.USBH_BulkReceiveData
                0x0800f724       0x94 ./STM32_USB_HOST_Library/Core/src/usbh_ioreq.o
                0x0800f724                USBH_BulkReceiveData
 .text.USBH_SubmitSetupRequest
                0x0800f7b8       0x3c ./STM32_USB_HOST_Library/Core/src/usbh_ioreq.o
 .text.USBH_Get_DevDesc
                0x0800f7f4       0x54 ./STM32_USB_HOST_Library/Core/src/usbh_stdreq.o
                0x0800f7f4                USBH_Get_DevDesc
 .text.USBH_Get_CfgDesc
                0x0800f848       0x60 ./STM32_USB_HOST_Library/Core/src/usbh_stdreq.o
                0x0800f848                USBH_Get_CfgDesc
 .text.USBH_Get_StringDesc
                0x0800f8a8       0x58 ./STM32_USB_HOST_Library/Core/src/usbh_stdreq.o
                0x0800f8a8                USBH_Get_StringDesc
 .text.USBH_GetDescriptor
                0x0800f900       0x68 ./STM32_USB_HOST_Library/Core/src/usbh_stdreq.o
                0x0800f900                USBH_GetDescriptor
 .text.USBH_SetAddress
                0x0800f968       0x44 ./STM32_USB_HOST_Library/Core/src/usbh_stdreq.o
                0x0800f968                USBH_SetAddress
 .text.USBH_SetCfg
                0x0800f9ac       0x44 ./STM32_USB_HOST_Library/Core/src/usbh_stdreq.o
                0x0800f9ac                USBH_SetCfg
 .text.USBH_ClrFeature
                0x0800f9f0       0x78 ./STM32_USB_HOST_Library/Core/src/usbh_stdreq.o
                0x0800f9f0                USBH_ClrFeature
 .text.USBH_ParseDevDesc
                0x0800fa68       0xe0 ./STM32_USB_HOST_Library/Core/src/usbh_stdreq.o
 .text.USBH_ParseCfgDesc
                0x0800fb48      0x154 ./STM32_USB_HOST_Library/Core/src/usbh_stdreq.o
 .text.USBH_ParseInterfaceDesc
                0x0800fc9c       0x5c ./STM32_USB_HOST_Library/Core/src/usbh_stdreq.o
 .text.USBH_ParseEPDesc
                0x0800fcf8       0x58 ./STM32_USB_HOST_Library/Core/src/usbh_stdreq.o
 .text.USBH_ParseStringDesc
                0x0800fd50       0x64 ./STM32_USB_HOST_Library/Core/src/usbh_stdreq.o
 .text.USBH_GetNextDesc
                0x0800fdb4       0x34 ./STM32_USB_HOST_Library/Core/src/usbh_stdreq.o
 .text.USBH_MSC_Init
                0x0800fde8       0x58 ./STM32_USB_HOST_Library/Class/MSC/src/usbh_msc_bot.o
                0x0800fde8                USBH_MSC_Init
 .text.USBH_MSC_HandleBOTXfer
                0x0800fe40      0x3a0 ./STM32_USB_HOST_Library/Class/MSC/src/usbh_msc_bot.o
                0x0800fe40                USBH_MSC_HandleBOTXfer
 .text.USBH_MSC_BOT_Abort
                0x080101e0       0x74 ./STM32_USB_HOST_Library/Class/MSC/src/usbh_msc_bot.o
                0x080101e0                USBH_MSC_BOT_Abort
 .text.USBH_MSC_DecodeCSW
                0x08010254       0xa0 ./STM32_USB_HOST_Library/Class/MSC/src/usbh_msc_bot.o
                0x08010254                USBH_MSC_DecodeCSW
 .text.USBH_MSC_InterfaceInit
                0x080102f4      0x114 ./STM32_USB_HOST_Library/Class/MSC/src/usbh_msc_core.o
 .text.USBH_MSC_InterfaceDeInit
                0x08010408       0x64 ./STM32_USB_HOST_Library/Class/MSC/src/usbh_msc_core.o
 .text.USBH_MSC_ClassRequest
                0x0801046c       0x24 ./STM32_USB_HOST_Library/Class/MSC/src/usbh_msc_core.o
 .text.USBH_MSC_Handle
                0x08010490      0x238 ./STM32_USB_HOST_Library/Class/MSC/src/usbh_msc_core.o
 .text.USBH_MSC_BOTReset
                0x080106c8       0x40 ./STM32_USB_HOST_Library/Class/MSC/src/usbh_msc_core.o
 .text.USBH_MSC_GETMaxLUN
                0x08010708       0x44 ./STM32_USB_HOST_Library/Class/MSC/src/usbh_msc_core.o
 .text.USBH_MSC_ErrorHandle
                0x0801074c       0x58 ./STM32_USB_HOST_Library/Class/MSC/src/usbh_msc_core.o
                0x0801074c                USBH_MSC_ErrorHandle
 .text.disk_initialize
                0x080107a4       0x3c ./STM32_USB_HOST_Library/Class/MSC/src/usbh_msc_fatfs.o
                0x080107a4                disk_initialize
 .text.disk_status
                0x080107e0       0x28 ./STM32_USB_HOST_Library/Class/MSC/src/usbh_msc_fatfs.o
                0x080107e0                disk_status
 .text.disk_read
                0x08010808       0x98 ./STM32_USB_HOST_Library/Class/MSC/src/usbh_msc_fatfs.o
                0x08010808                disk_read
 .text.disk_write
                0x080108a0       0xa8 ./STM32_USB_HOST_Library/Class/MSC/src/usbh_msc_fatfs.o
                0x080108a0                disk_write
 .text.disk_ioctl
                0x08010948       0x94 ./STM32_USB_HOST_Library/Class/MSC/src/usbh_msc_fatfs.o
                0x08010948                disk_ioctl
 .text.USBH_MSC_TestUnitReady
                0x080109dc       0xdc ./STM32_USB_HOST_Library/Class/MSC/src/usbh_msc_scsi.o
                0x080109dc                USBH_MSC_TestUnitReady
 .text.USBH_MSC_ReadCapacity10
                0x08010ab8      0x120 ./STM32_USB_HOST_Library/Class/MSC/src/usbh_msc_scsi.o
                0x08010ab8                USBH_MSC_ReadCapacity10
 .text.USBH_MSC_ModeSense6
                0x08010bd8      0x100 ./STM32_USB_HOST_Library/Class/MSC/src/usbh_msc_scsi.o
                0x08010bd8                USBH_MSC_ModeSense6
 .text.USBH_MSC_RequestSense
                0x08010cd8      0x11c ./STM32_USB_HOST_Library/Class/MSC/src/usbh_msc_scsi.o
                0x08010cd8                USBH_MSC_RequestSense
 .text.USBH_MSC_Write10
                0x08010df4      0x100 ./STM32_USB_HOST_Library/Class/MSC/src/usbh_msc_scsi.o
                0x08010df4                USBH_MSC_Write10
 .text.USBH_MSC_Read10
                0x08010ef4      0x128 ./STM32_USB_HOST_Library/Class/MSC/src/usbh_msc_scsi.o
                0x08010ef4                USBH_MSC_Read10
 .text.NVIC_PriorityGroupConfig
                0x0801101c       0x24 ./STM32F4xx_StdPeriph_Driver/src/misc.o
                0x0801101c                NVIC_PriorityGroupConfig
 .text.NVIC_Init
                0x08011040       0xc0 ./STM32F4xx_StdPeriph_Driver/src/misc.o
                0x08011040                NVIC_Init
 .text.NVIC_SetVectorTable
                0x08011100       0x2c ./STM32F4xx_StdPeriph_Driver/src/misc.o
                0x08011100                NVIC_SetVectorTable
 .text.DAC_Init
                0x0801112c       0x64 ./STM32F4xx_StdPeriph_Driver/src/stm32f4xx_dac.o
                0x0801112c                DAC_Init
 .text.DAC_StructInit
                0x08011190       0x2c ./STM32F4xx_StdPeriph_Driver/src/stm32f4xx_dac.o
                0x08011190                DAC_StructInit
 .text.DAC_Cmd  0x080111bc       0x48 ./STM32F4xx_StdPeriph_Driver/src/stm32f4xx_dac.o
                0x080111bc                DAC_Cmd
 .text.DAC_DMACmd
                0x08011204       0x4c ./STM32F4xx_StdPeriph_Driver/src/stm32f4xx_dac.o
                0x08011204                DAC_DMACmd
 .text.DMA_Cmd  0x08011250       0x38 ./STM32F4xx_StdPeriph_Driver/src/stm32f4xx_dma.o
                0x08011250                DMA_Cmd
 .text.EXTI_Init
                0x08011288       0xe4 ./STM32F4xx_StdPeriph_Driver/src/stm32f4xx_exti.o
                0x08011288                EXTI_Init
 .text.EXTI_ClearITPendingBit
                0x0801136c       0x1c ./STM32F4xx_StdPeriph_Driver/src/stm32f4xx_exti.o
                0x0801136c                EXTI_ClearITPendingBit
 .text.GPIO_Init
                0x08011388      0x11c ./STM32F4xx_StdPeriph_Driver/src/stm32f4xx_gpio.o
                0x08011388                GPIO_Init
 .text.GPIO_StructInit
                0x080114a4       0x34 ./STM32F4xx_StdPeriph_Driver/src/stm32f4xx_gpio.o
                0x080114a4                GPIO_StructInit
 .text.GPIO_SetBits
                0x080114d8       0x1c ./STM32F4xx_StdPeriph_Driver/src/stm32f4xx_gpio.o
                0x080114d8                GPIO_SetBits
 .text.GPIO_ResetBits
                0x080114f4       0x1c ./STM32F4xx_StdPeriph_Driver/src/stm32f4xx_gpio.o
                0x080114f4                GPIO_ResetBits
 .text.GPIO_PinAFConfig
                0x08011510       0x90 ./STM32F4xx_StdPeriph_Driver/src/stm32f4xx_gpio.o
                0x08011510                GPIO_PinAFConfig
 .text.I2C_Init
                0x080115a0      0x184 ./STM32F4xx_StdPeriph_Driver/src/stm32f4xx_i2c.o
                0x080115a0                I2C_Init
 .text.I2C_Cmd  0x08011724       0x40 ./STM32F4xx_StdPeriph_Driver/src/stm32f4xx_i2c.o
                0x08011724                I2C_Cmd
 .text.I2C_GenerateSTART
                0x08011764       0x40 ./STM32F4xx_StdPeriph_Driver/src/stm32f4xx_i2c.o
                0x08011764                I2C_GenerateSTART
 .text.I2C_GenerateSTOP
                0x080117a4       0x40 ./STM32F4xx_StdPeriph_Driver/src/stm32f4xx_i2c.o
                0x080117a4                I2C_GenerateSTOP
 .text.I2C_Send7bitAddress
                0x080117e4       0x3c ./STM32F4xx_StdPeriph_Driver/src/stm32f4xx_i2c.o
                0x080117e4                I2C_Send7bitAddress
 .text.I2C_SendData
                0x08011820       0x20 ./STM32F4xx_StdPeriph_Driver/src/stm32f4xx_i2c.o
                0x08011820                I2C_SendData
 .text.I2C_CheckEvent
                0x08011840       0x60 ./STM32F4xx_StdPeriph_Driver/src/stm32f4xx_i2c.o
                0x08011840                I2C_CheckEvent
 .text.I2C_GetFlagStatus
                0x080118a0       0x64 ./STM32F4xx_StdPeriph_Driver/src/stm32f4xx_i2c.o
                0x080118a0                I2C_GetFlagStatus
 .text.PWR_BackupAccessCmd
                0x08011904       0x20 ./STM32F4xx_StdPeriph_Driver/src/stm32f4xx_pwr.o
                0x08011904                PWR_BackupAccessCmd
 .text.RCC_LSICmd
                0x08011924       0x20 ./STM32F4xx_StdPeriph_Driver/src/stm32f4xx_rcc.o
                0x08011924                RCC_LSICmd
 .text.RCC_GetClocksFreq
                0x08011944      0x154 ./STM32F4xx_StdPeriph_Driver/src/stm32f4xx_rcc.o
                0x08011944                RCC_GetClocksFreq
 .text.RCC_RTCCLKConfig
                0x08011a98       0x5c ./STM32F4xx_StdPeriph_Driver/src/stm32f4xx_rcc.o
                0x08011a98                RCC_RTCCLKConfig
 .text.RCC_RTCCLKCmd
                0x08011af4       0x20 ./STM32F4xx_StdPeriph_Driver/src/stm32f4xx_rcc.o
                0x08011af4                RCC_RTCCLKCmd
 .text.RCC_AHB1PeriphClockCmd
                0x08011b14       0x3c ./STM32F4xx_StdPeriph_Driver/src/stm32f4xx_rcc.o
                0x08011b14                RCC_AHB1PeriphClockCmd
 .text.RCC_AHB2PeriphClockCmd
                0x08011b50       0x3c ./STM32F4xx_StdPeriph_Driver/src/stm32f4xx_rcc.o
                0x08011b50                RCC_AHB2PeriphClockCmd
 .text.RCC_APB1PeriphClockCmd
                0x08011b8c       0x3c ./STM32F4xx_StdPeriph_Driver/src/stm32f4xx_rcc.o
                0x08011b8c                RCC_APB1PeriphClockCmd
 .text.RCC_APB2PeriphClockCmd
                0x08011bc8       0x3c ./STM32F4xx_StdPeriph_Driver/src/stm32f4xx_rcc.o
                0x08011bc8                RCC_APB2PeriphClockCmd
 .text.RCC_GetFlagStatus
                0x08011c04       0x74 ./STM32F4xx_StdPeriph_Driver/src/stm32f4xx_rcc.o
                0x08011c04                RCC_GetFlagStatus
 .text.RTC_Init
                0x08011c78       0x78 ./STM32F4xx_StdPeriph_Driver/src/stm32f4xx_rtc.o
                0x08011c78                RTC_Init
 .text.RTC_EnterInitMode
                0x08011cf0       0x70 ./STM32F4xx_StdPeriph_Driver/src/stm32f4xx_rtc.o
                0x08011cf0                RTC_EnterInitMode
 .text.RTC_ExitInitMode
                0x08011d60       0x1c ./STM32F4xx_StdPeriph_Driver/src/stm32f4xx_rtc.o
                0x08011d60                RTC_ExitInitMode
 .text.RTC_WaitForSynchro
                0x08011d7c       0x74 ./STM32F4xx_StdPeriph_Driver/src/stm32f4xx_rtc.o
                0x08011d7c                RTC_WaitForSynchro
 .text.RTC_SetTime
                0x08011df0      0x104 ./STM32F4xx_StdPeriph_Driver/src/stm32f4xx_rtc.o
                0x08011df0                RTC_SetTime
 .text.RTC_GetTime
                0x08011ef4       0xa4 ./STM32F4xx_StdPeriph_Driver/src/stm32f4xx_rtc.o
                0x08011ef4                RTC_GetTime
 .text.RTC_SetAlarm
                0x08011f98      0x138 ./STM32F4xx_StdPeriph_Driver/src/stm32f4xx_rtc.o
                0x08011f98                RTC_SetAlarm
 .text.RTC_AlarmCmd
                0x080120d0       0x98 ./STM32F4xx_StdPeriph_Driver/src/stm32f4xx_rtc.o
                0x080120d0                RTC_AlarmCmd
 .text.RTC_ITConfig
                0x08012168       0x78 ./STM32F4xx_StdPeriph_Driver/src/stm32f4xx_rtc.o
                0x08012168                RTC_ITConfig
 .text.RTC_ClearFlag
                0x080121e0       0x30 ./STM32F4xx_StdPeriph_Driver/src/stm32f4xx_rtc.o
                0x080121e0                RTC_ClearFlag
 .text.RTC_GetITStatus
                0x08012210       0x68 ./STM32F4xx_StdPeriph_Driver/src/stm32f4xx_rtc.o
                0x08012210                RTC_GetITStatus
 .text.RTC_ClearITPendingBit
                0x08012278       0x38 ./STM32F4xx_StdPeriph_Driver/src/stm32f4xx_rtc.o
                0x08012278                RTC_ClearITPendingBit
 .text.RTC_ByteToBcd2
                0x080122b0       0x38 ./STM32F4xx_StdPeriph_Driver/src/stm32f4xx_rtc.o
 .text.RTC_Bcd2ToByte
                0x080122e8       0x38 ./STM32F4xx_StdPeriph_Driver/src/stm32f4xx_rtc.o
 .text.TIM_TimeBaseInit
                0x08012320       0xd4 ./STM32F4xx_StdPeriph_Driver/src/stm32f4xx_tim.o
                0x08012320                TIM_TimeBaseInit
 .text.TIM_TimeBaseStructInit
                0x080123f4       0x34 ./STM32F4xx_StdPeriph_Driver/src/stm32f4xx_tim.o
                0x080123f4                TIM_TimeBaseStructInit
 .text.TIM_ARRPreloadConfig
                0x08012428       0x40 ./STM32F4xx_StdPeriph_Driver/src/stm32f4xx_tim.o
                0x08012428                TIM_ARRPreloadConfig
 .text.TIM_Cmd  0x08012468       0x40 ./STM32F4xx_StdPeriph_Driver/src/stm32f4xx_tim.o
                0x08012468                TIM_Cmd
 .text.TIM_ITConfig
                0x080124a8       0x48 ./STM32F4xx_StdPeriph_Driver/src/stm32f4xx_tim.o
                0x080124a8                TIM_ITConfig
 .text.TIM_GetITStatus
                0x080124f0       0x54 ./STM32F4xx_StdPeriph_Driver/src/stm32f4xx_tim.o
                0x080124f0                TIM_GetITStatus
 .text.TIM_ClearITPendingBit
                0x08012544       0x20 ./STM32F4xx_StdPeriph_Driver/src/stm32f4xx_tim.o
                0x08012544                TIM_ClearITPendingBit
 .text.TIM_SelectOutputTrigger
                0x08012564       0x38 ./STM32F4xx_StdPeriph_Driver/src/stm32f4xx_tim.o
                0x08012564                TIM_SelectOutputTrigger
 .text.memcpy   0x0801259c       0x16 c:/program files (x86)/gnu tools arm embedded/5.3 2016q1/bin/../lib/gcc/arm-none-eabi/5.3.1/../../../../arm-none-eabi/lib/armv7e-m\libg_nano.a(lib_a-memcpy-stub.o)
                0x0801259c                memcpy
 .text.memmove  0x080125b2       0x36 c:/program files (x86)/gnu tools arm embedded/5.3 2016q1/bin/../lib/gcc/arm-none-eabi/5.3.1/../../../../arm-none-eabi/lib/armv7e-m\libg_nano.a(lib_a-memmove.o)
                0x080125b2                memmove
 .text.sprintf  0x080125e8       0x48 c:/program files (x86)/gnu tools arm embedded/5.3 2016q1/bin/../lib/gcc/arm-none-eabi/5.3.1/../../../../arm-none-eabi/lib/armv7e-m\libg_nano.a(lib_a-sprintf.o)
                0x080125e8                siprintf
                0x080125e8                sprintf
 .text          0x08012630       0x14 c:/program files (x86)/gnu tools arm embedded/5.3 2016q1/bin/../lib/gcc/arm-none-eabi/5.3.1/../../../../arm-none-eabi/lib/armv7e-m\libg_nano.a(lib_a-strcmp.o)
                0x08012630                strcmp
 .text.strncmp  0x08012644       0x2a c:/program files (x86)/gnu tools arm embedded/5.3 2016q1/bin/../lib/gcc/arm-none-eabi/5.3.1/../../../../arm-none-eabi/lib/armv7e-m\libg_nano.a(lib_a-strncmp.o)
                0x08012644                strncmp
 .text.strrchr  0x0801266e       0x26 c:/program files (x86)/gnu tools arm embedded/5.3 2016q1/bin/../lib/gcc/arm-none-eabi/5.3.1/../../../../arm-none-eabi/lib/armv7e-m\libg_nano.a(lib_a-strrchr.o)
                0x0801266e                strrchr
 .text.__ssputs_r
                0x08012694       0xb2 c:/program files (x86)/gnu tools arm embedded/5.3 2016q1/bin/../lib/gcc/arm-none-eabi/5.3.1/../../../../arm-none-eabi/lib/armv7e-m\libg_nano.a(lib_a-nano-svfprintf.o)
                0x08012694                __ssputs_r
 *fill*         0x08012746        0x2 
 .text._svfprintf_r
                0x08012748      0x1e8 c:/program files (x86)/gnu tools arm embedded/5.3 2016q1/bin/../lib/gcc/arm-none-eabi/5.3.1/../../../../arm-none-eabi/lib/armv7e-m\libg_nano.a(lib_a-nano-svfprintf.o)
                0x08012748                _svfiprintf_r
                0x08012748                _svfprintf_r
 .text._printf_common
                0x08012930       0xec c:/program files (x86)/gnu tools arm embedded/5.3 2016q1/bin/../lib/gcc/arm-none-eabi/5.3.1/../../../../arm-none-eabi/lib/armv7e-m\libg_nano.a(lib_a-nano-vfprintf_i.o)
                0x08012930                _printf_common
 .text._printf_i
                0x08012a1c      0x24c c:/program files (x86)/gnu tools arm embedded/5.3 2016q1/bin/../lib/gcc/arm-none-eabi/5.3.1/../../../../arm-none-eabi/lib/armv7e-m\libg_nano.a(lib_a-nano-vfprintf_i.o)
                0x08012a1c                _printf_i
 .text.strchr   0x08012c68       0x1c c:/program files (x86)/gnu tools arm embedded/5.3 2016q1/bin/../lib/gcc/arm-none-eabi/5.3.1/../../../../arm-none-eabi/lib/armv7e-m\libg_nano.a(lib_a-strchr.o)
                0x08012c68                strchr
 *fill*         0x08012c84        0xc 
 .text          0x08012c90       0xa0 c:/program files (x86)/gnu tools arm embedded/5.3 2016q1/bin/../lib/gcc/arm-none-eabi/5.3.1/../../../../arm-none-eabi/lib/armv7e-m\libg_nano.a(lib_a-memchr.o)
                0x08012c90                memchr
 .text._free_r  0x08012d30       0x8c c:/program files (x86)/gnu tools arm embedded/5.3 2016q1/bin/../lib/gcc/arm-none-eabi/5.3.1/../../../../arm-none-eabi/lib/armv7e-m\libg_nano.a(lib_a-nano-freer.o)
                0x08012d30                _free_r
 .text._malloc_r
                0x08012dbc       0xa8 c:/program files (x86)/gnu tools arm embedded/5.3 2016q1/bin/../lib/gcc/arm-none-eabi/5.3.1/../../../../arm-none-eabi/lib/armv7e-m\libg_nano.a(lib_a-nano-mallocr.o)
                0x08012dbc                _malloc_r
 .text._realloc_r
                0x08012e64       0x4c c:/program files (x86)/gnu tools arm embedded/5.3 2016q1/bin/../lib/gcc/arm-none-eabi/5.3.1/../../../../arm-none-eabi/lib/armv7e-m\libg_nano.a(lib_a-nano-reallocr.o)
                0x08012e64                _realloc_r
 .text._malloc_usable_size_r
                0x08012eb0       0x14 c:/program files (x86)/gnu tools arm embedded/5.3 2016q1/bin/../lib/gcc/arm-none-eabi/5.3.1/../../../../arm-none-eabi/lib/armv7e-m\libg_nano.a(lib_a-nano-msizer.o)
                0x08012eb0                _malloc_usable_size_r
 *(.rodata .rodata.* .constdata .constdata.*)
 .rodata        0x08012ec4       0x21 ./src/audioMP3.o
 *fill*         0x08012ee5        0x3 
 .rodata.dcttab
                0x08012ee8       0xc0 ./helix/real/dct32.o
 .rodata.preTab
                0x08012fa8       0x16 ./helix/real/dqchan.o
 *fill*         0x08012fbe        0x2 
 .rodata.pow14  0x08012fc0       0x10 ./helix/real/dqchan.o
 .rodata.pow43_14
                0x08012fd0      0x100 ./helix/real/dqchan.o
 .rodata.pow43  0x080130d0       0xc0 ./helix/real/dqchan.o
 .rodata.poly43lo
                0x08013190       0x14 ./helix/real/dqchan.o
 .rodata.poly43hi
                0x080131a4       0x14 ./helix/real/dqchan.o
 .rodata.pow2exp
                0x080131b8       0x20 ./helix/real/dqchan.o
 .rodata.pow2frac
                0x080131d8       0x20 ./helix/real/dqchan.o
 .rodata.xmp3fixpt_huffTable
                0x080131f8     0x2124 ./helix/real/hufftabs.o
                0x080131f8                xmp3fixpt_huffTable
 .rodata.xmp3fixpt_huffTabOffset
                0x0801531c       0x80 ./helix/real/hufftabs.o
                0x0801531c                xmp3fixpt_huffTabOffset
 .rodata.xmp3fixpt_huffTabLookup
                0x0801539c      0x100 ./helix/real/hufftabs.o
                0x0801539c                xmp3fixpt_huffTabLookup
 .rodata.xmp3fixpt_quadTable
                0x0801549c       0x50 ./helix/real/hufftabs.o
                0x0801549c                xmp3fixpt_quadTable
 .rodata.xmp3fixpt_quadTabOffset
                0x080154ec        0x8 ./helix/real/hufftabs.o
                0x080154ec                xmp3fixpt_quadTabOffset
 .rodata.xmp3fixpt_quadTabMaxBits
                0x080154f4        0x8 ./helix/real/hufftabs.o
                0x080154f4                xmp3fixpt_quadTabMaxBits
 .rodata.c18    0x080154fc       0x24 ./helix/real/imdct.o
 .rodata.fastWin36
                0x08015520       0x48 ./helix/real/imdct.o
 .rodata.SFLenTab
                0x08015568       0x20 ./helix/real/scalfact.o
 .rodata.NRTab  0x08015588       0x48 ./helix/real/scalfact.o
 .rodata.xmp3fixpt_imdctWin
                0x080155d0      0x240 ./helix/real/trigtabs_fixpt.o
                0x080155d0                xmp3fixpt_imdctWin
 .rodata.xmp3fixpt_ISFMpeg1
                0x08015810       0x38 ./helix/real/trigtabs_fixpt.o
                0x08015810                xmp3fixpt_ISFMpeg1
 .rodata.xmp3fixpt_ISFMpeg2
                0x08015848      0x100 ./helix/real/trigtabs_fixpt.o
                0x08015848                xmp3fixpt_ISFMpeg2
 .rodata.xmp3fixpt_ISFIIP
                0x08015948       0x10 ./helix/real/trigtabs_fixpt.o
                0x08015948                xmp3fixpt_ISFIIP
 .rodata.xmp3fixpt_csa
                0x08015958       0x40 ./helix/real/trigtabs_fixpt.o
                0x08015958                xmp3fixpt_csa
 .rodata.xmp3fixpt_polyCoef
                0x08015998      0x420 ./helix/real/trigtabs_fixpt.o
                0x08015998                xmp3fixpt_polyCoef
 .rodata.xmp3fixpt_samplerateTab
                0x08015db8       0x24 ./helix/mp3tabs.o
                0x08015db8                xmp3fixpt_samplerateTab
 .rodata.xmp3fixpt_bitrateTab
                0x08015ddc      0x10e ./helix/mp3tabs.o
                0x08015ddc                xmp3fixpt_bitrateTab
 *fill*         0x08015eea        0x2 
 .rodata.xmp3fixpt_samplesPerFrameTab
                0x08015eec       0x12 ./helix/mp3tabs.o
                0x08015eec                xmp3fixpt_samplesPerFrameTab
 *fill*         0x08015efe        0x2 
 .rodata.xmp3fixpt_sideBytesTab
                0x08015f00        0xc ./helix/mp3tabs.o
                0x08015f00                xmp3fixpt_sideBytesTab
 .rodata.xmp3fixpt_slotTab
                0x08015f0c      0x10e ./helix/mp3tabs.o
                0x08015f0c                xmp3fixpt_slotTab
 *fill*         0x0801601a        0x2 
 .rodata.xmp3fixpt_sfBandTable
                0x0801601c      0x29a ./helix/mp3tabs.o
                0x0801601c                xmp3fixpt_sfBandTable
 *fill*         0x080162b6        0x2 
 .rodata        0x080162b8       0x34 ./fat_fs/src/ff.o
 .rodata.cvt.9202
                0x080162ec       0x80 ./fat_fs/src/ff.o
 .rodata        0x0801636c        0x4 ./STM32_USB_HOST_Library/Core/src/usbh_core.o
 .rodata.str1.1
                0x08016370        0x2 c:/program files (x86)/gnu tools arm embedded/5.3 2016q1/bin/../lib/gcc/arm-none-eabi/5.3.1/../../../../arm-none-eabi/lib/armv7e-m\libg_nano.a(lib_a-impure.o)
 .rodata.str1.1
                0x08016372       0x11 c:/program files (x86)/gnu tools arm embedded/5.3 2016q1/bin/../lib/gcc/arm-none-eabi/5.3.1/../../../../arm-none-eabi/lib/armv7e-m\libg_nano.a(lib_a-nano-svfprintf.o)
 .rodata.str1.1
                0x08016383       0x22 c:/program files (x86)/gnu tools arm embedded/5.3 2016q1/bin/../lib/gcc/arm-none-eabi/5.3.1/../../../../arm-none-eabi/lib/armv7e-m\libg_nano.a(lib_a-nano-vfprintf_i.o)
 *(vtable)
 *(.eh_frame*)
 *(.glue_7)
 .glue_7        0x080163a5        0x0 linker stubs
 *(.glue_7t)
 .glue_7t       0x080163a5        0x0 linker stubs

.vfp11_veneer   0x080163a8        0x0
 .vfp11_veneer  0x080163a8        0x0 linker stubs

.v4_bx          0x080163a8        0x0
 .v4_bx         0x080163a8        0x0 linker stubs

.iplt           0x080163a8        0x0
 .iplt          0x080163a8        0x0 ./src/Audio.o

.rel.dyn        0x080163a8        0x0
 .rel.iplt      0x080163a8        0x0 ./src/Audio.o

.ARM.extab
 *(.ARM.extab* .gnu.linkonce.armextab.*)
                0x080163a8                . = ALIGN (0x4)
                0x080163a8                __exidx_start = .

.ARM.exidx
 *(.ARM.exidx* .gnu.linkonce.armexidx.*)
                0x080163a8                __exidx_end = .
                0x080163a8                . = ALIGN (0x4)
                0x080163a8                _etext = .
                0x080163a8                __etext = .

.data_CCMRAM    0x10000000        0x0 load address 0x080163a8
 FILL mask 0xff
 *(.data.CCMRAM .data.CCMRAM.*)
                0x10000000                . = ALIGN (0x4)
                0x080163a8                _sidata = LOADADDR (.data)

.data           0x20000000       0xe0 load address 0x080163a8
 FILL mask 0xff
                0x20000000                _sdata = .
                0x20000000                __data_start__ = .
 *(.data_begin .data_begin.*)
 *(.data .data.*)
 .data.file_read_ptr.10366
                0x20000000        0x4 ./src/audioMP3.o
 .data.USR_Callbacks
                0x20000004       0x48 ./src/usbh_usr.o
                0x20000004                USR_Callbacks
 .data.USBH_DeviceConnStatus_cb
                0x2000004c        0xc ./STM32_USB_HOST_Library/Core/src/usbh_core.o
                0x2000004c                USBH_DeviceConnStatus_cb
 .data.USBH_MSC_cb
                0x20000058       0x10 ./STM32_USB_HOST_Library/Class/MSC/src/usbh_msc_core.o
                0x20000058                USBH_MSC_cb
 .data.Stat     0x20000068        0x1 ./STM32_USB_HOST_Library/Class/MSC/src/usbh_msc_fatfs.o
 .data.status.8928
                0x20000069        0x1 ./STM32_USB_HOST_Library/Class/MSC/src/usbh_msc_scsi.o
 *fill*         0x2000006a        0x2 ff
 .data.APBAHBPrescTable
                0x2000006c       0x10 ./STM32F4xx_StdPeriph_Driver/src/stm32f4xx_rcc.o
 .data.impure_data
                0x2000007c       0x60 c:/program files (x86)/gnu tools arm embedded/5.3 2016q1/bin/../lib/gcc/arm-none-eabi/5.3.1/../../../../arm-none-eabi/lib/armv7e-m\libg_nano.a(lib_a-impure.o)
 .data._impure_ptr
                0x200000dc        0x4 c:/program files (x86)/gnu tools arm embedded/5.3 2016q1/bin/../lib/gcc/arm-none-eabi/5.3.1/../../../../arm-none-eabi/lib/armv7e-m\libg_nano.a(lib_a-impure.o)
                0x200000dc                _impure_ptr
 *(.data_end .data_end.*)
                0x200000e0                . = ALIGN (0x4)
                0x200000e0                _edata = .
                0x200000e0                __data_end__ = .

.igot.plt       0x200000e0        0x0 load address 0x08016488
 .igot.plt      0x200000e0        0x0 ./src/Audio.o

.co_stack       0x200000e0      0x800 load address 0x08016488
 .co_stack      0x200000e0      0x800 ./cmsis_boot/startup_stm32f4xx.o
                0x200000e0                pulStack

.bss_CCMRAM     0x10000000        0x0
 *(.bss.CCMRAM .bss.CCMRAM.*)

.bss            0x200008e0    0x178c8
                0x200008e0                __bss_start__ = .
                0x200008e0                _sbss = .
 *(.bss_begin .bss_begin.*)
 *(.bss .bss.*)
 .bss.CallbackFunction
                0x200008e0        0x4 ./src/Audio.o
 .bss.CallbackContext
                0x200008e4        0x4 ./src/Audio.o
 .bss.NextBufferSamples
                0x200008e8        0x4 ./src/Audio.o
 .bss.NextBufferLength
                0x200008ec        0x4 ./src/Audio.o
 .bss.BufferNumber
                0x200008f0        0x4 ./src/Audio.o
 .bss.DMARunning
                0x200008f4        0x1 ./src/Audio.o
 *fill*         0x200008f5        0x3 
 .bss.snoozeMemory
                0x200008f8        0x4 ./src/audioMP3.o
                0x200008f8                snoozeMemory
 .bss.exitMp3   0x200008fc        0x4 ./src/audioMP3.o
                0x200008fc                exitMp3
 .bss.mp3PlayingFlag
                0x20000900        0x4 ./src/audioMP3.o
                0x20000900                mp3PlayingFlag
 .bss.enum_done
                0x20000904        0x4 ./src/audioMP3.o
                0x20000904                enum_done
 .bss.file_bytes.10367
                0x20000908        0x4 ./src/audioMP3.o
 .bss.file_read_buffer.10365
                0x2000090c      0x7d0 ./src/audioMP3.o
 .bss.audio_buffer0.10403
                0x200010dc     0x1200 ./src/audioMP3.o
 .bss.audio_buffer1.10404
                0x200022dc     0x1200 ./src/audioMP3.o
 .bss.counter   0x200034dc        0x4 ./src/main.o
                0x200034dc                counter
 .bss.interruptOccurred
                0x200034e0        0x4 ./src/main.o
                0x200034e0                interruptOccurred
 .bss.AlarmPmFlag
                0x200034e4        0x4 ./src/main.o
                0x200034e4                AlarmPmFlag
 .bss.TimePmFlag
                0x200034e8        0x4 ./src/main.o
                0x200034e8                TimePmFlag
 .bss.hour24Flag
                0x200034ec        0x4 ./src/main.o
                0x200034ec                hour24Flag
 .bss.debouncing
                0x200034f0        0x4 ./src/main.o
                0x200034f0                debouncing
 .bss.buttonState
                0x200034f4        0x4 ./src/main.o
                0x200034f4                buttonState
 .bss.buttonFlag
                0x200034f8        0x4 ./src/main.o
                0x200034f8                buttonFlag
 .bss.newState.10149
                0x200034fc        0x2 ./src/main.o
 .bss.oldState.10148
                0x200034fe        0x2 ./src/main.o
 .bss.heap_end.7810
                0x20003500        0x4 ./src/syscalls.o
 .bss.BSP_delay
                0x20003504        0x4 ./src/usb_bsp.o
                0x20003504                BSP_delay
 .bss.s_mp3DecInfo.5104
                0x20003508      0x7f0 ./helix/real/buffers.o
 .bss.s_fh.5105
                0x20003cf8       0x38 ./helix/real/buffers.o
 .bss.s_si.5106
                0x20003d30      0x148 ./helix/real/buffers.o
 .bss.s_sfi.5107
                0x20003e78      0x11c ./helix/real/buffers.o
 .bss.s_hi.5108
                0x20003f94     0x1210 ./helix/real/buffers.o
 .bss.s_di.5109
                0x200051a4      0x348 ./helix/real/buffers.o
 .bss.s_mi.5110
                0x200054ec     0x1b20 ./helix/real/buffers.o
 .bss.s_sbi.5111
                0x2000700c     0x2204 ./helix/real/buffers.o
 .bss.FatFs     0x20009210        0x4 ./fat_fs/src/ff.o
 .bss.Fsid      0x20009214        0x2 ./fat_fs/src/ff.o
 .bss.timeout.8814
                0x20009216        0x2 ./STM32_USB_HOST_Library/Core/src/usbh_core.o
 .bss.BOTStallErrorCount
                0x20009218        0x4 ./STM32_USB_HOST_Library/Class/MSC/src/usbh_msc_bot.o
 .bss.remainingDataLength.8875
                0x2000921c        0x4 ./STM32_USB_HOST_Library/Class/MSC/src/usbh_msc_bot.o
 .bss.datapointer.8876
                0x20009220        0x4 ./STM32_USB_HOST_Library/Class/MSC/src/usbh_msc_bot.o
 .bss.error_direction.8877
                0x20009224        0x1 ./STM32_USB_HOST_Library/Class/MSC/src/usbh_msc_bot.o
 .bss.MSCErrorCount
                0x20009225        0x1 ./STM32_USB_HOST_Library/Class/MSC/src/usbh_msc_core.o
                0x20009225                MSCErrorCount
 .bss.maxLunExceed.8900
                0x20009226        0x1 ./STM32_USB_HOST_Library/Class/MSC/src/usbh_msc_core.o
 *fill*         0x20009227        0x1 
 .bss.__malloc_sbrk_start
                0x20009228        0x4 c:/program files (x86)/gnu tools arm embedded/5.3 2016q1/bin/../lib/gcc/arm-none-eabi/5.3.1/../../../../arm-none-eabi/lib/armv7e-m\libg_nano.a(lib_a-nano-mallocr.o)
                0x20009228                __malloc_sbrk_start
 .bss.__malloc_free_list
                0x2000922c        0x4 c:/program files (x86)/gnu tools arm embedded/5.3 2016q1/bin/../lib/gcc/arm-none-eabi/5.3.1/../../../../arm-none-eabi/lib/armv7e-m\libg_nano.a(lib_a-nano-mallocr.o)
                0x2000922c                __malloc_free_list
 *(COMMON)
 COMMON         0x20009230       0x10 ./src/Audio.o
                0x20009230                ptrDOR
                0x20009234                ptr
                0x20009238                ptrSR
                0x2000923c                ptrTIM
 COMMON         0x20009240     0xe1fc ./src/audioMP3.o
                0x20009240                myclockTimeStruct
                0x20009244                audio_buffer_length
                0x20009274                audio_read_buffer
                0x20016a74                time_var1
                0x20016a78                file
                0x20016e9c                hMP3Decoder
                0x20016ea0                alarmMemory
                0x20016eb0                time_var2
                0x20016eb4                USB_OTG_Core
                0x20017364                buffer_write
                0x20017368                buffer_read
                0x2001736c                running_player
                0x20017370                AlarmStruct
                0x20017380                myclockInitTypeStruct
                0x2001738c                RCC_Clocks
                0x2001739c                USB_Host
                0x20017420                mp3FrameInfo
 COMMON         0x2001743c       0x40 ./src/main.o
                0x2001743c                I2C_InitStruct
                0x2001744c                TIM_InitStruct
                0x20017458                time
                0x20017468                NVIC_InitStructure
                0x2001746c                EXTI_InitStructure
                0x20017474                GPIOInitStruct
 COMMON         0x2001747c      0x888 ./src/usbh_usr.o
                0x2001747c                fileR
                0x200178a0                fno
                0x200178b8                dir
                0x200178d4                fatfs
 COMMON         0x20017d04       0x40 ./STM32_USB_HOST_Library/Class/MSC/src/usbh_msc_bot.o
                0x20017d04                USBH_MSC_CSWData
                0x20017d14                USBH_MSC_BOTXferParam
                0x20017d24                USBH_MSC_CBWData
 COMMON         0x20017d44       0x54 ./STM32_USB_HOST_Library/Class/MSC/src/usbh_msc_core.o
                0x20017d44                MSC_Machine
                0x20017d90                MSC_Setup
 COMMON         0x20017d98      0x410 ./STM32_USB_HOST_Library/Class/MSC/src/usbh_msc_scsi.o
                0x20017d98                USBH_DataInBuffer
                0x20017f98                USBH_MSC_Param
                0x20017fa8                USBH_DataOutBuffer
 *(.bss_end .bss_end.*)
                0x200181a8                . = ALIGN (0x4)
                0x200181a8                __bss_end__ = .
                0x200181a8                _ebss = .

.noinit_CCMRAM
 *(.noinit.CCMRAM .noinit.CCMRAM.*)

.noinit         0x200181a8        0x0
                0x200181a8                _noinit = .
 *(.noinit .noinit.*)
                0x200181a8                . = ALIGN (0x4)
                0x200181a8                _end_noinit = .
                [!provide]                PROVIDE (end, _end_noinit)
                0x200181a8                PROVIDE (_end, _end_noinit)
                [!provide]                PROVIDE (__end, _end_noinit)
                [!provide]                PROVIDE (__end__, _end_noinit)

._check_stack   0x200181a8      0x100
                0x200182a8                . = (. + _Minimum_Stack_Size)
 *fill*         0x200181a8      0x100 

.b1text
 *(.b1text)
 *(.b1rodata)
 *(.b1rodata.*)

.eb0text
 *(.eb0text)
 *(.eb0rodata)
 *(.eb0rodata.*)

.eb1text
 *(.eb1text)
 *(.eb1rodata)
 *(.eb1rodata.*)

.eb2text
 *(.eb2text)
 *(.eb2rodata)
 *(.eb2rodata.*)

.eb3text
 *(.eb3text)
 *(.eb3rodata)
 *(.eb3rodata.*)

.stab
 *(.stab)

.stabstr
 *(.stabstr)

.stab.excl
 *(.stab.excl)

.stab.exclstr
 *(.stab.exclstr)

.stab.index
 *(.stab.index)

.stab.indexstr
 *(.stab.indexstr)

.comment        0x00000000       0x6e
 *(.comment)
 .comment       0x00000000       0x6e ./src/Audio.o
                                 0x6f (size before relaxing)
 .comment       0x0000006e       0x6f ./src/audioMP3.o
 .comment       0x0000006e       0x6f ./src/main.o
 .comment       0x0000006e       0x6f ./src/stm32f4xx_it.o
 .comment       0x0000006e       0x6f ./src/syscalls.o
 .comment       0x0000006e       0x6f ./src/system_stm32f4xx.o
 .comment       0x0000006e       0x6f ./src/timeKeeping.o
 .comment       0x0000006e       0x6f ./src/usb_bsp.o
 .comment       0x0000006e       0x6f ./src/usbh_usr.o
 .comment       0x0000006e       0x6f ./helix/real/bitstream.o
 .comment       0x0000006e       0x6f ./helix/real/buffers.o
 .comment       0x0000006e       0x6f ./helix/real/dct32.o
 .comment       0x0000006e       0x6f ./helix/real/dequant.o
 .comment       0x0000006e       0x6f ./helix/real/dqchan.o
 .comment       0x0000006e       0x6f ./helix/real/huffman.o
 .comment       0x0000006e       0x6f ./helix/real/hufftabs.o
 .comment       0x0000006e       0x6f ./helix/real/imdct.o
 .comment       0x0000006e       0x6f ./helix/real/polyphase.o
 .comment       0x0000006e       0x6f ./helix/real/scalfact.o
 .comment       0x0000006e       0x6f ./helix/real/stproc.o
 .comment       0x0000006e       0x6f ./helix/real/subband.o
 .comment       0x0000006e       0x6f ./helix/real/trigtabs_fixpt.o
 .comment       0x0000006e       0x6f ./helix/mp3dec.o
 .comment       0x0000006e       0x6f ./helix/mp3tabs.o
 .comment       0x0000006e       0x6f ./fat_fs/src/fattime.o
 .comment       0x0000006e       0x6f ./fat_fs/src/ff.o
 .comment       0x0000006e       0x6f ./cmsis_boot/startup_stm32f4xx.o
 .comment       0x0000006e       0x6f ./STM32_USB_OTG_Driver/src/usb_core.o
 .comment       0x0000006e       0x6f ./STM32_USB_OTG_Driver/src/usb_hcd.o
 .comment       0x0000006e       0x6f ./STM32_USB_OTG_Driver/src/usb_hcd_int.o
 .comment       0x0000006e       0x6f ./STM32_USB_HOST_Library/Core/src/usbh_core.o
 .comment       0x0000006e       0x6f ./STM32_USB_HOST_Library/Core/src/usbh_hcs.o
 .comment       0x0000006e       0x6f ./STM32_USB_HOST_Library/Core/src/usbh_ioreq.o
 .comment       0x0000006e       0x6f ./STM32_USB_HOST_Library/Core/src/usbh_stdreq.o
 .comment       0x0000006e       0x6f ./STM32_USB_HOST_Library/Class/MSC/src/usbh_msc_bot.o
 .comment       0x0000006e       0x6f ./STM32_USB_HOST_Library/Class/MSC/src/usbh_msc_core.o
 .comment       0x0000006e       0x6f ./STM32_USB_HOST_Library/Class/MSC/src/usbh_msc_fatfs.o
 .comment       0x0000006e       0x6f ./STM32_USB_HOST_Library/Class/MSC/src/usbh_msc_scsi.o
 .comment       0x0000006e       0x6f ./STM32F4xx_StdPeriph_Driver/src/misc.o
 .comment       0x0000006e       0x6f ./STM32F4xx_StdPeriph_Driver/src/stm32f4xx_dac.o
 .comment       0x0000006e       0x6f ./STM32F4xx_StdPeriph_Driver/src/stm32f4xx_dma.o
 .comment       0x0000006e       0x6f ./STM32F4xx_StdPeriph_Driver/src/stm32f4xx_exti.o
 .comment       0x0000006e       0x6f ./STM32F4xx_StdPeriph_Driver/src/stm32f4xx_gpio.o
 .comment       0x0000006e       0x6f ./STM32F4xx_StdPeriph_Driver/src/stm32f4xx_i2c.o
 .comment       0x0000006e       0x6f ./STM32F4xx_StdPeriph_Driver/src/stm32f4xx_pwr.o
 .comment       0x0000006e       0x6f ./STM32F4xx_StdPeriph_Driver/src/stm32f4xx_rcc.o
 .comment       0x0000006e       0x6f ./STM32F4xx_StdPeriph_Driver/src/stm32f4xx_rtc.o
 .comment       0x0000006e       0x6f ./STM32F4xx_StdPeriph_Driver/src/stm32f4xx_tim.o

.ARM.attributes
                0x00000000       0x31
 .ARM.attributes
                0x00000000       0x33 ./src/Audio.o
 .ARM.attributes
                0x00000033       0x33 ./src/audioMP3.o
 .ARM.attributes
                0x00000066       0x33 ./src/main.o
 .ARM.attributes
                0x00000099       0x33 ./src/stm32f4xx_it.o
 .ARM.attributes
                0x000000cc       0x33 ./src/syscalls.o
 .ARM.attributes
                0x000000ff       0x33 ./src/system_stm32f4xx.o
 .ARM.attributes
                0x00000132       0x33 ./src/timeKeeping.o
 .ARM.attributes
                0x00000165       0x33 ./src/usb_bsp.o
 .ARM.attributes
                0x00000198       0x33 ./src/usbh_usr.o
 .ARM.attributes
                0x000001cb       0x33 ./helix/real/bitstream.o
 .ARM.attributes
                0x000001fe       0x33 ./helix/real/buffers.o
 .ARM.attributes
                0x00000231       0x33 ./helix/real/dct32.o
 .ARM.attributes
                0x00000264       0x33 ./helix/real/dequant.o
 .ARM.attributes
                0x00000297       0x33 ./helix/real/dqchan.o
 .ARM.attributes
                0x000002ca       0x33 ./helix/real/huffman.o
 .ARM.attributes
                0x000002fd       0x33 ./helix/real/hufftabs.o
 .ARM.attributes
                0x00000330       0x33 ./helix/real/imdct.o
 .ARM.attributes
                0x00000363       0x33 ./helix/real/polyphase.o
 .ARM.attributes
                0x00000396       0x33 ./helix/real/scalfact.o
 .ARM.attributes
                0x000003c9       0x33 ./helix/real/stproc.o
 .ARM.attributes
                0x000003fc       0x33 ./helix/real/subband.o
 .ARM.attributes
                0x0000042f       0x33 ./helix/real/trigtabs_fixpt.o
 .ARM.attributes
                0x00000462       0x33 ./helix/mp3dec.o
 .ARM.attributes
                0x00000495       0x33 ./helix/mp3tabs.o
 .ARM.attributes
                0x000004c8       0x33 ./fat_fs/src/fattime.o
 .ARM.attributes
                0x000004fb       0x33 ./fat_fs/src/ff.o
 .ARM.attributes
                0x0000052e       0x33 ./cmsis_boot/startup_stm32f4xx.o
 .ARM.attributes
                0x00000561       0x33 ./STM32_USB_OTG_Driver/src/usb_core.o
 .ARM.attributes
                0x00000594       0x33 ./STM32_USB_OTG_Driver/src/usb_hcd.o
 .ARM.attributes
                0x000005c7       0x33 ./STM32_USB_OTG_Driver/src/usb_hcd_int.o
 .ARM.attributes
                0x000005fa       0x33 ./STM32_USB_HOST_Library/Core/src/usbh_core.o
 .ARM.attributes
                0x0000062d       0x33 ./STM32_USB_HOST_Library/Core/src/usbh_hcs.o
 .ARM.attributes
                0x00000660       0x33 ./STM32_USB_HOST_Library/Core/src/usbh_ioreq.o
 .ARM.attributes
                0x00000693       0x33 ./STM32_USB_HOST_Library/Core/src/usbh_stdreq.o
 .ARM.attributes
                0x000006c6       0x33 ./STM32_USB_HOST_Library/Class/MSC/src/usbh_msc_bot.o
 .ARM.attributes
                0x000006f9       0x33 ./STM32_USB_HOST_Library/Class/MSC/src/usbh_msc_core.o
 .ARM.attributes
                0x0000072c       0x33 ./STM32_USB_HOST_Library/Class/MSC/src/usbh_msc_fatfs.o
 .ARM.attributes
                0x0000075f       0x33 ./STM32_USB_HOST_Library/Class/MSC/src/usbh_msc_scsi.o
 .ARM.attributes
                0x00000792       0x33 ./STM32F4xx_StdPeriph_Driver/src/misc.o
 .ARM.attributes
                0x000007c5       0x33 ./STM32F4xx_StdPeriph_Driver/src/stm32f4xx_dac.o
 .ARM.attributes
                0x000007f8       0x33 ./STM32F4xx_StdPeriph_Driver/src/stm32f4xx_dma.o
 .ARM.attributes
                0x0000082b       0x33 ./STM32F4xx_StdPeriph_Driver/src/stm32f4xx_exti.o
 .ARM.attributes
                0x0000085e       0x33 ./STM32F4xx_StdPeriph_Driver/src/stm32f4xx_gpio.o
 .ARM.attributes
                0x00000891       0x33 ./STM32F4xx_StdPeriph_Driver/src/stm32f4xx_i2c.o
 .ARM.attributes
                0x000008c4       0x33 ./STM32F4xx_StdPeriph_Driver/src/stm32f4xx_pwr.o
 .ARM.attributes
                0x000008f7       0x33 ./STM32F4xx_StdPeriph_Driver/src/stm32f4xx_rcc.o
 .ARM.attributes
                0x0000092a       0x33 ./STM32F4xx_StdPeriph_Driver/src/stm32f4xx_rtc.o
 .ARM.attributes
                0x0000095d       0x33 ./STM32F4xx_StdPeriph_Driver/src/stm32f4xx_tim.o
 .ARM.attributes
                0x00000990       0x2e c:/program files (x86)/gnu tools arm embedded/5.3 2016q1/bin/../lib/gcc/arm-none-eabi/5.3.1/../../../../arm-none-eabi/lib/armv7e-m\libg_nano.a(lib_a-memcpy-stub.o)
 .ARM.attributes
                0x000009be       0x2e c:/program files (x86)/gnu tools arm embedded/5.3 2016q1/bin/../lib/gcc/arm-none-eabi/5.3.1/../../../../arm-none-eabi/lib/armv7e-m\libg_nano.a(lib_a-memmove.o)
 .ARM.attributes
                0x000009ec       0x2e c:/program files (x86)/gnu tools arm embedded/5.3 2016q1/bin/../lib/gcc/arm-none-eabi/5.3.1/../../../../arm-none-eabi/lib/armv7e-m\libg_nano.a(lib_a-sprintf.o)
 .ARM.attributes
                0x00000a1a       0x1c c:/program files (x86)/gnu tools arm embedded/5.3 2016q1/bin/../lib/gcc/arm-none-eabi/5.3.1/../../../../arm-none-eabi/lib/armv7e-m\libg_nano.a(lib_a-strcmp.o)
 .ARM.attributes
                0x00000a36       0x2e c:/program files (x86)/gnu tools arm embedded/5.3 2016q1/bin/../lib/gcc/arm-none-eabi/5.3.1/../../../../arm-none-eabi/lib/armv7e-m\libg_nano.a(lib_a-strncmp.o)
 .ARM.attributes
                0x00000a64       0x2e c:/program files (x86)/gnu tools arm embedded/5.3 2016q1/bin/../lib/gcc/arm-none-eabi/5.3.1/../../../../arm-none-eabi/lib/armv7e-m\libg_nano.a(lib_a-strrchr.o)
 .ARM.attributes
                0x00000a92       0x2e c:/program files (x86)/gnu tools arm embedded/5.3 2016q1/bin/../lib/gcc/arm-none-eabi/5.3.1/../../../../arm-none-eabi/lib/armv7e-m\libg_nano.a(lib_a-impure.o)
 .ARM.attributes
                0x00000ac0       0x2e c:/program files (x86)/gnu tools arm embedded/5.3 2016q1/bin/../lib/gcc/arm-none-eabi/5.3.1/../../../../arm-none-eabi/lib/armv7e-m\libg_nano.a(lib_a-nano-svfprintf.o)
 .ARM.attributes
                0x00000aee       0x2e c:/program files (x86)/gnu tools arm embedded/5.3 2016q1/bin/../lib/gcc/arm-none-eabi/5.3.1/../../../../arm-none-eabi/lib/armv7e-m\libg_nano.a(lib_a-nano-vfprintf_i.o)
 .ARM.attributes
                0x00000b1c       0x2e c:/program files (x86)/gnu tools arm embedded/5.3 2016q1/bin/../lib/gcc/arm-none-eabi/5.3.1/../../../../arm-none-eabi/lib/armv7e-m\libg_nano.a(lib_a-strchr.o)
 .ARM.attributes
                0x00000b4a       0x1c c:/program files (x86)/gnu tools arm embedded/5.3 2016q1/bin/../lib/gcc/arm-none-eabi/5.3.1/../../../../arm-none-eabi/lib/armv7e-m\libg_nano.a(lib_a-memchr.o)
 .ARM.attributes
                0x00000b66       0x2e c:/program files (x86)/gnu tools arm embedded/5.3 2016q1/bin/../lib/gcc/arm-none-eabi/5.3.1/../../../../arm-none-eabi/lib/armv7e-m\libg_nano.a(lib_a-nano-freer.o)
 .ARM.attributes
                0x00000b94       0x2e c:/program files (x86)/gnu tools arm embedded/5.3 2016q1/bin/../lib/gcc/arm-none-eabi/5.3.1/../../../../arm-none-eabi/lib/armv7e-m\libg_nano.a(lib_a-nano-mallocr.o)
 .ARM.attributes
                0x00000bc2       0x2e c:/program files (x86)/gnu tools arm embedded/5.3 2016q1/bin/../lib/gcc/arm-none-eabi/5.3.1/../../../../arm-none-eabi/lib/armv7e-m\libg_nano.a(lib_a-nano-reallocr.o)
 .ARM.attributes
                0x00000bf0       0x2e c:/program files (x86)/gnu tools arm embedded/5.3 2016q1/bin/../lib/gcc/arm-none-eabi/5.3.1/../../../../arm-none-eabi/lib/armv7e-m\libg_nano.a(lib_a-nano-msizer.o)

.debug
 *(.debug)

.line
 *(.line)

.debug_srcinfo
 *(.debug_srcinfo)

.debug_sfnames
 *(.debug_sfnames)

.debug_aranges  0x00000000     0x17a8
 *(.debug_aranges)
 .debug_aranges
                0x00000000       0xb8 ./src/Audio.o
 .debug_aranges
                0x000000b8       0x80 ./src/audioMP3.o
 .debug_aranges
                0x00000138       0x70 ./src/main.o
 .debug_aranges
                0x000001a8       0x80 ./src/stm32f4xx_it.o
 .debug_aranges
                0x00000228       0x58 ./src/syscalls.o
 .debug_aranges
                0x00000280       0x30 ./src/system_stm32f4xx.o
 .debug_aranges
                0x000002b0       0x38 ./src/timeKeeping.o
 .debug_aranges
                0x000002e8       0x70 ./src/usb_bsp.o
 .debug_aranges
                0x00000358       0xa8 ./src/usbh_usr.o
 .debug_aranges
                0x00000400       0x50 ./helix/real/bitstream.o
 .debug_aranges
                0x00000450       0x30 ./helix/real/buffers.o
 .debug_aranges
                0x00000480       0x28 ./helix/real/dct32.o
 .debug_aranges
                0x000004a8       0x28 ./helix/real/dequant.o
 .debug_aranges
                0x000004d0       0x38 ./helix/real/dqchan.o
 .debug_aranges
                0x00000508       0x30 ./helix/real/huffman.o
 .debug_aranges
                0x00000538       0x18 ./helix/real/hufftabs.o
 .debug_aranges
                0x00000550       0x78 ./helix/real/imdct.o
 .debug_aranges
                0x000005c8       0x40 ./helix/real/polyphase.o
 .debug_aranges
                0x00000608       0x30 ./helix/real/scalfact.o
 .debug_aranges
                0x00000638       0x40 ./helix/real/stproc.o
 .debug_aranges
                0x00000678       0x20 ./helix/real/subband.o
 .debug_aranges
                0x00000698       0x18 ./helix/real/trigtabs_fixpt.o
 .debug_aranges
                0x000006b0       0x58 ./helix/mp3dec.o
 .debug_aranges
                0x00000708       0x18 ./helix/mp3tabs.o
 .debug_aranges
                0x00000720       0x20 ./fat_fs/src/fattime.o
 .debug_aranges
                0x00000740      0x180 ./fat_fs/src/ff.o
 .debug_aranges
                0x000008c0       0x28 ./cmsis_boot/startup_stm32f4xx.o
 .debug_aranges
                0x000008e8      0x100 ./STM32_USB_OTG_Driver/src/usb_core.o
 .debug_aranges
                0x000009e8       0x68 ./STM32_USB_OTG_Driver/src/usb_hcd.o
 .debug_aranges
                0x00000a50       0x70 ./STM32_USB_OTG_Driver/src/usb_hcd_int.o
 .debug_aranges
                0x00000ac0       0x58 ./STM32_USB_HOST_Library/Core/src/usbh_core.o
 .debug_aranges
                0x00000b18       0x48 ./STM32_USB_HOST_Library/Core/src/usbh_hcs.o
 .debug_aranges
                0x00000b60       0x60 ./STM32_USB_HOST_Library/Core/src/usbh_ioreq.o
 .debug_aranges
                0x00000bc0       0x80 ./STM32_USB_HOST_Library/Core/src/usbh_stdreq.o
 .debug_aranges
                0x00000c40       0x38 ./STM32_USB_HOST_Library/Class/MSC/src/usbh_msc_bot.o
 .debug_aranges
                0x00000c78       0x50 ./STM32_USB_HOST_Library/Class/MSC/src/usbh_msc_core.o
 .debug_aranges
                0x00000cc8       0x40 ./STM32_USB_HOST_Library/Class/MSC/src/usbh_msc_fatfs.o
 .debug_aranges
                0x00000d08       0x48 ./STM32_USB_HOST_Library/Class/MSC/src/usbh_msc_scsi.o
 .debug_aranges
                0x00000d50       0x40 ./STM32F4xx_StdPeriph_Driver/src/misc.o
 .debug_aranges
                0x00000d90       0xa0 ./STM32F4xx_StdPeriph_Driver/src/stm32f4xx_dac.o
 .debug_aranges
                0x00000e30       0xb0 ./STM32F4xx_StdPeriph_Driver/src/stm32f4xx_dma.o
 .debug_aranges
                0x00000ee0       0x58 ./STM32F4xx_StdPeriph_Driver/src/stm32f4xx_exti.o
 .debug_aranges
                0x00000f38       0x88 ./STM32F4xx_StdPeriph_Driver/src/stm32f4xx_gpio.o
 .debug_aranges
                0x00000fc0      0x120 ./STM32F4xx_StdPeriph_Driver/src/stm32f4xx_i2c.o
 .debug_aranges
                0x000010e0       0x78 ./STM32F4xx_StdPeriph_Driver/src/stm32f4xx_pwr.o
 .debug_aranges
                0x00001158      0x178 ./STM32F4xx_StdPeriph_Driver/src/stm32f4xx_rcc.o
 .debug_aranges
                0x000012d0      0x1e0 ./STM32F4xx_StdPeriph_Driver/src/stm32f4xx_rtc.o
 .debug_aranges
                0x000014b0      0x2f8 ./STM32F4xx_StdPeriph_Driver/src/stm32f4xx_tim.o

.debug_pubnames
 *(.debug_pubnames)

.debug_info     0x00000000    0x254af
 *(.debug_info .gnu.linkonce.wi.*)